<?xml version="1.0"?>
<link_info>
   <banner>TI ARM Linker PC v16.9.6.LTS</banner>
   <copyright>Copyright (c) 1996-2017 Texas Instruments Incorporated</copyright>
   <link_time>0x69ca3c04</link_time>
   <link_errors>0x0</link_errors>
   <output_file>Lab5_UARTComms.out</output_file>
   <entry_point>
      <name>_c_int00</name>
      <address>0x31e1</address>
   </entry_point>
   <input_file_list>
      <input_file id="fl-2">
         <path>.\</path>
         <kind>object</kind>
         <file>ADC14.obj</file>
         <name>ADC14.obj</name>
      </input_file>
      <input_file id="fl-3">
         <path>.\</path>
         <kind>object</kind>
         <file>BumpInt.obj</file>
         <name>BumpInt.obj</name>
      </input_file>
      <input_file id="fl-4">
         <path>.\</path>
         <kind>object</kind>
         <file>Clock.obj</file>
         <name>Clock.obj</name>
      </input_file>
      <input_file id="fl-5">
         <path>.\</path>
         <kind>object</kind>
         <file>CortexM.obj</file>
         <name>CortexM.obj</name>
      </input_file>
      <input_file id="fl-6">
         <path>.\</path>
         <kind>object</kind>
         <file>EUSCIA0.obj</file>
         <name>EUSCIA0.obj</name>
      </input_file>
      <input_file id="fl-7">
         <path>.\</path>
         <kind>object</kind>
         <file>FIFO0.obj</file>
         <name>FIFO0.obj</name>
      </input_file>
      <input_file id="fl-8">
         <path>.\</path>
         <kind>object</kind>
         <file>IRDistance.obj</file>
         <name>IRDistance.obj</name>
      </input_file>
      <input_file id="fl-9">
         <path>.\</path>
         <kind>object</kind>
         <file>LPF.obj</file>
         <name>LPF.obj</name>
      </input_file>
      <input_file id="fl-a">
         <path>.\</path>
         <kind>object</kind>
         <file>Lab5_main.obj</file>
         <name>Lab5_main.obj</name>
      </input_file>
      <input_file id="fl-b">
         <path>.\</path>
         <kind>object</kind>
         <file>LaunchPad.obj</file>
         <name>LaunchPad.obj</name>
      </input_file>
      <input_file id="fl-c">
         <path>.\</path>
         <kind>object</kind>
         <file>Motor.obj</file>
         <name>Motor.obj</name>
      </input_file>
      <input_file id="fl-d">
         <path>.\</path>
         <kind>object</kind>
         <file>PWM.obj</file>
         <name>PWM.obj</name>
      </input_file>
      <input_file id="fl-e">
         <path>.\</path>
         <kind>object</kind>
         <file>Reflectance.obj</file>
         <name>Reflectance.obj</name>
      </input_file>
      <input_file id="fl-f">
         <path>.\</path>
         <kind>object</kind>
         <file>SysTickInts.obj</file>
         <name>SysTickInts.obj</name>
      </input_file>
      <input_file id="fl-10">
         <path>.\</path>
         <kind>object</kind>
         <file>TA3InputCapture.obj</file>
         <name>TA3InputCapture.obj</name>
      </input_file>
      <input_file id="fl-11">
         <path>.\</path>
         <kind>object</kind>
         <file>Tachometer.obj</file>
         <name>Tachometer.obj</name>
      </input_file>
      <input_file id="fl-12">
         <path>.\</path>
         <kind>object</kind>
         <file>TimerA1.obj</file>
         <name>TimerA1.obj</name>
      </input_file>
      <input_file id="fl-13">
         <path>.\</path>
         <kind>object</kind>
         <file>UART0.obj</file>
         <name>UART0.obj</name>
      </input_file>
      <input_file id="fl-14">
         <path>.\</path>
         <kind>object</kind>
         <file>startup_msp432p401r_ccs.obj</file>
         <name>startup_msp432p401r_ccs.obj</name>
      </input_file>
      <input_file id="fl-15">
         <path>.\</path>
         <kind>object</kind>
         <file>system_msp432p401r.obj</file>
         <name>system_msp432p401r.obj</name>
      </input_file>
      <input_file id="fl-19">
         <kind>object</kind>
         <file>&lt;internal&gt;</file>
         <name>&lt;internal&gt;</name>
      </input_file>
      <input_file id="fl-cf">
         <path>C:\ti\ccsv7\tools\compiler\ti-cgt-arm_16.9.6.LTS\lib\</path>
         <kind>archive</kind>
         <file>rtsv7M4_T_le_v4SPD16_eabi.lib</file>
         <name>add_device.obj</name>
      </input_file>
      <input_file id="fl-d0">
         <path>C:\ti\ccsv7\tools\compiler\ti-cgt-arm_16.9.6.LTS\lib\</path>
         <kind>archive</kind>
         <file>rtsv7M4_T_le_v4SPD16_eabi.lib</file>
         <name>boot.obj</name>
      </input_file>
      <input_file id="fl-d1">
         <path>C:\ti\ccsv7\tools\compiler\ti-cgt-arm_16.9.6.LTS\lib\</path>
         <kind>archive</kind>
         <file>rtsv7M4_T_le_v4SPD16_eabi.lib</file>
         <name>copy_decompress_lzss.obj</name>
      </input_file>
      <input_file id="fl-d2">
         <path>C:\ti\ccsv7\tools\compiler\ti-cgt-arm_16.9.6.LTS\lib\</path>
         <kind>archive</kind>
         <file>rtsv7M4_T_le_v4SPD16_eabi.lib</file>
         <name>copy_decompress_none.obj</name>
      </input_file>
      <input_file id="fl-d3">
         <path>C:\ti\ccsv7\tools\compiler\ti-cgt-arm_16.9.6.LTS\lib\</path>
         <kind>archive</kind>
         <file>rtsv7M4_T_le_v4SPD16_eabi.lib</file>
         <name>copy_zero_init.obj</name>
      </input_file>
      <input_file id="fl-d4">
         <path>C:\ti\ccsv7\tools\compiler\ti-cgt-arm_16.9.6.LTS\lib\</path>
         <kind>archive</kind>
         <file>rtsv7M4_T_le_v4SPD16_eabi.lib</file>
         <name>defs.obj</name>
      </input_file>
      <input_file id="fl-d5">
         <path>C:\ti\ccsv7\tools\compiler\ti-cgt-arm_16.9.6.LTS\lib\</path>
         <kind>archive</kind>
         <file>rtsv7M4_T_le_v4SPD16_eabi.lib</file>
         <name>exit.obj</name>
      </input_file>
      <input_file id="fl-d6">
         <path>C:\ti\ccsv7\tools\compiler\ti-cgt-arm_16.9.6.LTS\lib\</path>
         <kind>archive</kind>
         <file>rtsv7M4_T_le_v4SPD16_eabi.lib</file>
         <name>fd_add_t2.obj</name>
      </input_file>
      <input_file id="fl-d7">
         <path>C:\ti\ccsv7\tools\compiler\ti-cgt-arm_16.9.6.LTS\lib\</path>
         <kind>archive</kind>
         <file>rtsv7M4_T_le_v4SPD16_eabi.lib</file>
         <name>fd_div_t2.obj</name>
      </input_file>
      <input_file id="fl-d8">
         <path>C:\ti\ccsv7\tools\compiler\ti-cgt-arm_16.9.6.LTS\lib\</path>
         <kind>archive</kind>
         <file>rtsv7M4_T_le_v4SPD16_eabi.lib</file>
         <name>fd_tou_t2.obj</name>
      </input_file>
      <input_file id="fl-d9">
         <path>C:\ti\ccsv7\tools\compiler\ti-cgt-arm_16.9.6.LTS\lib\</path>
         <kind>archive</kind>
         <file>rtsv7M4_T_le_v4SPD16_eabi.lib</file>
         <name>fopen.obj</name>
      </input_file>
      <input_file id="fl-da">
         <path>C:\ti\ccsv7\tools\compiler\ti-cgt-arm_16.9.6.LTS\lib\</path>
         <kind>archive</kind>
         <file>rtsv7M4_T_le_v4SPD16_eabi.lib</file>
         <name>getdevice.obj</name>
      </input_file>
      <input_file id="fl-db">
         <path>C:\ti\ccsv7\tools\compiler\ti-cgt-arm_16.9.6.LTS\lib\</path>
         <kind>archive</kind>
         <file>rtsv7M4_T_le_v4SPD16_eabi.lib</file>
         <name>i_tofd_t2.obj</name>
      </input_file>
      <input_file id="fl-dc">
         <path>C:\ti\ccsv7\tools\compiler\ti-cgt-arm_16.9.6.LTS\lib\</path>
         <kind>archive</kind>
         <file>rtsv7M4_T_le_v4SPD16_eabi.lib</file>
         <name>memcpy_t2.obj</name>
      </input_file>
      <input_file id="fl-dd">
         <path>C:\ti\ccsv7\tools\compiler\ti-cgt-arm_16.9.6.LTS\lib\</path>
         <kind>archive</kind>
         <file>rtsv7M4_T_le_v4SPD16_eabi.lib</file>
         <name>memset_t2.obj</name>
      </input_file>
      <input_file id="fl-de">
         <path>C:\ti\ccsv7\tools\compiler\ti-cgt-arm_16.9.6.LTS\lib\</path>
         <kind>archive</kind>
         <file>rtsv7M4_T_le_v4SPD16_eabi.lib</file>
         <name>mpu_init.obj</name>
      </input_file>
      <input_file id="fl-df">
         <path>C:\ti\ccsv7\tools\compiler\ti-cgt-arm_16.9.6.LTS\lib\</path>
         <kind>archive</kind>
         <file>rtsv7M4_T_le_v4SPD16_eabi.lib</file>
         <name>open.obj</name>
      </input_file>
      <input_file id="fl-e0">
         <path>C:\ti\ccsv7\tools\compiler\ti-cgt-arm_16.9.6.LTS\lib\</path>
         <kind>archive</kind>
         <file>rtsv7M4_T_le_v4SPD16_eabi.lib</file>
         <name>pre_init.obj</name>
      </input_file>
      <input_file id="fl-e1">
         <path>C:\ti\ccsv7\tools\compiler\ti-cgt-arm_16.9.6.LTS\lib\</path>
         <kind>archive</kind>
         <file>rtsv7M4_T_le_v4SPD16_eabi.lib</file>
         <name>setvbuf.obj</name>
      </input_file>
      <input_file id="fl-e2">
         <path>C:\ti\ccsv7\tools\compiler\ti-cgt-arm_16.9.6.LTS\lib\</path>
         <kind>archive</kind>
         <file>rtsv7M4_T_le_v4SPD16_eabi.lib</file>
         <name>stkdepth_vars.obj</name>
      </input_file>
      <input_file id="fl-e3">
         <path>C:\ti\ccsv7\tools\compiler\ti-cgt-arm_16.9.6.LTS\lib\</path>
         <kind>archive</kind>
         <file>rtsv7M4_T_le_v4SPD16_eabi.lib</file>
         <name>strchr.obj</name>
      </input_file>
      <input_file id="fl-e4">
         <path>C:\ti\ccsv7\tools\compiler\ti-cgt-arm_16.9.6.LTS\lib\</path>
         <kind>archive</kind>
         <file>rtsv7M4_T_le_v4SPD16_eabi.lib</file>
         <name>strcmp.obj</name>
      </input_file>
      <input_file id="fl-e5">
         <path>C:\ti\ccsv7\tools\compiler\ti-cgt-arm_16.9.6.LTS\lib\</path>
         <kind>archive</kind>
         <file>rtsv7M4_T_le_v4SPD16_eabi.lib</file>
         <name>strncpy.obj</name>
      </input_file>
      <input_file id="fl-e6">
         <path>C:\ti\ccsv7\tools\compiler\ti-cgt-arm_16.9.6.LTS\lib\</path>
         <kind>archive</kind>
         <file>rtsv7M4_T_le_v4SPD16_eabi.lib</file>
         <name>write.obj</name>
      </input_file>
      <input_file id="fl-e7">
         <path>C:\ti\ccsv7\tools\compiler\ti-cgt-arm_16.9.6.LTS\lib\</path>
         <kind>archive</kind>
         <file>rtsv7M4_T_le_v4SPD16_eabi.lib</file>
         <name>_lock.obj</name>
      </input_file>
      <input_file id="fl-e8">
         <path>C:\ti\ccsv7\tools\compiler\ti-cgt-arm_16.9.6.LTS\lib\</path>
         <kind>archive</kind>
         <file>rtsv7M4_T_le_v4SPD16_eabi.lib</file>
         <name>args_main.obj</name>
      </input_file>
      <input_file id="fl-e9">
         <path>C:\ti\ccsv7\tools\compiler\ti-cgt-arm_16.9.6.LTS\lib\</path>
         <kind>archive</kind>
         <file>rtsv7M4_T_le_v4SPD16_eabi.lib</file>
         <name>autoinit.obj</name>
      </input_file>
      <input_file id="fl-ea">
         <path>C:\ti\ccsv7\tools\compiler\ti-cgt-arm_16.9.6.LTS\lib\</path>
         <kind>archive</kind>
         <file>rtsv7M4_T_le_v4SPD16_eabi.lib</file>
         <name>cpy_tbl.obj</name>
      </input_file>
      <input_file id="fl-eb">
         <path>C:\ti\ccsv7\tools\compiler\ti-cgt-arm_16.9.6.LTS\lib\</path>
         <kind>archive</kind>
         <file>rtsv7M4_T_le_v4SPD16_eabi.lib</file>
         <name>fclose.obj</name>
      </input_file>
      <input_file id="fl-ec">
         <path>C:\ti\ccsv7\tools\compiler\ti-cgt-arm_16.9.6.LTS\lib\</path>
         <kind>archive</kind>
         <file>rtsv7M4_T_le_v4SPD16_eabi.lib</file>
         <name>fflush.obj</name>
      </input_file>
      <input_file id="fl-ed">
         <path>C:\ti\ccsv7\tools\compiler\ti-cgt-arm_16.9.6.LTS\lib\</path>
         <kind>archive</kind>
         <file>rtsv7M4_T_le_v4SPD16_eabi.lib</file>
         <name>hostclose.obj</name>
      </input_file>
      <input_file id="fl-ee">
         <path>C:\ti\ccsv7\tools\compiler\ti-cgt-arm_16.9.6.LTS\lib\</path>
         <kind>archive</kind>
         <file>rtsv7M4_T_le_v4SPD16_eabi.lib</file>
         <name>hostlseek.obj</name>
      </input_file>
      <input_file id="fl-ef">
         <path>C:\ti\ccsv7\tools\compiler\ti-cgt-arm_16.9.6.LTS\lib\</path>
         <kind>archive</kind>
         <file>rtsv7M4_T_le_v4SPD16_eabi.lib</file>
         <name>hostopen.obj</name>
      </input_file>
      <input_file id="fl-f0">
         <path>C:\ti\ccsv7\tools\compiler\ti-cgt-arm_16.9.6.LTS\lib\</path>
         <kind>archive</kind>
         <file>rtsv7M4_T_le_v4SPD16_eabi.lib</file>
         <name>hostread.obj</name>
      </input_file>
      <input_file id="fl-f1">
         <path>C:\ti\ccsv7\tools\compiler\ti-cgt-arm_16.9.6.LTS\lib\</path>
         <kind>archive</kind>
         <file>rtsv7M4_T_le_v4SPD16_eabi.lib</file>
         <name>hostrename.obj</name>
      </input_file>
      <input_file id="fl-f2">
         <path>C:\ti\ccsv7\tools\compiler\ti-cgt-arm_16.9.6.LTS\lib\</path>
         <kind>archive</kind>
         <file>rtsv7M4_T_le_v4SPD16_eabi.lib</file>
         <name>hostunlink.obj</name>
      </input_file>
      <input_file id="fl-f3">
         <path>C:\ti\ccsv7\tools\compiler\ti-cgt-arm_16.9.6.LTS\lib\</path>
         <kind>archive</kind>
         <file>rtsv7M4_T_le_v4SPD16_eabi.lib</file>
         <name>hostwrite.obj</name>
      </input_file>
      <input_file id="fl-f4">
         <path>C:\ti\ccsv7\tools\compiler\ti-cgt-arm_16.9.6.LTS\lib\</path>
         <kind>archive</kind>
         <file>rtsv7M4_T_le_v4SPD16_eabi.lib</file>
         <name>memory.obj</name>
      </input_file>
      <input_file id="fl-f5">
         <path>C:\ti\ccsv7\tools\compiler\ti-cgt-arm_16.9.6.LTS\lib\</path>
         <kind>archive</kind>
         <file>rtsv7M4_T_le_v4SPD16_eabi.lib</file>
         <name>remove.obj</name>
      </input_file>
      <input_file id="fl-f6">
         <path>C:\ti\ccsv7\tools\compiler\ti-cgt-arm_16.9.6.LTS\lib\</path>
         <kind>archive</kind>
         <file>rtsv7M4_T_le_v4SPD16_eabi.lib</file>
         <name>startup.obj</name>
      </input_file>
      <input_file id="fl-f7">
         <path>C:\ti\ccsv7\tools\compiler\ti-cgt-arm_16.9.6.LTS\lib\</path>
         <kind>archive</kind>
         <file>rtsv7M4_T_le_v4SPD16_eabi.lib</file>
         <name>strcpy.obj</name>
      </input_file>
      <input_file id="fl-f8">
         <path>C:\ti\ccsv7\tools\compiler\ti-cgt-arm_16.9.6.LTS\lib\</path>
         <kind>archive</kind>
         <file>rtsv7M4_T_le_v4SPD16_eabi.lib</file>
         <name>strlen.obj</name>
      </input_file>
      <input_file id="fl-f9">
         <path>C:\ti\ccsv7\tools\compiler\ti-cgt-arm_16.9.6.LTS\lib\</path>
         <kind>archive</kind>
         <file>rtsv7M4_T_le_v4SPD16_eabi.lib</file>
         <name>trgmsg.obj</name>
      </input_file>
      <input_file id="fl-fa">
         <path>C:\ti\ccsv7\tools\compiler\ti-cgt-arm_16.9.6.LTS\lib\</path>
         <kind>archive</kind>
         <file>rtsv7M4_T_le_v4SPD16_eabi.lib</file>
         <name>unlink.obj</name>
      </input_file>
      <input_file id="fl-fb">
         <path>C:\ti\ccsv7\tools\compiler\ti-cgt-arm_16.9.6.LTS\lib\</path>
         <kind>archive</kind>
         <file>rtsv7M4_T_le_v4SPD16_eabi.lib</file>
         <name>close.obj</name>
      </input_file>
   </input_file_list>
   <object_component_list>
      <object_component id="oc-2c">
         <name>.intvecs:retain</name>
         <load_address>0x0</load_address>
         <run_address>0x0</run_address>
         <size>0xe4</size>
         <input_file_ref idref="fl-14"/>
      </object_component>
      <object_component id="oc-13d">
         <name>.text</name>
         <load_address>0xe4</load_address>
         <run_address>0xe4</run_address>
         <size>0x6bc</size>
         <input_file_ref idref="fl-13"/>
      </object_component>
      <object_component id="oc-8a">
         <name>.text</name>
         <load_address>0x7a0</load_address>
         <run_address>0x7a0</run_address>
         <size>0x5ba</size>
         <input_file_ref idref="fl-6"/>
      </object_component>
      <object_component id="oc-56">
         <name>.text</name>
         <load_address>0xd5a</load_address>
         <run_address>0xd5a</run_address>
         <size>0x2</size>
         <input_file_ref idref="fl-de"/>
      </object_component>
      <object_component id="oc-232">
         <name>.text</name>
         <load_address>0xd5c</load_address>
         <run_address>0xd5c</run_address>
         <size>0x3d0</size>
         <input_file_ref idref="fl-f4"/>
      </object_component>
      <object_component id="oc-d6">
         <name>.text</name>
         <load_address>0x112c</load_address>
         <run_address>0x112c</run_address>
         <size>0x32c</size>
         <input_file_ref idref="fl-15"/>
      </object_component>
      <object_component id="oc-11f">
         <name>.text</name>
         <load_address>0x1458</load_address>
         <run_address>0x1458</run_address>
         <size>0x248</size>
         <input_file_ref idref="fl-9"/>
      </object_component>
      <object_component id="oc-eb">
         <name>.text</name>
         <load_address>0x16a0</load_address>
         <run_address>0x16a0</run_address>
         <size>0x210</size>
         <input_file_ref idref="fl-7"/>
      </object_component>
      <object_component id="oc-137">
         <name>.text</name>
         <load_address>0x18b0</load_address>
         <run_address>0x18b0</run_address>
         <size>0x208</size>
         <input_file_ref idref="fl-e"/>
      </object_component>
      <object_component id="oc-12b">
         <name>.text</name>
         <load_address>0x1ab8</load_address>
         <run_address>0x1ab8</run_address>
         <size>0x1e0</size>
         <input_file_ref idref="fl-4"/>
      </object_component>
      <object_component id="oc-c3">
         <name>.text</name>
         <load_address>0x1c98</load_address>
         <run_address>0x1c98</run_address>
         <size>0x1d8</size>
         <input_file_ref idref="fl-a"/>
      </object_component>
      <object_component id="oc-1c4">
         <name>.text</name>
         <load_address>0x1e70</load_address>
         <run_address>0x1e70</run_address>
         <size>0x1c4</size>
         <input_file_ref idref="fl-d9"/>
      </object_component>
      <object_component id="oc-131">
         <name>.text</name>
         <load_address>0x2034</load_address>
         <run_address>0x2034</run_address>
         <size>0x1b0</size>
         <input_file_ref idref="fl-c"/>
      </object_component>
      <object_component id="oc-143">
         <name>.text</name>
         <load_address>0x21e4</load_address>
         <run_address>0x21e4</run_address>
         <size>0x168</size>
         <input_file_ref idref="fl-11"/>
      </object_component>
      <object_component id="oc-119">
         <name>.text</name>
         <load_address>0x234c</load_address>
         <run_address>0x234c</run_address>
         <size>0x164</size>
         <input_file_ref idref="fl-2"/>
      </object_component>
      <object_component id="oc-84">
         <name>.text</name>
         <load_address>0x24b0</load_address>
         <run_address>0x24b0</run_address>
         <size>0x104</size>
         <input_file_ref idref="fl-10"/>
      </object_component>
      <object_component id="oc-125">
         <name>.text</name>
         <load_address>0x25b4</load_address>
         <run_address>0x25b4</run_address>
         <size>0xf4</size>
         <input_file_ref idref="fl-b"/>
      </object_component>
      <object_component id="oc-90">
         <name>.text</name>
         <load_address>0x26a8</load_address>
         <run_address>0x26a8</run_address>
         <size>0xf0</size>
         <input_file_ref idref="fl-3"/>
      </object_component>
      <object_component id="oc-1ae">
         <name>.text</name>
         <load_address>0x2798</load_address>
         <run_address>0x2798</run_address>
         <size>0xec</size>
         <input_file_ref idref="fl-d"/>
      </object_component>
      <object_component id="oc-1ca">
         <name>.text</name>
         <load_address>0x2884</load_address>
         <run_address>0x2884</run_address>
         <size>0xdc</size>
         <input_file_ref idref="fl-e1"/>
      </object_component>
      <object_component id="oc-296">
         <name>.text</name>
         <load_address>0x2960</load_address>
         <run_address>0x2960</run_address>
         <size>0xc8</size>
         <input_file_ref idref="fl-ec"/>
      </object_component>
      <object_component id="oc-220">
         <name>.text</name>
         <load_address>0x2a28</load_address>
         <run_address>0x2a28</run_address>
         <size>0xbc</size>
         <input_file_ref idref="fl-df"/>
      </object_component>
      <object_component id="oc-1be">
         <name>.text</name>
         <load_address>0x2ae4</load_address>
         <run_address>0x2ae4</run_address>
         <size>0xb8</size>
         <input_file_ref idref="fl-cf"/>
      </object_component>
      <object_component id="oc-7e">
         <name>.text</name>
         <load_address>0x2b9c</load_address>
         <run_address>0x2b9c</run_address>
         <size>0xa8</size>
         <input_file_ref idref="fl-12"/>
      </object_component>
      <object_component id="oc-3e">
         <name>.text</name>
         <load_address>0x2c44</load_address>
         <run_address>0x2c44</run_address>
         <size>0x9c</size>
         <input_file_ref idref="fl-dc"/>
      </object_component>
      <object_component id="oc-226">
         <name>.text</name>
         <load_address>0x2ce0</load_address>
         <run_address>0x2ce0</run_address>
         <size>0x98</size>
         <input_file_ref idref="fl-eb"/>
      </object_component>
      <object_component id="oc-4a">
         <name>.text</name>
         <load_address>0x2d78</load_address>
         <run_address>0x2d78</run_address>
         <size>0x7a</size>
         <input_file_ref idref="fl-dd"/>
      </object_component>
      <object_component id="oc-bb">
         <name>.text</name>
         <load_address>0x2df2</load_address>
         <run_address>0x2df2</run_address>
         <size>0x2</size>
         <input_file_ref idref="fl-f6"/>
      </object_component>
      <object_component id="oc-62">
         <name>.text</name>
         <load_address>0x2df4</load_address>
         <run_address>0x2df4</run_address>
         <size>0x70</size>
         <input_file_ref idref="fl-e9"/>
      </object_component>
      <object_component id="oc-20e">
         <name>.text</name>
         <load_address>0x2e64</load_address>
         <run_address>0x2e64</run_address>
         <size>0x70</size>
         <input_file_ref idref="fl-da"/>
      </object_component>
      <object_component id="oc-14">
         <name>.text:decompress:lzss</name>
         <load_address>0x2ed4</load_address>
         <run_address>0x2ed4</run_address>
         <size>0x68</size>
         <input_file_ref idref="fl-d1"/>
      </object_component>
      <object_component id="oc-26f">
         <name>.text</name>
         <load_address>0x2f3c</load_address>
         <run_address>0x2f3c</run_address>
         <size>0x68</size>
         <input_file_ref idref="fl-ee"/>
      </object_component>
      <object_component id="oc-27b">
         <name>.text</name>
         <load_address>0x2fa4</load_address>
         <run_address>0x2fa4</run_address>
         <size>0x68</size>
         <input_file_ref idref="fl-f1"/>
      </object_component>
      <object_component id="oc-2ca">
         <name>.text</name>
         <load_address>0x300c</load_address>
         <run_address>0x300c</run_address>
         <size>0x68</size>
         <input_file_ref idref="fl-f9"/>
      </object_component>
      <object_component id="oc-257">
         <name>.text</name>
         <load_address>0x3074</load_address>
         <run_address>0x3074</run_address>
         <size>0x60</size>
         <input_file_ref idref="fl-ef"/>
      </object_component>
      <object_component id="oc-29c">
         <name>.text</name>
         <load_address>0x30d4</load_address>
         <run_address>0x30d4</run_address>
         <size>0x5c</size>
         <input_file_ref idref="fl-fb"/>
      </object_component>
      <object_component id="oc-263">
         <name>.text</name>
         <load_address>0x3130</load_address>
         <run_address>0x3130</run_address>
         <size>0x58</size>
         <input_file_ref idref="fl-f0"/>
      </object_component>
      <object_component id="oc-269">
         <name>.text</name>
         <load_address>0x3188</load_address>
         <run_address>0x3188</run_address>
         <size>0x58</size>
         <input_file_ref idref="fl-f3"/>
      </object_component>
      <object_component id="oc-26">
         <name>.text</name>
         <load_address>0x31e0</load_address>
         <run_address>0x31e0</run_address>
         <size>0x54</size>
         <input_file_ref idref="fl-d0"/>
      </object_component>
      <object_component id="oc-6e">
         <name>.text</name>
         <load_address>0x3234</load_address>
         <run_address>0x3234</run_address>
         <size>0x54</size>
         <input_file_ref idref="fl-d5"/>
      </object_component>
      <object_component id="oc-b5">
         <name>.text</name>
         <load_address>0x3288</load_address>
         <run_address>0x3288</run_address>
         <size>0x4c</size>
         <input_file_ref idref="fl-ea"/>
      </object_component>
      <object_component id="oc-25d">
         <name>.text</name>
         <load_address>0x32d4</load_address>
         <run_address>0x32d4</run_address>
         <size>0x44</size>
         <input_file_ref idref="fl-ed"/>
      </object_component>
      <object_component id="oc-275">
         <name>.text</name>
         <load_address>0x3318</load_address>
         <run_address>0x3318</run_address>
         <size>0x44</size>
         <input_file_ref idref="fl-f2"/>
      </object_component>
      <object_component id="oc-214">
         <name>.text</name>
         <load_address>0x335c</load_address>
         <run_address>0x335c</run_address>
         <size>0x36</size>
         <input_file_ref idref="fl-e5"/>
      </object_component>
      <object_component id="oc-2a2">
         <name>.text</name>
         <load_address>0x3394</load_address>
         <run_address>0x3394</run_address>
         <size>0x2c</size>
         <input_file_ref idref="fl-fa"/>
      </object_component>
      <object_component id="oc-2f1">
         <name>.text</name>
         <load_address>0x33c0</load_address>
         <run_address>0x33c0</run_address>
         <size>0x28</size>
         <input_file_ref idref="fl-e6"/>
      </object_component>
      <object_component id="oc-149">
         <name>.text</name>
         <load_address>0x33e8</load_address>
         <run_address>0x33e8</run_address>
         <size>0x24</size>
         <input_file_ref idref="fl-5"/>
      </object_component>
      <object_component id="oc-68">
         <name>.text</name>
         <load_address>0x340c</load_address>
         <run_address>0x340c</run_address>
         <size>0x18</size>
         <input_file_ref idref="fl-e8"/>
      </object_component>
      <object_component id="oc-247">
         <name>.text</name>
         <load_address>0x3424</load_address>
         <run_address>0x3424</run_address>
         <size>0x18</size>
         <input_file_ref idref="fl-e4"/>
      </object_component>
      <object_component id="oc-24d">
         <name>.text</name>
         <load_address>0x343c</load_address>
         <run_address>0x343c</run_address>
         <size>0x16</size>
         <input_file_ref idref="fl-e3"/>
      </object_component>
      <object_component id="oc-162">
         <name>.text</name>
         <load_address>0x3454</load_address>
         <run_address>0x3454</run_address>
         <size>0x14</size>
         <input_file_ref idref="fl-e7"/>
      </object_component>
      <object_component id="oc-2de">
         <name>.text</name>
         <load_address>0x3468</load_address>
         <run_address>0x3468</run_address>
         <size>0x14</size>
         <input_file_ref idref="fl-f7"/>
      </object_component>
      <object_component id="oc-2c4">
         <name>.text</name>
         <load_address>0x347c</load_address>
         <run_address>0x347c</run_address>
         <size>0x14</size>
         <input_file_ref idref="fl-f8"/>
      </object_component>
      <object_component id="oc-1a">
         <name>.text:decompress:none</name>
         <load_address>0x3490</load_address>
         <run_address>0x3490</run_address>
         <size>0xe</size>
         <input_file_ref idref="fl-d2"/>
      </object_component>
      <object_component id="oc-78">
         <name>.text</name>
         <load_address>0x349e</load_address>
         <run_address>0x349e</run_address>
         <size>0xe</size>
         <input_file_ref idref="fl-14"/>
      </object_component>
      <object_component id="oc-20">
         <name>.text:decompress:ZI</name>
         <load_address>0x34ac</load_address>
         <run_address>0x34ac</run_address>
         <size>0xc</size>
         <input_file_ref idref="fl-d3"/>
      </object_component>
      <object_component id="oc-5c">
         <name>.text</name>
         <load_address>0x34b8</load_address>
         <run_address>0x34b8</run_address>
         <size>0x4</size>
         <input_file_ref idref="fl-e0"/>
      </object_component>
      <object_component id="oc-1b5">
         <name>.const:$P$T0$1</name>
         <load_address>0x34bc</load_address>
         <run_address>0x34bc</run_address>
         <size>0x20</size>
         <input_file_ref idref="fl-e"/>
      </object_component>
      <object_component id="oc-352">
         <name>.cinit..data.load</name>
         <load_address>0x34e0</load_address>
         <run_address>0x34e0</run_address>
         <size>0x83</size>
      </object_component>
      <object_component id="oc-350">
         <name>__TI_handler_table</name>
         <load_address>0x3564</load_address>
         <run_address>0x3564</run_address>
         <size>0xc</size>
      </object_component>
      <object_component id="oc-353">
         <name>.cinit..bss.load</name>
         <load_address>0x3570</load_address>
         <run_address>0x3570</run_address>
         <size>0x8</size>
      </object_component>
      <object_component id="oc-351">
         <name>__TI_cinit_table</name>
         <load_address>0x3578</load_address>
         <run_address>0x3578</run_address>
         <size>0x10</size>
      </object_component>
      <object_component id="oc-32d">
         <name>.binit</name>
         <load_address>0x0</load_address>
         <run_address>0x0</run_address>
         <size>0x0</size>
      </object_component>
      <object_component id="oc-1aa">
         <name>.data</name>
         <load_address>0x20003ae8</load_address>
         <run_address>0x20003ae8</run_address>
         <size>0x18</size>
         <input_file_ref idref="fl-4"/>
      </object_component>
      <object_component id="oc-e6">
         <name>.data</name>
         <load_address>0x20003b3c</load_address>
         <run_address>0x20003b3c</run_address>
         <size>0x8</size>
         <input_file_ref idref="fl-10"/>
      </object_component>
      <object_component id="oc-1dd">
         <name>.data</name>
         <load_address>0x20003b28</load_address>
         <run_address>0x20003b28</run_address>
         <size>0xa</size>
         <input_file_ref idref="fl-11"/>
      </object_component>
      <object_component id="oc-16e">
         <name>.data</name>
         <load_address>0x20003b54</load_address>
         <run_address>0x20003b54</run_address>
         <size>0x4</size>
         <input_file_ref idref="fl-15"/>
      </object_component>
      <object_component id="oc-21a">
         <name>.data</name>
         <load_address>0x20003b44</load_address>
         <run_address>0x20003b44</run_address>
         <size>0x4</size>
         <input_file_ref idref="fl-cf"/>
      </object_component>
      <object_component id="oc-1d0">
         <name>.data:_ftable</name>
         <load_address>0x20003930</load_address>
         <run_address>0x20003930</run_address>
         <size>0xf0</size>
         <input_file_ref idref="fl-d4"/>
      </object_component>
      <object_component id="oc-22c">
         <name>.data</name>
         <load_address>0x20003b00</load_address>
         <run_address>0x20003b00</run_address>
         <size>0x10</size>
         <input_file_ref idref="fl-d4"/>
      </object_component>
      <object_component id="oc-cb">
         <name>.data:$O1$$</name>
         <load_address>0x20003b10</load_address>
         <run_address>0x20003b10</run_address>
         <size>0xc</size>
         <input_file_ref idref="fl-d5"/>
      </object_component>
      <object_component id="oc-22f">
         <name>.data</name>
         <load_address>0x20003b48</load_address>
         <run_address>0x20003b48</run_address>
         <size>0x4</size>
         <input_file_ref idref="fl-d9"/>
      </object_component>
      <object_component id="oc-290">
         <name>.data</name>
         <load_address>0x20003b4c</load_address>
         <run_address>0x20003b4c</run_address>
         <size>0x4</size>
         <input_file_ref idref="fl-df"/>
      </object_component>
      <object_component id="oc-74">
         <name>.data</name>
         <load_address>0x20003b50</load_address>
         <run_address>0x20003b50</run_address>
         <size>0x4</size>
         <input_file_ref idref="fl-e2"/>
      </object_component>
      <object_component id="oc-21b">
         <name>.data:_device</name>
         <load_address>0x20003a20</load_address>
         <run_address>0x20003a20</run_address>
         <size>0x78</size>
         <input_file_ref idref="fl-e6"/>
      </object_component>
      <object_component id="oc-291">
         <name>.data:_stream</name>
         <load_address>0x20003a98</load_address>
         <run_address>0x20003a98</run_address>
         <size>0x50</size>
         <input_file_ref idref="fl-e6"/>
      </object_component>
      <object_component id="oc-ce">
         <name>.data:$O1$$</name>
         <load_address>0x20003b34</load_address>
         <run_address>0x20003b34</run_address>
         <size>0x8</size>
         <input_file_ref idref="fl-e7"/>
      </object_component>
      <object_component id="oc-2b4">
         <name>.data:$O1$$</name>
         <load_address>0x20003b1c</load_address>
         <run_address>0x20003b1c</run_address>
         <size>0xc</size>
         <input_file_ref idref="fl-f4"/>
      </object_component>
      <object_component id="oc-307">
         <name>.bss:_CIOBUF_</name>
         <uninitialized>true</uninitialized>
         <run_address>0x20003200</run_address>
         <size>0x120</size>
         <input_file_ref idref="fl-f9"/>
      </object_component>
      <object_component id="oc-f6">
         <name>.common:Port4Task</name>
         <uninitialized>true</uninitialized>
         <run_address>0x20003500</run_address>
         <size>0x4</size>
      </object_component>
      <object_component id="oc-f4">
         <name>.common:Messageindexc</name>
         <uninitialized>true</uninitialized>
         <run_address>0x200034fc</run_address>
         <size>0x4</size>
      </object_component>
      <object_component id="oc-f1">
         <name>.common:Messagec</name>
         <uninitialized>true</uninitialized>
         <run_address>0x200034cc</run_address>
         <size>0x8</size>
      </object_component>
      <object_component id="oc-182">
         <name>.common:TxFifo0</name>
         <uninitialized>true</uninitialized>
         <run_address>0x20003442</run_address>
         <size>0x82</size>
      </object_component>
      <object_component id="oc-186">
         <name>.common:RxFifo0</name>
         <uninitialized>true</uninitialized>
         <run_address>0x200033c0</run_address>
         <size>0x82</size>
      </object_component>
      <object_component id="oc-185">
         <name>.common:TxHistogram</name>
         <uninitialized>true</uninitialized>
         <run_address>0x20003000</run_address>
         <size>0x200</size>
      </object_component>
      <object_component id="oc-19a">
         <name>.common:Size</name>
         <uninitialized>true</uninitialized>
         <run_address>0x20003504</run_address>
         <size>0x4</size>
      </object_component>
      <object_component id="oc-19f">
         <name>.common:x</name>
         <uninitialized>true</uninitialized>
         <run_address>0x20000000</run_address>
         <size>0x1000</size>
      </object_component>
      <object_component id="oc-19d">
         <name>.common:I1</name>
         <uninitialized>true</uninitialized>
         <run_address>0x200034e0</run_address>
         <size>0x4</size>
      </object_component>
      <object_component id="oc-19e">
         <name>.common:LPFSum</name>
         <uninitialized>true</uninitialized>
         <run_address>0x200034ec</run_address>
         <size>0x4</size>
      </object_component>
      <object_component id="oc-1a0">
         <name>.common:Size2</name>
         <uninitialized>true</uninitialized>
         <run_address>0x20003508</run_address>
         <size>0x4</size>
      </object_component>
      <object_component id="oc-1a3">
         <name>.common:x2</name>
         <uninitialized>true</uninitialized>
         <run_address>0x20001000</run_address>
         <size>0x1000</size>
      </object_component>
      <object_component id="oc-1a1">
         <name>.common:I2</name>
         <uninitialized>true</uninitialized>
         <run_address>0x200034e4</run_address>
         <size>0x4</size>
      </object_component>
      <object_component id="oc-1a2">
         <name>.common:LPFSum2</name>
         <uninitialized>true</uninitialized>
         <run_address>0x200034f0</run_address>
         <size>0x4</size>
      </object_component>
      <object_component id="oc-1a4">
         <name>.common:Size3</name>
         <uninitialized>true</uninitialized>
         <run_address>0x2000350c</run_address>
         <size>0x4</size>
      </object_component>
      <object_component id="oc-1a7">
         <name>.common:x3</name>
         <uninitialized>true</uninitialized>
         <run_address>0x20002000</run_address>
         <size>0x1000</size>
      </object_component>
      <object_component id="oc-1a5">
         <name>.common:I3</name>
         <uninitialized>true</uninitialized>
         <run_address>0x200034e8</run_address>
         <size>0x4</size>
      </object_component>
      <object_component id="oc-1a6">
         <name>.common:LPFSum3</name>
         <uninitialized>true</uninitialized>
         <run_address>0x200034f4</run_address>
         <size>0x4</size>
      </object_component>
      <object_component id="oc-155">
         <name>.common:bump_data</name>
         <uninitialized>true</uninitialized>
         <run_address>0x20003528</run_address>
         <size>0x1</size>
      </object_component>
      <object_component id="oc-156">
         <name>.common:rf_data</name>
         <uninitialized>true</uninitialized>
         <run_address>0x2000352a</run_address>
         <size>0x1</size>
      </object_component>
      <object_component id="oc-157">
         <name>.common:rf_center</name>
         <uninitialized>true</uninitialized>
         <run_address>0x20003529</run_address>
         <size>0x1</size>
      </object_component>
      <object_component id="oc-154">
         <name>.common:ADCflag</name>
         <uninitialized>true</uninitialized>
         <run_address>0x200034dc</run_address>
         <size>0x4</size>
      </object_component>
      <object_component id="oc-14f">
         <name>.common:nr</name>
         <uninitialized>true</uninitialized>
         <run_address>0x2000351c</run_address>
         <size>0x4</size>
      </object_component>
      <object_component id="oc-152">
         <name>.common:nc</name>
         <uninitialized>true</uninitialized>
         <run_address>0x20003514</run_address>
         <size>0x4</size>
      </object_component>
      <object_component id="oc-153">
         <name>.common:nl</name>
         <uninitialized>true</uninitialized>
         <run_address>0x20003518</run_address>
         <size>0x4</size>
      </object_component>
      <object_component id="oc-1d9">
         <name>.common:Tachometer_FirstRightTime</name>
         <uninitialized>true</uninitialized>
         <run_address>0x20003522</run_address>
         <size>0x2</size>
      </object_component>
      <object_component id="oc-1dc">
         <name>.common:Tachometer_SecondRightTime</name>
         <uninitialized>true</uninitialized>
         <run_address>0x20003526</run_address>
         <size>0x2</size>
      </object_component>
      <object_component id="oc-1e0">
         <name>.common:Tachometer_FirstLeftTime</name>
         <uninitialized>true</uninitialized>
         <run_address>0x20003520</run_address>
         <size>0x2</size>
      </object_component>
      <object_component id="oc-1e1">
         <name>.common:Tachometer_SecondLeftTime</name>
         <uninitialized>true</uninitialized>
         <run_address>0x20003524</run_address>
         <size>0x2</size>
      </object_component>
      <object_component id="oc-dd">
         <name>.common:TimerA1Task</name>
         <uninitialized>true</uninitialized>
         <run_address>0x20003510</run_address>
         <size>0x4</size>
      </object_component>
      <object_component id="oc-1bd">
         <name>.common:Messageindexb</name>
         <uninitialized>true</uninitialized>
         <run_address>0x200034f8</run_address>
         <size>0x4</size>
      </object_component>
      <object_component id="oc-1ba">
         <name>.common:Messageb</name>
         <uninitialized>true</uninitialized>
         <run_address>0x200034c4</run_address>
         <size>0x8</size>
      </object_component>
      <object_component id="oc-2a8">
         <name>.common:__TI_tmpnams</name>
         <uninitialized>true</uninitialized>
         <run_address>0x20003320</run_address>
         <size>0xa0</size>
      </object_component>
      <object_component id="oc-2d0">
         <name>.common:parmbuf</name>
         <uninitialized>true</uninitialized>
         <run_address>0x200034d4</run_address>
         <size>0x8</size>
      </object_component>
      <object_component id="oc-30">
         <name>.sysmem</name>
         <uninitialized>true</uninitialized>
         <run_address>0x20003530</run_address>
         <size>0x8</size>
         <input_file_ref idref="fl-f4"/>
      </object_component>
      <object_component id="oc-355">
         <name>.sysmem</name>
         <uninitialized>true</uninitialized>
         <run_address>0x20003530</run_address>
         <size>0x0</size>
      </object_component>
      <object_component id="oc-2f">
         <name>.stack</name>
         <uninitialized>true</uninitialized>
         <run_address>0x2000fe00</run_address>
         <size>0x0</size>
         <input_file_ref idref="fl-d0"/>
      </object_component>
      <object_component id="oc-354">
         <name>.stack</name>
         <uninitialized>true</uninitialized>
         <run_address>0x2000fe00</run_address>
         <size>0x0</size>
      </object_component>
      <object_component id="oc-199">
         <name>.debug_info</name>
         <load_address>0x0</load_address>
         <run_address>0x0</run_address>
         <size>0x564</size>
         <input_file_ref idref="fl-2"/>
      </object_component>
      <object_component id="oc-11a">
         <name>.debug_info</name>
         <load_address>0x564</load_address>
         <run_address>0x564</run_address>
         <size>0x471</size>
         <input_file_ref idref="fl-2"/>
      </object_component>
      <object_component id="oc-174">
         <name>.debug_info</name>
         <load_address>0x9d5</load_address>
         <run_address>0x9d5</run_address>
         <size>0x37e2</size>
         <input_file_ref idref="fl-2"/>
      </object_component>
      <object_component id="oc-179">
         <name>.debug_info</name>
         <load_address>0x41b7</load_address>
         <run_address>0x41b7</run_address>
         <size>0x1055</size>
         <input_file_ref idref="fl-2"/>
      </object_component>
      <object_component id="oc-39">
         <name>.debug_info</name>
         <load_address>0x520c</load_address>
         <run_address>0x520c</run_address>
         <size>0x84</size>
         <input_file_ref idref="fl-2"/>
      </object_component>
      <object_component id="oc-e1">
         <name>.debug_info</name>
         <load_address>0x5290</load_address>
         <run_address>0x5290</run_address>
         <size>0x18b</size>
         <input_file_ref idref="fl-2"/>
      </object_component>
      <object_component id="oc-f7">
         <name>.debug_info</name>
         <load_address>0x541b</load_address>
         <run_address>0x541b</run_address>
         <size>0x595</size>
         <input_file_ref idref="fl-3"/>
      </object_component>
      <object_component id="oc-91">
         <name>.debug_info</name>
         <load_address>0x59b0</load_address>
         <run_address>0x59b0</run_address>
         <size>0x395</size>
         <input_file_ref idref="fl-3"/>
      </object_component>
      <object_component id="oc-1ab">
         <name>.debug_info</name>
         <load_address>0x5d45</load_address>
         <run_address>0x5d45</run_address>
         <size>0x1cc</size>
         <input_file_ref idref="fl-4"/>
      </object_component>
      <object_component id="oc-12d">
         <name>.debug_info</name>
         <load_address>0x5f11</load_address>
         <run_address>0x5f11</run_address>
         <size>0x4f8</size>
         <input_file_ref idref="fl-4"/>
      </object_component>
      <object_component id="oc-14a">
         <name>.debug_info</name>
         <load_address>0x6409</load_address>
         <run_address>0x6409</run_address>
         <size>0x4b9</size>
         <input_file_ref idref="fl-5"/>
      </object_component>
      <object_component id="oc-f2">
         <name>.debug_info</name>
         <load_address>0x68c2</load_address>
         <run_address>0x68c2</run_address>
         <size>0x6b0</size>
         <input_file_ref idref="fl-6"/>
      </object_component>
      <object_component id="oc-8e">
         <name>.debug_info</name>
         <load_address>0x6f72</load_address>
         <run_address>0x6f72</run_address>
         <size>0x15b5</size>
         <input_file_ref idref="fl-6"/>
      </object_component>
      <object_component id="oc-183">
         <name>.debug_info</name>
         <load_address>0x8527</load_address>
         <run_address>0x8527</run_address>
         <size>0x31a</size>
         <input_file_ref idref="fl-7"/>
      </object_component>
      <object_component id="oc-ec">
         <name>.debug_info</name>
         <load_address>0x8841</load_address>
         <run_address>0x8841</run_address>
         <size>0x7a7</size>
         <input_file_ref idref="fl-7"/>
      </object_component>
      <object_component id="oc-1f2">
         <name>.debug_info</name>
         <load_address>0x8fe8</load_address>
         <run_address>0x8fe8</run_address>
         <size>0x76</size>
         <input_file_ref idref="fl-7"/>
      </object_component>
      <object_component id="oc-19b">
         <name>.debug_info</name>
         <load_address>0x905e</load_address>
         <run_address>0x905e</run_address>
         <size>0x6db</size>
         <input_file_ref idref="fl-9"/>
      </object_component>
      <object_component id="oc-120">
         <name>.debug_info</name>
         <load_address>0x9739</load_address>
         <run_address>0x9739</run_address>
         <size>0x6af</size>
         <input_file_ref idref="fl-9"/>
      </object_component>
      <object_component id="oc-150">
         <name>.debug_info</name>
         <load_address>0x9de8</load_address>
         <run_address>0x9de8</run_address>
         <size>0xb42</size>
         <input_file_ref idref="fl-a"/>
      </object_component>
      <object_component id="oc-c5">
         <name>.debug_info</name>
         <load_address>0xa92a</load_address>
         <run_address>0xa92a</run_address>
         <size>0x634</size>
         <input_file_ref idref="fl-a"/>
      </object_component>
      <object_component id="oc-1e6">
         <name>.debug_info</name>
         <load_address>0xaf5e</load_address>
         <run_address>0xaf5e</run_address>
         <size>0x48</size>
         <input_file_ref idref="fl-a"/>
      </object_component>
      <object_component id="oc-ac">
         <name>.debug_info</name>
         <load_address>0xafa6</load_address>
         <run_address>0xafa6</run_address>
         <size>0x2c</size>
         <input_file_ref idref="fl-a"/>
      </object_component>
      <object_component id="oc-127">
         <name>.debug_info</name>
         <load_address>0xafd2</load_address>
         <run_address>0xafd2</run_address>
         <size>0x456</size>
         <input_file_ref idref="fl-b"/>
      </object_component>
      <object_component id="oc-132">
         <name>.debug_info</name>
         <load_address>0xb428</load_address>
         <run_address>0xb428</run_address>
         <size>0x78f</size>
         <input_file_ref idref="fl-c"/>
      </object_component>
      <object_component id="oc-1b0">
         <name>.debug_info</name>
         <load_address>0xbbb7</load_address>
         <run_address>0xbbb7</run_address>
         <size>0x3c8</size>
         <input_file_ref idref="fl-d"/>
      </object_component>
      <object_component id="oc-1b9">
         <name>.debug_info</name>
         <load_address>0xbf7f</load_address>
         <run_address>0xbf7f</run_address>
         <size>0x5b3</size>
         <input_file_ref idref="fl-e"/>
      </object_component>
      <object_component id="oc-1b6">
         <name>.debug_info</name>
         <load_address>0xc532</load_address>
         <run_address>0xc532</run_address>
         <size>0x11c</size>
         <input_file_ref idref="fl-e"/>
      </object_component>
      <object_component id="oc-139">
         <name>.debug_info</name>
         <load_address>0xc64e</load_address>
         <run_address>0xc64e</run_address>
         <size>0xb9c</size>
         <input_file_ref idref="fl-e"/>
      </object_component>
      <object_component id="oc-202">
         <name>.debug_info</name>
         <load_address>0xd1ea</load_address>
         <run_address>0xd1ea</run_address>
         <size>0x37e2</size>
         <input_file_ref idref="fl-e"/>
      </object_component>
      <object_component id="oc-ea">
         <name>.debug_info</name>
         <load_address>0x109cc</load_address>
         <run_address>0x109cc</run_address>
         <size>0x57a</size>
         <input_file_ref idref="fl-10"/>
      </object_component>
      <object_component id="oc-e7">
         <name>.debug_info</name>
         <load_address>0x10f46</load_address>
         <run_address>0x10f46</run_address>
         <size>0x154</size>
         <input_file_ref idref="fl-10"/>
      </object_component>
      <object_component id="oc-88">
         <name>.debug_info</name>
         <load_address>0x1109a</load_address>
         <run_address>0x1109a</run_address>
         <size>0x4b7</size>
         <input_file_ref idref="fl-10"/>
      </object_component>
      <object_component id="oc-1da">
         <name>.debug_info</name>
         <load_address>0x11551</load_address>
         <run_address>0x11551</run_address>
         <size>0x69c</size>
         <input_file_ref idref="fl-11"/>
      </object_component>
      <object_component id="oc-1de">
         <name>.debug_info</name>
         <load_address>0x11bed</load_address>
         <run_address>0x11bed</run_address>
         <size>0x1a9</size>
         <input_file_ref idref="fl-11"/>
      </object_component>
      <object_component id="oc-144">
         <name>.debug_info</name>
         <load_address>0x11d96</load_address>
         <run_address>0x11d96</run_address>
         <size>0x3ed</size>
         <input_file_ref idref="fl-11"/>
      </object_component>
      <object_component id="oc-de">
         <name>.debug_info</name>
         <load_address>0x12183</load_address>
         <run_address>0x12183</run_address>
         <size>0x58f</size>
         <input_file_ref idref="fl-12"/>
      </object_component>
      <object_component id="oc-7f">
         <name>.debug_info</name>
         <load_address>0x12712</load_address>
         <run_address>0x12712</run_address>
         <size>0x38a</size>
         <input_file_ref idref="fl-12"/>
      </object_component>
      <object_component id="oc-1bb">
         <name>.debug_info</name>
         <load_address>0x12a9c</load_address>
         <run_address>0x12a9c</run_address>
         <size>0x7a2</size>
         <input_file_ref idref="fl-13"/>
      </object_component>
      <object_component id="oc-140">
         <name>.debug_info</name>
         <load_address>0x1323e</load_address>
         <run_address>0x1323e</run_address>
         <size>0x1e88</size>
         <input_file_ref idref="fl-13"/>
      </object_component>
      <object_component id="oc-209">
         <name>.debug_info</name>
         <load_address>0x150c6</load_address>
         <run_address>0x150c6</run_address>
         <size>0xc8</size>
         <input_file_ref idref="fl-13"/>
      </object_component>
      <object_component id="oc-1d4">
         <name>.debug_info</name>
         <load_address>0x1518e</load_address>
         <run_address>0x1518e</run_address>
         <size>0x2c</size>
         <input_file_ref idref="fl-13"/>
      </object_component>
      <object_component id="oc-98">
         <name>.debug_info</name>
         <load_address>0x151ba</load_address>
         <run_address>0x151ba</run_address>
         <size>0x2c9</size>
         <input_file_ref idref="fl-14"/>
      </object_component>
      <object_component id="oc-2d">
         <name>.debug_info</name>
         <load_address>0x15483</load_address>
         <run_address>0x15483</run_address>
         <size>0x107</size>
         <input_file_ref idref="fl-14"/>
      </object_component>
      <object_component id="oc-79">
         <name>.debug_info</name>
         <load_address>0x1558a</load_address>
         <run_address>0x1558a</run_address>
         <size>0x1ce</size>
         <input_file_ref idref="fl-14"/>
      </object_component>
      <object_component id="oc-16f">
         <name>.debug_info</name>
         <load_address>0x15758</load_address>
         <run_address>0x15758</run_address>
         <size>0x100</size>
         <input_file_ref idref="fl-15"/>
      </object_component>
      <object_component id="oc-d8">
         <name>.debug_info</name>
         <load_address>0x15858</load_address>
         <run_address>0x15858</run_address>
         <size>0x272</size>
         <input_file_ref idref="fl-15"/>
      </object_component>
      <object_component id="oc-21f">
         <name>.debug_info</name>
         <load_address>0x15aca</load_address>
         <run_address>0x15aca</run_address>
         <size>0x430</size>
         <input_file_ref idref="fl-cf"/>
      </object_component>
      <object_component id="oc-1c0">
         <name>.debug_info</name>
         <load_address>0x15efa</load_address>
         <run_address>0x15efa</run_address>
         <size>0x2d0</size>
         <input_file_ref idref="fl-cf"/>
      </object_component>
      <object_component id="oc-28b">
         <name>.debug_info</name>
         <load_address>0x161ca</load_address>
         <run_address>0x161ca</run_address>
         <size>0xea</size>
         <input_file_ref idref="fl-cf"/>
      </object_component>
      <object_component id="oc-286">
         <name>.debug_info</name>
         <load_address>0x162b4</load_address>
         <run_address>0x162b4</run_address>
         <size>0x2c</size>
         <input_file_ref idref="fl-cf"/>
      </object_component>
      <object_component id="oc-27">
         <name>.debug_info</name>
         <load_address>0x162e0</load_address>
         <run_address>0x162e0</run_address>
         <size>0x160</size>
         <input_file_ref idref="fl-d0"/>
      </object_component>
      <object_component id="oc-a2">
         <name>.debug_info</name>
         <load_address>0x16440</load_address>
         <run_address>0x16440</run_address>
         <size>0x293</size>
         <input_file_ref idref="fl-d1"/>
      </object_component>
      <object_component id="oc-18">
         <name>.debug_info</name>
         <load_address>0x166d3</load_address>
         <run_address>0x166d3</run_address>
         <size>0x245</size>
         <input_file_ref idref="fl-d1"/>
      </object_component>
      <object_component id="oc-34">
         <name>.debug_info</name>
         <load_address>0x16918</load_address>
         <run_address>0x16918</run_address>
         <size>0x60</size>
         <input_file_ref idref="fl-d1"/>
      </object_component>
      <object_component id="oc-9d">
         <name>.debug_info</name>
         <load_address>0x16978</load_address>
         <run_address>0x16978</run_address>
         <size>0x46</size>
         <input_file_ref idref="fl-d1"/>
      </object_component>
      <object_component id="oc-49">
         <name>.debug_info</name>
         <load_address>0x169be</load_address>
         <run_address>0x169be</run_address>
         <size>0x2da</size>
         <input_file_ref idref="fl-d2"/>
      </object_component>
      <object_component id="oc-1b">
         <name>.debug_info</name>
         <load_address>0x16c98</load_address>
         <run_address>0x16c98</run_address>
         <size>0x1df</size>
         <input_file_ref idref="fl-d2"/>
      </object_component>
      <object_component id="oc-44">
         <name>.debug_info</name>
         <load_address>0x16e77</load_address>
         <run_address>0x16e77</run_address>
         <size>0x46</size>
         <input_file_ref idref="fl-d2"/>
      </object_component>
      <object_component id="oc-a4">
         <name>.debug_info</name>
         <load_address>0x16ebd</load_address>
         <run_address>0x16ebd</run_address>
         <size>0x2c</size>
         <input_file_ref idref="fl-d2"/>
      </object_component>
      <object_component id="oc-55">
         <name>.debug_info</name>
         <load_address>0x16ee9</load_address>
         <run_address>0x16ee9</run_address>
         <size>0x2c9</size>
         <input_file_ref idref="fl-d3"/>
      </object_component>
      <object_component id="oc-22">
         <name>.debug_info</name>
         <load_address>0x171b2</load_address>
         <run_address>0x171b2</run_address>
         <size>0x1aa</size>
         <input_file_ref idref="fl-d3"/>
      </object_component>
      <object_component id="oc-50">
         <name>.debug_info</name>
         <load_address>0x1735c</load_address>
         <run_address>0x1735c</run_address>
         <size>0x46</size>
         <input_file_ref idref="fl-d3"/>
      </object_component>
      <object_component id="oc-241">
         <name>.debug_info</name>
         <load_address>0x173a2</load_address>
         <run_address>0x173a2</run_address>
         <size>0x139</size>
         <input_file_ref idref="fl-d4"/>
      </object_component>
      <object_component id="oc-1d1">
         <name>.debug_info</name>
         <load_address>0x174db</load_address>
         <run_address>0x174db</run_address>
         <size>0xf7</size>
         <input_file_ref idref="fl-d4"/>
      </object_component>
      <object_component id="oc-22d">
         <name>.debug_info</name>
         <load_address>0x175d2</load_address>
         <run_address>0x175d2</run_address>
         <size>0x184</size>
         <input_file_ref idref="fl-d4"/>
      </object_component>
      <object_component id="oc-2af">
         <name>.debug_info</name>
         <load_address>0x17756</load_address>
         <run_address>0x17756</run_address>
         <size>0xae</size>
         <input_file_ref idref="fl-d4"/>
      </object_component>
      <object_component id="oc-d2">
         <name>.debug_info</name>
         <load_address>0x17804</load_address>
         <run_address>0x17804</run_address>
         <size>0x3ce</size>
         <input_file_ref idref="fl-d5"/>
      </object_component>
      <object_component id="oc-cc">
         <name>.debug_info</name>
         <load_address>0x17bd2</load_address>
         <run_address>0x17bd2</run_address>
         <size>0x185</size>
         <input_file_ref idref="fl-d5"/>
      </object_component>
      <object_component id="oc-70">
         <name>.debug_info</name>
         <load_address>0x17d57</load_address>
         <run_address>0x17d57</run_address>
         <size>0x214</size>
         <input_file_ref idref="fl-d5"/>
      </object_component>
      <object_component id="oc-231">
         <name>.debug_info</name>
         <load_address>0x17f6b</load_address>
         <run_address>0x17f6b</run_address>
         <size>0x3d6</size>
         <input_file_ref idref="fl-d9"/>
      </object_component>
      <object_component id="oc-1c8">
         <name>.debug_info</name>
         <load_address>0x18341</load_address>
         <run_address>0x18341</run_address>
         <size>0x455</size>
         <input_file_ref idref="fl-d9"/>
      </object_component>
      <object_component id="oc-fe">
         <name>.debug_info</name>
         <load_address>0x18796</load_address>
         <run_address>0x18796</run_address>
         <size>0x2c</size>
         <input_file_ref idref="fl-d9"/>
      </object_component>
      <object_component id="oc-254">
         <name>.debug_info</name>
         <load_address>0x187c2</load_address>
         <run_address>0x187c2</run_address>
         <size>0x417</size>
         <input_file_ref idref="fl-da"/>
      </object_component>
      <object_component id="oc-212">
         <name>.debug_info</name>
         <load_address>0x18bd9</load_address>
         <run_address>0x18bd9</run_address>
         <size>0x282</size>
         <input_file_ref idref="fl-da"/>
      </object_component>
      <object_component id="oc-41">
         <name>.debug_info</name>
         <load_address>0x18e5b</load_address>
         <run_address>0x18e5b</run_address>
         <size>0x111</size>
         <input_file_ref idref="fl-dc"/>
      </object_component>
      <object_component id="oc-4d">
         <name>.debug_info</name>
         <load_address>0x18f6c</load_address>
         <run_address>0x18f6c</run_address>
         <size>0x13f</size>
         <input_file_ref idref="fl-dd"/>
      </object_component>
      <object_component id="oc-5a">
         <name>.debug_info</name>
         <load_address>0x190ab</load_address>
         <run_address>0x190ab</run_address>
         <size>0x138</size>
         <input_file_ref idref="fl-de"/>
      </object_component>
      <object_component id="oc-295">
         <name>.debug_info</name>
         <load_address>0x191e3</load_address>
         <run_address>0x191e3</run_address>
         <size>0x3f7</size>
         <input_file_ref idref="fl-df"/>
      </object_component>
      <object_component id="oc-224">
         <name>.debug_info</name>
         <load_address>0x195da</load_address>
         <run_address>0x195da</run_address>
         <size>0x23a</size>
         <input_file_ref idref="fl-df"/>
      </object_component>
      <object_component id="oc-2e8">
         <name>.debug_info</name>
         <load_address>0x19814</load_address>
         <run_address>0x19814</run_address>
         <size>0x120</size>
         <input_file_ref idref="fl-df"/>
      </object_component>
      <object_component id="oc-5e">
         <name>.debug_info</name>
         <load_address>0x19934</load_address>
         <run_address>0x19934</run_address>
         <size>0x148</size>
         <input_file_ref idref="fl-e0"/>
      </object_component>
      <object_component id="oc-239">
         <name>.debug_info</name>
         <load_address>0x19a7c</load_address>
         <run_address>0x19a7c</run_address>
         <size>0x35a</size>
         <input_file_ref idref="fl-e1"/>
      </object_component>
      <object_component id="oc-1cb">
         <name>.debug_info</name>
         <load_address>0x19dd6</load_address>
         <run_address>0x19dd6</run_address>
         <size>0x200</size>
         <input_file_ref idref="fl-e1"/>
      </object_component>
      <object_component id="oc-23a">
         <name>.debug_info</name>
         <load_address>0x19fd6</load_address>
         <run_address>0x19fd6</run_address>
         <size>0xbb</size>
         <input_file_ref idref="fl-e1"/>
      </object_component>
      <object_component id="oc-75">
         <name>.debug_info</name>
         <load_address>0x1a091</load_address>
         <run_address>0x1a091</run_address>
         <size>0x109</size>
         <input_file_ref idref="fl-e2"/>
      </object_component>
      <object_component id="oc-2bf">
         <name>.debug_info</name>
         <load_address>0x1a19a</load_address>
         <run_address>0x1a19a</run_address>
         <size>0x28f</size>
         <input_file_ref idref="fl-e3"/>
      </object_component>
      <object_component id="oc-24f">
         <name>.debug_info</name>
         <load_address>0x1a429</load_address>
         <run_address>0x1a429</run_address>
         <size>0x244</size>
         <input_file_ref idref="fl-e3"/>
      </object_component>
      <object_component id="oc-2bd">
         <name>.debug_info</name>
         <load_address>0x1a66d</load_address>
         <run_address>0x1a66d</run_address>
         <size>0x27f</size>
         <input_file_ref idref="fl-e4"/>
      </object_component>
      <object_component id="oc-248">
         <name>.debug_info</name>
         <load_address>0x1a8ec</load_address>
         <run_address>0x1a8ec</run_address>
         <size>0x258</size>
         <input_file_ref idref="fl-e4"/>
      </object_component>
      <object_component id="oc-256">
         <name>.debug_info</name>
         <load_address>0x1ab44</load_address>
         <run_address>0x1ab44</run_address>
         <size>0x290</size>
         <input_file_ref idref="fl-e5"/>
      </object_component>
      <object_component id="oc-216">
         <name>.debug_info</name>
         <load_address>0x1add4</load_address>
         <run_address>0x1add4</run_address>
         <size>0x259</size>
         <input_file_ref idref="fl-e5"/>
      </object_component>
      <object_component id="oc-283">
         <name>.debug_info</name>
         <load_address>0x1b02d</load_address>
         <run_address>0x1b02d</run_address>
         <size>0x4c5</size>
         <input_file_ref idref="fl-e6"/>
      </object_component>
      <object_component id="oc-21c">
         <name>.debug_info</name>
         <load_address>0x1b4f2</load_address>
         <run_address>0x1b4f2</run_address>
         <size>0xf8</size>
         <input_file_ref idref="fl-e6"/>
      </object_component>
      <object_component id="oc-292">
         <name>.debug_info</name>
         <load_address>0x1b5ea</load_address>
         <run_address>0x1b5ea</run_address>
         <size>0xf8</size>
         <input_file_ref idref="fl-e6"/>
      </object_component>
      <object_component id="oc-2f4">
         <name>.debug_info</name>
         <load_address>0x1b6e2</load_address>
         <run_address>0x1b6e2</run_address>
         <size>0x184</size>
         <input_file_ref idref="fl-e6"/>
      </object_component>
      <object_component id="oc-16a">
         <name>.debug_info</name>
         <load_address>0x1b866</load_address>
         <run_address>0x1b866</run_address>
         <size>0x2be</size>
         <input_file_ref idref="fl-e7"/>
      </object_component>
      <object_component id="oc-cf">
         <name>.debug_info</name>
         <load_address>0x1bb24</load_address>
         <run_address>0x1bb24</run_address>
         <size>0x113</size>
         <input_file_ref idref="fl-e7"/>
      </object_component>
      <object_component id="oc-163">
         <name>.debug_info</name>
         <load_address>0x1bc37</load_address>
         <run_address>0x1bc37</run_address>
         <size>0x21f</size>
         <input_file_ref idref="fl-e7"/>
      </object_component>
      <object_component id="oc-ca">
         <name>.debug_info</name>
         <load_address>0x1be56</load_address>
         <run_address>0x1be56</run_address>
         <size>0x300</size>
         <input_file_ref idref="fl-e8"/>
      </object_component>
      <object_component id="oc-6a">
         <name>.debug_info</name>
         <load_address>0x1c156</load_address>
         <run_address>0x1c156</run_address>
         <size>0x167</size>
         <input_file_ref idref="fl-e8"/>
      </object_component>
      <object_component id="oc-15b">
         <name>.debug_info</name>
         <load_address>0x1c2bd</load_address>
         <run_address>0x1c2bd</run_address>
         <size>0x5e</size>
         <input_file_ref idref="fl-e8"/>
      </object_component>
      <object_component id="oc-c2">
         <name>.debug_info</name>
         <load_address>0x1c31b</load_address>
         <run_address>0x1c31b</run_address>
         <size>0x483</size>
         <input_file_ref idref="fl-e9"/>
      </object_component>
      <object_component id="oc-63">
         <name>.debug_info</name>
         <load_address>0x1c79e</load_address>
         <run_address>0x1c79e</run_address>
         <size>0x190</size>
         <input_file_ref idref="fl-e9"/>
      </object_component>
      <object_component id="oc-10f">
         <name>.debug_info</name>
         <load_address>0x1c92e</load_address>
         <run_address>0x1c92e</run_address>
         <size>0x39</size>
         <input_file_ref idref="fl-e9"/>
      </object_component>
      <object_component id="oc-193">
         <name>.debug_info</name>
         <load_address>0x1c967</load_address>
         <run_address>0x1c967</run_address>
         <size>0x39</size>
         <input_file_ref idref="fl-e9"/>
      </object_component>
      <object_component id="oc-114">
         <name>.debug_info</name>
         <load_address>0x1c9a0</load_address>
         <run_address>0x1c9a0</run_address>
         <size>0xcd</size>
         <input_file_ref idref="fl-e9"/>
      </object_component>
      <object_component id="oc-10b">
         <name>.debug_info</name>
         <load_address>0x1ca6d</load_address>
         <run_address>0x1ca6d</run_address>
         <size>0x37a</size>
         <input_file_ref idref="fl-ea"/>
      </object_component>
      <object_component id="oc-b8">
         <name>.debug_info</name>
         <load_address>0x1cde7</load_address>
         <run_address>0x1cde7</run_address>
         <size>0x183</size>
         <input_file_ref idref="fl-ea"/>
      </object_component>
      <object_component id="oc-18e">
         <name>.debug_info</name>
         <load_address>0x1cf6a</load_address>
         <run_address>0x1cf6a</run_address>
         <size>0x2c</size>
         <input_file_ref idref="fl-ea"/>
      </object_component>
      <object_component id="oc-2aa">
         <name>.debug_info</name>
         <load_address>0x1cf96</load_address>
         <run_address>0x1cf96</run_address>
         <size>0x39a</size>
         <input_file_ref idref="fl-eb"/>
      </object_component>
      <object_component id="oc-229">
         <name>.debug_info</name>
         <load_address>0x1d330</load_address>
         <run_address>0x1d330</run_address>
         <size>0x298</size>
         <input_file_ref idref="fl-eb"/>
      </object_component>
      <object_component id="oc-2f8">
         <name>.debug_info</name>
         <load_address>0x1d5c8</load_address>
         <run_address>0x1d5c8</run_address>
         <size>0x33c</size>
         <input_file_ref idref="fl-ec"/>
      </object_component>
      <object_component id="oc-29a">
         <name>.debug_info</name>
         <load_address>0x1d904</load_address>
         <run_address>0x1d904</run_address>
         <size>0x25a</size>
         <input_file_ref idref="fl-ec"/>
      </object_component>
      <object_component id="oc-2d5">
         <name>.debug_info</name>
         <load_address>0x1db5e</load_address>
         <run_address>0x1db5e</run_address>
         <size>0x368</size>
         <input_file_ref idref="fl-ed"/>
      </object_component>
      <object_component id="oc-25f">
         <name>.debug_info</name>
         <load_address>0x1dec6</load_address>
         <run_address>0x1dec6</run_address>
         <size>0x1b1</size>
         <input_file_ref idref="fl-ed"/>
      </object_component>
      <object_component id="oc-2db">
         <name>.debug_info</name>
         <load_address>0x1e077</load_address>
         <run_address>0x1e077</run_address>
         <size>0x36d</size>
         <input_file_ref idref="fl-ee"/>
      </object_component>
      <object_component id="oc-271">
         <name>.debug_info</name>
         <load_address>0x1e3e4</load_address>
         <run_address>0x1e3e4</run_address>
         <size>0x205</size>
         <input_file_ref idref="fl-ee"/>
      </object_component>
      <object_component id="oc-2d1">
         <name>.debug_info</name>
         <load_address>0x1e5e9</load_address>
         <run_address>0x1e5e9</run_address>
         <size>0x3cb</size>
         <input_file_ref idref="fl-ef"/>
      </object_component>
      <object_component id="oc-259">
         <name>.debug_info</name>
         <load_address>0x1e9b4</load_address>
         <run_address>0x1e9b4</run_address>
         <size>0x201</size>
         <input_file_ref idref="fl-ef"/>
      </object_component>
      <object_component id="oc-2d7">
         <name>.debug_info</name>
         <load_address>0x1ebb5</load_address>
         <run_address>0x1ebb5</run_address>
         <size>0x36c</size>
         <input_file_ref idref="fl-f0"/>
      </object_component>
      <object_component id="oc-264">
         <name>.debug_info</name>
         <load_address>0x1ef21</load_address>
         <run_address>0x1ef21</run_address>
         <size>0x1f0</size>
         <input_file_ref idref="fl-f0"/>
      </object_component>
      <object_component id="oc-2e5">
         <name>.debug_info</name>
         <load_address>0x1f111</load_address>
         <run_address>0x1f111</run_address>
         <size>0x3f3</size>
         <input_file_ref idref="fl-f1"/>
      </object_component>
      <object_component id="oc-27c">
         <name>.debug_info</name>
         <load_address>0x1f504</load_address>
         <run_address>0x1f504</run_address>
         <size>0x22b</size>
         <input_file_ref idref="fl-f1"/>
      </object_component>
      <object_component id="oc-2dd">
         <name>.debug_info</name>
         <load_address>0x1f72f</load_address>
         <run_address>0x1f72f</run_address>
         <size>0x3be</size>
         <input_file_ref idref="fl-f2"/>
      </object_component>
      <object_component id="oc-276">
         <name>.debug_info</name>
         <load_address>0x1faed</load_address>
         <run_address>0x1faed</run_address>
         <size>0x1bb</size>
         <input_file_ref idref="fl-f2"/>
      </object_component>
      <object_component id="oc-2d9">
         <name>.debug_info</name>
         <load_address>0x1fca8</load_address>
         <run_address>0x1fca8</run_address>
         <size>0x36d</size>
         <input_file_ref idref="fl-f3"/>
      </object_component>
      <object_component id="oc-26a">
         <name>.debug_info</name>
         <load_address>0x20015</load_address>
         <run_address>0x20015</run_address>
         <size>0x1f5</size>
         <input_file_ref idref="fl-f3"/>
      </object_component>
      <object_component id="oc-9b">
         <name>.debug_info</name>
         <load_address>0x2020a</load_address>
         <run_address>0x2020a</run_address>
         <size>0x3bc</size>
         <input_file_ref idref="fl-f4"/>
      </object_component>
      <object_component id="oc-31">
         <name>.debug_info</name>
         <load_address>0x205c6</load_address>
         <run_address>0x205c6</run_address>
         <size>0x101</size>
         <input_file_ref idref="fl-f4"/>
      </object_component>
      <object_component id="oc-2b5">
         <name>.debug_info</name>
         <load_address>0x206c7</load_address>
         <run_address>0x206c7</run_address>
         <size>0x14c</size>
         <input_file_ref idref="fl-f4"/>
      </object_component>
      <object_component id="oc-233">
         <name>.debug_info</name>
         <load_address>0x20813</load_address>
         <run_address>0x20813</run_address>
         <size>0x885</size>
         <input_file_ref idref="fl-f4"/>
      </object_component>
      <object_component id="oc-103">
         <name>.debug_info</name>
         <load_address>0x21098</load_address>
         <run_address>0x21098</run_address>
         <size>0x62</size>
         <input_file_ref idref="fl-f4"/>
      </object_component>
      <object_component id="oc-bc">
         <name>.debug_info</name>
         <load_address>0x210fa</load_address>
         <run_address>0x210fa</run_address>
         <size>0x145</size>
         <input_file_ref idref="fl-f6"/>
      </object_component>
      <object_component id="oc-319">
         <name>.debug_info</name>
         <load_address>0x2123f</load_address>
         <run_address>0x2123f</run_address>
         <size>0x28a</size>
         <input_file_ref idref="fl-f7"/>
      </object_component>
      <object_component id="oc-2e2">
         <name>.debug_info</name>
         <load_address>0x214c9</load_address>
         <run_address>0x214c9</run_address>
         <size>0x231</size>
         <input_file_ref idref="fl-f7"/>
      </object_component>
      <object_component id="oc-306">
         <name>.debug_info</name>
         <load_address>0x216fa</load_address>
         <run_address>0x216fa</run_address>
         <size>0x284</size>
         <input_file_ref idref="fl-f8"/>
      </object_component>
      <object_component id="oc-2c5">
         <name>.debug_info</name>
         <load_address>0x2197e</load_address>
         <run_address>0x2197e</run_address>
         <size>0x22a</size>
         <input_file_ref idref="fl-f8"/>
      </object_component>
      <object_component id="oc-30b">
         <name>.debug_info</name>
         <load_address>0x21ba8</load_address>
         <run_address>0x21ba8</run_address>
         <size>0x2b0</size>
         <input_file_ref idref="fl-f9"/>
      </object_component>
      <object_component id="oc-308">
         <name>.debug_info</name>
         <load_address>0x21e58</load_address>
         <run_address>0x21e58</run_address>
         <size>0xfd</size>
         <input_file_ref idref="fl-f9"/>
      </object_component>
      <object_component id="oc-2cb">
         <name>.debug_info</name>
         <load_address>0x21f55</load_address>
         <run_address>0x21f55</run_address>
         <size>0x281</size>
         <input_file_ref idref="fl-f9"/>
      </object_component>
      <object_component id="oc-2fc">
         <name>.debug_info</name>
         <load_address>0x221d6</load_address>
         <run_address>0x221d6</run_address>
         <size>0x3c6</size>
         <input_file_ref idref="fl-fa"/>
      </object_component>
      <object_component id="oc-2a3">
         <name>.debug_info</name>
         <load_address>0x2259c</load_address>
         <run_address>0x2259c</run_address>
         <size>0x19a</size>
         <input_file_ref idref="fl-fa"/>
      </object_component>
      <object_component id="oc-2fa">
         <name>.debug_info</name>
         <load_address>0x22736</load_address>
         <run_address>0x22736</run_address>
         <size>0x3c4</size>
         <input_file_ref idref="fl-fb"/>
      </object_component>
      <object_component id="oc-29d">
         <name>.debug_info</name>
         <load_address>0x22afa</load_address>
         <run_address>0x22afa</run_address>
         <size>0x18a</size>
         <input_file_ref idref="fl-fb"/>
      </object_component>
      <object_component id="oc-356">
         <name>.debug_info</name>
         <load_address>0x22c84</load_address>
         <run_address>0x22c84</run_address>
         <size>0xb6</size>
      </object_component>
      <object_component id="oc-1f8">
         <name>.debug_line</name>
[...]
      </symbol>
      <symbol id="sm-3da">
         <name>UART0_InUDec</name>
         <value>0x175</value>
         <object_component_ref idref="oc-13d"/>
      </symbol>
      <symbol id="sm-3db">
         <name>UART0_InUHex</name>
         <value>0x469</value>
         <object_component_ref idref="oc-13d"/>
      </symbol>
      <symbol id="sm-3f0">
         <name>Reset_Handler</name>
         <value>0x349f</value>
         <object_component_ref idref="oc-78"/>
      </symbol>
      <symbol id="sm-3f1">
         <name>Default_Handler</name>
         <value>0x34ab</value>
         <object_component_ref idref="oc-78"/>
      </symbol>
      <symbol id="sm-3f2">
         <name>interruptVectors</name>
         <value>0x0</value>
         <object_component_ref idref="oc-2c"/>
      </symbol>
      <symbol id="sm-438">
         <name>SystemInit</name>
         <value>0x13a1</value>
         <object_component_ref idref="oc-d6"/>
      </symbol>
      <symbol id="sm-439">
         <name>SystemCoreClockUpdate</name>
         <value>0x112d</value>
         <object_component_ref idref="oc-d6"/>
      </symbol>
      <symbol id="sm-43a">
         <name>SystemCoreClock</name>
         <value>0x20003b54</value>
         <object_component_ref idref="oc-16e"/>
      </symbol>
      <symbol id="sm-45f">
         <name>add_device</name>
         <value>0x2ae5</value>
         <object_component_ref idref="oc-1be"/>
      </symbol>
      <symbol id="sm-470">
         <name>_c_int00</name>
         <value>0x31e1</value>
         <object_component_ref idref="oc-26"/>
      </symbol>
      <symbol id="sm-471">
         <name>__stack</name>
         <value>0x2000fe00</value>
         <object_component_ref idref="oc-2f"/>
      </symbol>
      <symbol id="sm-48f">
         <name>__TI_decompress_lzss</name>
         <value>0x2ed5</value>
         <object_component_ref idref="oc-14"/>
      </symbol>
      <symbol id="sm-4a6">
         <name>__TI_decompress_none</name>
         <value>0x3491</value>
         <object_component_ref idref="oc-1a"/>
      </symbol>
      <symbol id="sm-4b8">
         <name>__TI_zero_init</name>
         <value>0x34ad</value>
         <object_component_ref idref="oc-20"/>
      </symbol>
      <symbol id="sm-4d2">
         <name>__TI_tmpnams</name>
         <value>0x20003320</value>
      </symbol>
      <symbol id="sm-4d3">
         <name>__aeabi_stdout</name>
         <value>0x20003b08</value>
         <object_component_ref idref="oc-22c"/>
      </symbol>
      <symbol id="sm-4d4">
         <name>__aeabi_stderr</name>
         <value>0x20003b0c</value>
         <object_component_ref idref="oc-22c"/>
      </symbol>
      <symbol id="sm-4d5">
         <name>__aeabi_stdin</name>
         <value>0x20003b04</value>
         <object_component_ref idref="oc-22c"/>
      </symbol>
      <symbol id="sm-4d6">
         <name>_ftable</name>
         <value>0x20003930</value>
         <object_component_ref idref="oc-1d0"/>
      </symbol>
      <symbol id="sm-4d7">
         <name>__TI_ft_end</name>
         <value>0x20003b00</value>
         <object_component_ref idref="oc-22c"/>
      </symbol>
      <symbol id="sm-4f8">
         <name>C$$EXIT</name>
         <value>0x3235</value>
         <object_component_ref idref="oc-6e"/>
      </symbol>
      <symbol id="sm-4f9">
         <name>abort</name>
         <value>0x3239</value>
         <object_component_ref idref="oc-6e"/>
      </symbol>
      <symbol id="sm-4fa">
         <name>exit</name>
         <value>0x3241</value>
         <object_component_ref idref="oc-6e"/>
      </symbol>
      <symbol id="sm-4fb">
         <name>__TI_dtors_ptr</name>
         <value>0x20003b14</value>
         <object_component_ref idref="oc-cb"/>
      </symbol>
      <symbol id="sm-4fc">
         <name>__TI_cleanup_ptr</name>
         <value>0x20003b10</value>
         <object_component_ref idref="oc-cb"/>
      </symbol>
      <symbol id="sm-4fd">
         <name>__TI_enable_exit_profile_output</name>
         <value>0x20003b18</value>
         <object_component_ref idref="oc-cb"/>
      </symbol>
      <symbol id="sm-537">
         <name>__TI_cleanup</name>
         <value>0x1f39</value>
         <object_component_ref idref="oc-1c4"/>
      </symbol>
      <symbol id="sm-538">
         <name>freopen</name>
         <value>0x1f65</value>
         <object_component_ref idref="oc-1c4"/>
      </symbol>
      <symbol id="sm-539">
         <name>fopen</name>
         <value>0x1f8f</value>
         <object_component_ref idref="oc-1c4"/>
      </symbol>
      <symbol id="sm-54e">
         <name>finddevice</name>
         <value>0x2e65</value>
         <object_component_ref idref="oc-20e"/>
      </symbol>
      <symbol id="sm-54f">
         <name>getdevice</name>
         <value>0x2e8f</value>
         <object_component_ref idref="oc-20e"/>
      </symbol>
      <symbol id="sm-56b">
         <name>memcpy</name>
         <value>0x2c45</value>
         <object_component_ref idref="oc-3e"/>
      </symbol>
      <symbol id="sm-56c">
         <name>__aeabi_memcpy</name>
         <value>0x2c45</value>
         <object_component_ref idref="oc-3e"/>
      </symbol>
      <symbol id="sm-56d">
         <name>__aeabi_memcpy8</name>
         <value>0x2c45</value>
         <object_component_ref idref="oc-3e"/>
      </symbol>
      <symbol id="sm-56e">
         <name>__aeabi_memcpy4</name>
         <value>0x2c45</value>
         <object_component_ref idref="oc-3e"/>
      </symbol>
      <symbol id="sm-57d">
         <name>__aeabi_memset</name>
         <value>0x2d7b</value>
         <object_component_ref idref="oc-4a"/>
      </symbol>
      <symbol id="sm-57e">
         <name>memset</name>
         <value>0x2d81</value>
         <object_component_ref idref="oc-4a"/>
      </symbol>
      <symbol id="sm-57f">
         <name>__aeabi_memset8</name>
         <value>0x2d7b</value>
         <object_component_ref idref="oc-4a"/>
      </symbol>
      <symbol id="sm-580">
         <name>__aeabi_memset4</name>
         <value>0x2d7b</value>
         <object_component_ref idref="oc-4a"/>
      </symbol>
      <symbol id="sm-581">
         <name>__aeabi_memclr8</name>
         <value>0x2d79</value>
         <object_component_ref idref="oc-4a"/>
      </symbol>
      <symbol id="sm-582">
         <name>__aeabi_memclr4</name>
         <value>0x2d79</value>
         <object_component_ref idref="oc-4a"/>
      </symbol>
      <symbol id="sm-583">
         <name>__aeabi_memclr</name>
         <value>0x2d79</value>
         <object_component_ref idref="oc-4a"/>
      </symbol>
      <symbol id="sm-58d">
         <name>__mpu_init</name>
         <value>0xd5b</value>
         <object_component_ref idref="oc-56"/>
      </symbol>
      <symbol id="sm-5af">
         <name>open</name>
         <value>0x2a29</value>
         <object_component_ref idref="oc-220"/>
      </symbol>
      <symbol id="sm-5b9">
         <name>_system_pre_init</name>
         <value>0x34b9</value>
         <object_component_ref idref="oc-5c"/>
      </symbol>
      <symbol id="sm-5da">
         <name>setvbuf</name>
         <value>0x2885</value>
         <object_component_ref idref="oc-1ca"/>
      </symbol>
      <symbol id="sm-5e2">
         <name>main_func_sp</name>
         <value>0x20003b50</value>
         <object_component_ref idref="oc-74"/>
      </symbol>
      <symbol id="sm-5f2">
         <name>strchr</name>
         <value>0x343d</value>
         <object_component_ref idref="oc-24d"/>
      </symbol>
      <symbol id="sm-601">
         <name>strcmp</name>
         <value>0x3425</value>
         <object_component_ref idref="oc-247"/>
      </symbol>
      <symbol id="sm-611">
         <name>strncpy</name>
         <value>0x335d</value>
         <object_component_ref idref="oc-214"/>
      </symbol>
      <symbol id="sm-62d">
         <name>_stream</name>
         <value>0x20003a98</value>
         <object_component_ref idref="oc-291"/>
      </symbol>
      <symbol id="sm-62e">
         <name>_device</name>
         <value>0x20003a20</value>
         <object_component_ref idref="oc-21b"/>
      </symbol>
      <symbol id="sm-62f">
         <name>write</name>
         <value>0x33c1</value>
         <object_component_ref idref="oc-2f1"/>
      </symbol>
      <symbol id="sm-648">
         <name>_nop</name>
         <value>0x3463</value>
         <object_component_ref idref="oc-162"/>
      </symbol>
      <symbol id="sm-649">
         <name>_lock</name>
         <value>0x20003b34</value>
         <object_component_ref idref="oc-ce"/>
      </symbol>
      <symbol id="sm-64a">
         <name>_unlock</name>
         <value>0x20003b38</value>
         <object_component_ref idref="oc-ce"/>
      </symbol>
      <symbol id="sm-64b">
         <name>_register_lock</name>
         <value>0x345b</value>
         <object_component_ref idref="oc-162"/>
      </symbol>
      <symbol id="sm-64c">
         <name>_register_unlock</name>
         <value>0x3455</value>
         <object_component_ref idref="oc-162"/>
      </symbol>
      <symbol id="sm-660">
         <name>_args_main</name>
         <value>0x340d</value>
         <object_component_ref idref="oc-68"/>
      </symbol>
      <symbol id="sm-68a">
         <name>__TI_auto_init</name>
         <value>0x2df5</value>
         <object_component_ref idref="oc-62"/>
      </symbol>
      <symbol id="sm-6a4">
         <name>copy_in</name>
         <value>0x3289</value>
         <object_component_ref idref="oc-b5"/>
      </symbol>
      <symbol id="sm-6ba">
         <name>__TI_closefile</name>
         <value>0x2ce1</value>
         <object_component_ref idref="oc-226"/>
      </symbol>
      <symbol id="sm-6bb">
         <name>fclose</name>
         <value>0x2d47</value>
         <object_component_ref idref="oc-226"/>
      </symbol>
      <symbol id="sm-6d5">
         <name>__TI_doflush</name>
         <value>0x2961</value>
         <object_component_ref idref="oc-296"/>
      </symbol>
      <symbol id="sm-6d6">
         <name>fflush</name>
         <value>0x29ad</value>
         <object_component_ref idref="oc-296"/>
      </symbol>
      <symbol id="sm-6e7">
         <name>HOSTclose</name>
         <value>0x32d5</value>
         <object_component_ref idref="oc-25d"/>
      </symbol>
      <symbol id="sm-6f8">
         <name>HOSTlseek</name>
         <value>0x2f3d</value>
         <object_component_ref idref="oc-26f"/>
      </symbol>
      <symbol id="sm-70a">
         <name>parmbuf</name>
         <value>0x200034d4</value>
      </symbol>
      <symbol id="sm-70b">
         <name>HOSTopen</name>
         <value>0x3075</value>
         <object_component_ref idref="oc-257"/>
      </symbol>
      <symbol id="sm-71c">
         <name>HOSTread</name>
         <value>0x3131</value>
         <object_component_ref idref="oc-263"/>
      </symbol>
      <symbol id="sm-72d">
         <name>HOSTrename</name>
         <value>0x2fa5</value>
         <object_component_ref idref="oc-27b"/>
      </symbol>
      <symbol id="sm-73e">
         <name>HOSTunlink</name>
         <value>0x3319</value>
         <object_component_ref idref="oc-275"/>
      </symbol>
      <symbol id="sm-74f">
         <name>HOSTwrite</name>
         <value>0x3189</value>
         <object_component_ref idref="oc-269"/>
      </symbol>
      <symbol id="sm-7c1">
         <name>_sys_memory</name>
         <value>0x20003530</value>
         <object_component_ref idref="oc-30"/>
      </symbol>
      <symbol id="sm-7c2">
         <name>free</name>
         <value>0xe47</value>
         <object_component_ref idref="oc-232"/>
      </symbol>
      <symbol id="sm-7c3">
         <name>realloc</name>
         <value>0xf07</value>
         <object_component_ref idref="oc-232"/>
      </symbol>
      <symbol id="sm-7c4">
         <name>memalign</name>
         <value>0x1011</value>
         <object_component_ref idref="oc-232"/>
      </symbol>
      <symbol id="sm-7c5">
         <name>calloc</name>
         <value>0x10fd</value>
         <object_component_ref idref="oc-232"/>
      </symbol>
      <symbol id="sm-7c6">
         <name>malloc</name>
         <value>0xddd</value>
         <object_component_ref idref="oc-232"/>
      </symbol>
      <symbol id="sm-7c7">
         <name>minit</name>
         <value>0xd5d</value>
         <object_component_ref idref="oc-232"/>
      </symbol>
      <symbol id="sm-7d2">
         <name>_system_post_cinit</name>
         <value>0x2df3</value>
         <object_component_ref idref="oc-bb"/>
      </symbol>
      <symbol id="sm-7e0">
         <name>strcpy</name>
         <value>0x3469</value>
         <object_component_ref idref="oc-2de"/>
      </symbol>
      <symbol id="sm-7ee">
         <name>strlen</name>
         <value>0x347d</value>
         <object_component_ref idref="oc-2c4"/>
      </symbol>
      <symbol id="sm-809">
         <name>__TI_readmsg</name>
         <value>0x303f</value>
         <object_component_ref idref="oc-2ca"/>
      </symbol>
      <symbol id="sm-80a">
         <name>C$$IO$$</name>
         <value>0x303b</value>
         <object_component_ref idref="oc-2ca"/>
      </symbol>
      <symbol id="sm-80b">
         <name>__CIOBUF_</name>
         <value>0x20003200</value>
         <object_component_ref idref="oc-307"/>
      </symbol>
      <symbol id="sm-80c">
         <name>__TI_writemsg</name>
         <value>0x300d</value>
         <object_component_ref idref="oc-2ca"/>
      </symbol>
      <symbol id="sm-81c">
         <name>unlink</name>
         <value>0x3395</value>
         <object_component_ref idref="oc-2a2"/>
      </symbol>
      <symbol id="sm-830">
         <name>close</name>
         <value>0x30d5</value>
         <object_component_ref idref="oc-29c"/>
      </symbol>
      <symbol id="sm-831">
         <name>__TI_static_base__</name>
         <value>0x0</value>
      </symbol>
      <symbol id="sm-834">
         <name>SHT$$INIT_ARRAY$$Limit</name>
         <value>0x0</value>
      </symbol>
      <symbol id="sm-835">
         <name>SHT$$INIT_ARRAY$$Base</name>
         <value>0x0</value>
      </symbol>
      <symbol id="sm-836">
         <name>NMI_Handler</name>
         <value>0x34ab</value>
      </symbol>
      <symbol id="sm-837">
         <name>HardFault_Handler</name>
         <value>0x34ab</value>
      </symbol>
      <symbol id="sm-838">
         <name>MemManage_Handler</name>
         <value>0x34ab</value>
      </symbol>
      <symbol id="sm-839">
         <name>BusFault_Handler</name>
         <value>0x34ab</value>
      </symbol>
      <symbol id="sm-83a">
         <name>UsageFault_Handler</name>
         <value>0x34ab</value>
      </symbol>
      <symbol id="sm-83b">
         <name>SVC_Handler</name>
         <value>0x34ab</value>
      </symbol>
      <symbol id="sm-83c">
         <name>DebugMon_Handler</name>
         <value>0x34ab</value>
      </symbol>
      <symbol id="sm-83d">
         <name>PendSV_Handler</name>
         <value>0x34ab</value>
      </symbol>
      <symbol id="sm-83e">
         <name>SysTick_Handler</name>
         <value>0x34ab</value>
      </symbol>
      <symbol id="sm-83f">
         <name>PSS_IRQHandler</name>
         <value>0x34ab</value>
      </symbol>
      <symbol id="sm-840">
         <name>CS_IRQHandler</name>
         <value>0x34ab</value>
      </symbol>
      <symbol id="sm-841">
         <name>PCM_IRQHandler</name>
         <value>0x34ab</value>
      </symbol>
      <symbol id="sm-842">
         <name>WDT_A_IRQHandler</name>
         <value>0x34ab</value>
      </symbol>
      <symbol id="sm-843">
         <name>FPU_IRQHandler</name>
         <value>0x34ab</value>
      </symbol>
      <symbol id="sm-844">
         <name>FLCTL_IRQHandler</name>
         <value>0x34ab</value>
      </symbol>
      <symbol id="sm-845">
         <name>COMP_E0_IRQHandler</name>
         <value>0x34ab</value>
      </symbol>
      <symbol id="sm-846">
         <name>COMP_E1_IRQHandler</name>
         <value>0x34ab</value>
      </symbol>
      <symbol id="sm-847">
         <name>TA0_0_IRQHandler</name>
         <value>0x34ab</value>
      </symbol>
      <symbol id="sm-848">
         <name>TA0_N_IRQHandler</name>
         <value>0x34ab</value>
      </symbol>
      <symbol id="sm-849">
         <name>TA1_0_IRQHandler</name>
         <value>0x2c0f</value>
      </symbol>
      <symbol id="sm-84a">
         <name>TA1_N_IRQHandler</name>
         <value>0x34ab</value>
      </symbol>
      <symbol id="sm-84b">
         <name>TA2_0_IRQHandler</name>
         <value>0x34ab</value>
      </symbol>
      <symbol id="sm-84c">
         <name>TA2_N_IRQHandler</name>
         <value>0x34ab</value>
      </symbol>
      <symbol id="sm-84d">
         <name>TA3_0_IRQHandler</name>
         <value>0x2543</value>
      </symbol>
      <symbol id="sm-84e">
         <name>TA3_N_IRQHandler</name>
         <value>0x255d</value>
      </symbol>
      <symbol id="sm-84f">
         <name>EUSCIA0_IRQHandler</name>
         <value>0x833</value>
      </symbol>
      <symbol id="sm-850">
         <name>EUSCIA1_IRQHandler</name>
         <value>0x34ab</value>
      </symbol>
      <symbol id="sm-851">
         <name>EUSCIA2_IRQHandler</name>
         <value>0x34ab</value>
      </symbol>
      <symbol id="sm-852">
         <name>EUSCIA3_IRQHandler</name>
         <value>0x34ab</value>
      </symbol>
      <symbol id="sm-853">
         <name>EUSCIB0_IRQHandler</name>
         <value>0x34ab</value>
      </symbol>
      <symbol id="sm-854">
         <name>EUSCIB1_IRQHandler</name>
         <value>0x34ab</value>
      </symbol>
      <symbol id="sm-855">
         <name>EUSCIB2_IRQHandler</name>
         <value>0x34ab</value>
      </symbol>
      <symbol id="sm-856">
         <name>EUSCIB3_IRQHandler</name>
         <value>0x34ab</value>
      </symbol>
      <symbol id="sm-857">
         <name>ADC14_IRQHandler</name>
         <value>0x34ab</value>
      </symbol>
      <symbol id="sm-858">
         <name>T32_INT1_IRQHandler</name>
         <value>0x34ab</value>
      </symbol>
      <symbol id="sm-859">
         <name>T32_INT2_IRQHandler</name>
         <value>0x34ab</value>
      </symbol>
      <symbol id="sm-85a">
         <name>T32_INTC_IRQHandler</name>
         <value>0x34ab</value>
      </symbol>
      <symbol id="sm-85b">
         <name>AES256_IRQHandler</name>
         <value>0x34ab</value>
      </symbol>
      <symbol id="sm-85c">
         <name>RTC_C_IRQHandler</name>
         <value>0x34ab</value>
      </symbol>
      <symbol id="sm-85d">
         <name>DMA_ERR_IRQHandler</name>
         <value>0x34ab</value>
      </symbol>
      <symbol id="sm-85e">
         <name>DMA_INT3_IRQHandler</name>
         <value>0x34ab</value>
      </symbol>
      <symbol id="sm-85f">
         <name>DMA_INT2_IRQHandler</name>
         <value>0x34ab</value>
      </symbol>
      <symbol id="sm-860">
         <name>DMA_INT1_IRQHandler</name>
         <value>0x34ab</value>
      </symbol>
      <symbol id="sm-861">
         <name>DMA_INT0_IRQHandler</name>
         <value>0x34ab</value>
      </symbol>
      <symbol id="sm-862">
         <name>PORT1_IRQHandler</name>
         <value>0x34ab</value>
      </symbol>
      <symbol id="sm-863">
         <name>PORT2_IRQHandler</name>
         <value>0x34ab</value>
      </symbol>
      <symbol id="sm-864">
         <name>PORT3_IRQHandler</name>
         <value>0x34ab</value>
      </symbol>
      <symbol id="sm-865">
         <name>PORT4_IRQHandler</name>
         <value>0x275b</value>
      </symbol>
      <symbol id="sm-866">
         <name>PORT5_IRQHandler</name>
         <value>0x34ab</value>
      </symbol>
      <symbol id="sm-867">
         <name>PORT6_IRQHandler</name>
         <value>0x34ab</value>
      </symbol>
      <symbol id="sm-868">
         <name>remove</name>
         <value>0x3395</value>
      </symbol>
   </symbol_table>
   <title>Link successful</title>
</link_info>
