******************************************************************************
                  TI ARM Linker PC v16.9.6                     
******************************************************************************
>> Linked Mon Mar 30 17:01:56 2026

OUTPUT FILE NAME:   <Lab5_UARTComms.out>
ENTRY POINT SYMBOL: "_c_int00"  address: 000031e1


MEMORY CONFIGURATION

         name            origin    length      used     unused   attr    fill
----------------------  --------  ---------  --------  --------  ----  --------
  MAIN                  00000000   00040000  00003584  0003ca7c  R  X
  INFO                  00200000   00004000  00000000  00004000  R  X
  SRAM_CODE             01000000   00010000  00003d53  0000c2ad  RW X
  SRAM_DATA             20000000   00010000  00003d53  0000c2ad  RW  


SEGMENT ALLOCATION MAP

run origin  load origin   length   init length attrs members
----------  ----------- ---------- ----------- ----- -------
00000000    00000000    00003588   00003588    r-x
  00000000    00000000    000000e4   000000e4    r-- .intvecs
  000000e4    000000e4    000033d8   000033d8    r-x .text
  000034bc    000034bc    00000020   00000020    r-- .const
  000034e0    000034e0    000000a8   000000a8    r-- .cinit
20000000    20000000    00003b58   00000000    rw-
  20000000    20000000    0000352b   00000000    rw- .bss
  20003530    20003530    00000400   00000000    rw- .sysmem
  20003930    20003930    00000228   00000000    rw- .data
2000fe00    2000fe00    00000200   00000000    rw-
  2000fe00    2000fe00    00000200   00000000    rw- .stack


SECTION ALLOCATION MAP

 output                                  attributes/
section   page    origin      length       input sections
--------  ----  ----------  ----------   ----------------
.intvecs   0    00000000    000000e4     
                  00000000    000000e4     startup_msp432p401r_ccs.obj (.intvecs:retain)

.binit     0    00000000    00000000     

.text      0    000000e4    000033d8     
                  000000e4    000006bc     UART0.obj (.text)
                  000007a0    000005ba     EUSCIA0.obj (.text)
                  00000d5a    00000002     rtsv7M4_T_le_v4SPD16_eabi.lib : mpu_init.obj (.text)
                  00000d5c    000003d0                                   : memory.obj (.text)
                  0000112c    0000032c     system_msp432p401r.obj (.text)
                  00001458    00000248     LPF.obj (.text)
                  000016a0    00000210     FIFO0.obj (.text)
                  000018b0    00000208     Reflectance.obj (.text)
                  00001ab8    000001e0     Clock.obj (.text)
                  00001c98    000001d8     Lab5_main.obj (.text)
                  00001e70    000001c4     rtsv7M4_T_le_v4SPD16_eabi.lib : fopen.obj (.text)
                  00002034    000001b0     Motor.obj (.text)
                  000021e4    00000168     Tachometer.obj (.text)
                  0000234c    00000164     ADC14.obj (.text)
                  000024b0    00000104     TA3InputCapture.obj (.text)
                  000025b4    000000f4     LaunchPad.obj (.text)
                  000026a8    000000f0     BumpInt.obj (.text)
                  00002798    000000ec     PWM.obj (.text)
                  00002884    000000dc     rtsv7M4_T_le_v4SPD16_eabi.lib : setvbuf.obj (.text)
                  00002960    000000c8                                   : fflush.obj (.text)
                  00002a28    000000bc                                   : open.obj (.text)
                  00002ae4    000000b8                                   : add_device.obj (.text)
                  00002b9c    000000a8     TimerA1.obj (.text)
                  00002c44    0000009c     rtsv7M4_T_le_v4SPD16_eabi.lib : memcpy_t2.obj (.text)
                  00002ce0    00000098                                   : fclose.obj (.text)
                  00002d78    0000007a                                   : memset_t2.obj (.text)
                  00002df2    00000002                                   : startup.obj (.text)
                  00002df4    00000070                                   : autoinit.obj (.text)
                  00002e64    00000070                                   : getdevice.obj (.text)
                  00002ed4    00000068                                   : copy_decompress_lzss.obj (.text:decompress:lzss)
                  00002f3c    00000068                                   : hostlseek.obj (.text)
                  00002fa4    00000068                                   : hostrename.obj (.text)
                  0000300c    00000068                                   : trgmsg.obj (.text)
                  00003074    00000060                                   : hostopen.obj (.text)
                  000030d4    0000005c                                   : close.obj (.text)
                  00003130    00000058                                   : hostread.obj (.text)
                  00003188    00000058                                   : hostwrite.obj (.text)
                  000031e0    00000054                                   : boot.obj (.text)
                  00003234    00000054                                   : exit.obj (.text)
                  00003288    0000004c                                   : cpy_tbl.obj (.text)
                  000032d4    00000044                                   : hostclose.obj (.text)
                  00003318    00000044                                   : hostunlink.obj (.text)
                  0000335c    00000036                                   : strncpy.obj (.text)
                  00003392    00000002     --HOLE-- [fill = 0]
                  00003394    0000002c                                   : unlink.obj (.text)
                  000033c0    00000028                                   : write.obj (.text)
                  000033e8    00000024     CortexM.obj (.text)
                  0000340c    00000018     rtsv7M4_T_le_v4SPD16_eabi.lib : args_main.obj (.text)
                  00003424    00000018                                   : strcmp.obj (.text)
                  0000343c    00000016                                   : strchr.obj (.text)
                  00003452    00000002     --HOLE-- [fill = 0]
                  00003454    00000014                                   : _lock.obj (.text)
                  00003468    00000014                                   : strcpy.obj (.text)
                  0000347c    00000014                                   : strlen.obj (.text)
                  00003490    0000000e                                   : copy_decompress_none.obj (.text:decompress:none)
                  0000349e    0000000e     startup_msp432p401r_ccs.obj (.text)
                  000034ac    0000000c     rtsv7M4_T_le_v4SPD16_eabi.lib : copy_zero_init.obj (.text:decompress:ZI)
                  000034b8    00000004                                   : pre_init.obj (.text)

.const     0    000034bc    00000020     
                  000034bc    00000020     Reflectance.obj (.const:$P$T0$1)

.cinit     0    000034e0    000000a8     
                  000034e0    00000083     (.cinit..data.load) [load image, compression = lzss]
                  00003563    00000001     --HOLE-- [fill = 0]
                  00003564    0000000c     (__TI_handler_table)
                  00003570    00000008     (.cinit..bss.load) [load image, compression = zero_init]
                  00003578    00000010     (__TI_cinit_table)

.init_array 
*          0    00000000    00000000     UNINITIALIZED

.bss       0    20000000    0000352b     UNINITIALIZED
                  20000000    00001000     (.common:x)
                  20001000    00001000     (.common:x2)
                  20002000    00001000     (.common:x3)
                  20003000    00000200     (.common:TxHistogram)
                  20003200    00000120     rtsv7M4_T_le_v4SPD16_eabi.lib : trgmsg.obj (.bss:_CIOBUF_)
                  20003320    000000a0     (.common:__TI_tmpnams)
                  200033c0    00000082     (.common:RxFifo0)
                  20003442    00000082     (.common:TxFifo0)
                  200034c4    00000008     (.common:Messageb)
                  200034cc    00000008     (.common:Messagec)
                  200034d4    00000008     (.common:parmbuf)
                  200034dc    00000004     (.common:ADCflag)
                  200034e0    00000004     (.common:I1)
                  200034e4    00000004     (.common:I2)
                  200034e8    00000004     (.common:I3)
                  200034ec    00000004     (.common:LPFSum)
                  200034f0    00000004     (.common:LPFSum2)
                  200034f4    00000004     (.common:LPFSum3)
                  200034f8    00000004     (.common:Messageindexb)
                  200034fc    00000004     (.common:Messageindexc)
                  20003500    00000004     (.common:Port4Task)
                  20003504    00000004     (.common:Size)
                  20003508    00000004     (.common:Size2)
                  2000350c    00000004     (.common:Size3)
                  20003510    00000004     (.common:TimerA1Task)
                  20003514    00000004     (.common:nc)
                  20003518    00000004     (.common:nl)
                  2000351c    00000004     (.common:nr)
                  20003520    00000002     (.common:Tachometer_FirstLeftTime)
                  20003522    00000002     (.common:Tachometer_FirstRightTime)
                  20003524    00000002     (.common:Tachometer_SecondLeftTime)
                  20003526    00000002     (.common:Tachometer_SecondRightTime)
                  20003528    00000001     (.common:bump_data)
                  20003529    00000001     (.common:rf_center)
                  2000352a    00000001     (.common:rf_data)

.sysmem    0    20003530    00000400     UNINITIALIZED
                  20003530    00000008     rtsv7M4_T_le_v4SPD16_eabi.lib : memory.obj (.sysmem)
                  20003538    000003f8     --HOLE--

.data      0    20003930    00000228     UNINITIALIZED
                  20003930    000000f0     rtsv7M4_T_le_v4SPD16_eabi.lib : defs.obj (.data:_ftable)
                  20003a20    00000078                                   : write.obj (.data:_device)
                  20003a98    00000050                                   : write.obj (.data:_stream)
                  20003ae8    00000018     Clock.obj (.data)
                  20003b00    00000010     rtsv7M4_T_le_v4SPD16_eabi.lib : defs.obj (.data)
                  20003b10    0000000c                                   : exit.obj (.data:$O1$$)
                  20003b1c    0000000c                                   : memory.obj (.data:$O1$$)
                  20003b28    0000000a     Tachometer.obj (.data)
                  20003b32    00000002     --HOLE--
                  20003b34    00000008     rtsv7M4_T_le_v4SPD16_eabi.lib : _lock.obj (.data:$O1$$)
                  20003b3c    00000008     TA3InputCapture.obj (.data)
                  20003b44    00000004     rtsv7M4_T_le_v4SPD16_eabi.lib : add_device.obj (.data)
                  20003b48    00000004                                   : fopen.obj (.data)
                  20003b4c    00000004                                   : open.obj (.data)
                  20003b50    00000004                                   : stkdepth_vars.obj (.data)
                  20003b54    00000004     system_msp432p401r.obj (.data)

.stack     0    2000fe00    00000200     UNINITIALIZED
                  2000fe00    00000200     --HOLE--

MODULE SUMMARY

       Module                        code    ro data   rw data
       ------                        ----    -------   -------
    .\
       LPF.obj                       584     0         24648  
       FIFO0.obj                     528     0         1544   
       UART0.obj                     1724    0         24     
       EUSCIA0.obj                   1466    0         24     
       system_msp432p401r.obj        812     0         8      
       Reflectance.obj               520     32        0      
       Clock.obj                     480     0         48     
       Lab5_main.obj                 472     0         38     
       Motor.obj                     432     0         0      
       Tachometer.obj                360     0         36     
       ADC14.obj                     356     0         0      
       TA3InputCapture.obj           260     0         16     
       BumpInt.obj                   240     0         8      
       LaunchPad.obj                 244     0         0      
       startup_msp432p401r_ccs.obj   14      228       0      
       PWM.obj                       236     0         0      
       TimerA1.obj                   168     0         8      
       CortexM.obj                   36      0         0      
    +--+-----------------------------+-------+---------+---------+
       Total:                        8932    260       26402  
                                                              
    C:\ti\ccsv7\tools\compiler\ti-cgt-arm_16.9.6.LTS\lib\rtsv7M4_T_le_v4SPD16_eabi.lib
       memory.obj                    976     0         24     
       defs.obj                      0       0         832    
       trgmsg.obj                    104     0         576    
       fopen.obj                     452     0         8      
       write.obj                     40      0         400    
       setvbuf.obj                   220     0         0      
       fflush.obj                    200     0         0      
       open.obj                      188     0         8      
       add_device.obj                184     0         8      
       memcpy_t2.obj                 156     0         0      
       fclose.obj                    152     0         0      
       memset_t2.obj                 122     0         0      
       autoinit.obj                  112     0         0      
       getdevice.obj                 112     0         0      
       hostopen.obj                  96      0         16     
       exit.obj                      84      0         24     
       copy_decompress_lzss.obj      104     0         0      
       hostlseek.obj                 104     0         0      
       hostrename.obj                104     0         0      
       close.obj                     92      0         0      
       hostread.obj                  88      0         0      
       hostwrite.obj                 88      0         0      
       boot.obj                      84      0         0      
       cpy_tbl.obj                   76      0         0      
       hostclose.obj                 68      0         0      
       hostunlink.obj                68      0         0      
       strncpy.obj                   54      0         0      
       unlink.obj                    44      0         0      
       _lock.obj                     20      0         16     
       args_main.obj                 24      0         0      
       strcmp.obj                    24      0         0      
       strchr.obj                    22      0         0      
       strcpy.obj                    20      0         0      
       strlen.obj                    20      0         0      
       copy_decompress_none.obj      14      0         0      
       copy_zero_init.obj            12      0         0      
       stkdepth_vars.obj             0       0         8      
       pre_init.obj                  4       0         0      
       mpu_init.obj                  2       0         0      
       startup.obj                   2       0         0      
    +--+-----------------------------+-------+---------+---------+
       Total:                        4336    0         1920   
                                                              
       Heap:                         0       0         2048   
       Stack:                        0       0         1024   
       Linker Generated:             0       167       0      
    +--+-----------------------------+-------+---------+---------+
       Grand Total:                  13268   427       31394  


LINKER GENERATED COPY TABLES

__TI_cinit_table @ 00003578 records: 2, size/record: 8, table size: 16
	.data: load addr=000034e0, load size=00000083 bytes, run addr=20003930, run size=00000228 bytes, compression=lzss
	.bss: load addr=00003570, load size=00000008 bytes, run addr=20000000, run size=0000352b bytes, compression=zero_init


LINKER GENERATED HANDLER TABLE

__TI_handler_table @ 00003564 records: 3, size/record: 4, table size: 12
	index: 0, handler: __TI_decompress_lzss
	index: 1, handler: __TI_decompress_none
	index: 2, handler: __TI_zero_init


GLOBAL SYMBOLS: SORTED ALPHABETICALLY BY Name 

address   name                           
-------   ----                           
0000234d  ADC0_InitSWTriggerCh12         
000023bd  ADC0_InitSWTriggerCh17_12_16   
000034ab  ADC14_IRQHandler               
0000239d  ADC_In12                       
0000242d  ADC_In17_12_16                 
200034dc  ADCflag                        
000034ab  AES256_IRQHandler              
00001ce9  Blink                          
00001d07  BumpHandler                    
000026a9  BumpInt_Init                   
00002723  Bump_Read                      
000034ab  BusFault_Handler               
00003235  C$$EXIT                        
0000303b  C$$IO$$                        
000034ab  COMP_E0_IRQHandler             
000034ab  COMP_E1_IRQHandler             
20003af0  CPMwait                        
000034ab  CS_IRQHandler                  
20003b3c  CaptureTask0                   
20003b40  CaptureTask2                   
20003ae8  ClockFrequency                 
00001c0d  Clock_Delay1ms                 
00001be3  Clock_Delay1us                 
00001bcf  Clock_GetFreq                  
00001ab9  Clock_Init48MHz                
20003afc  Crystalstable                  
000034ab  DMA_ERR_IRQHandler             
000034ab  DMA_INT0_IRQHandler            
000034ab  DMA_INT1_IRQHandler            
000034ab  DMA_INT2_IRQHandler            
000034ab  DMA_INT3_IRQHandler            
000034ab  DebugMon_Handler               
000034ab  Default_Handler                
000033e9  DisableInterrupts              
00000833  EUSCIA0_IRQHandler             
00000833  EUSCIA0_IRQHandler             
00000807  EUSCIA0_InChar                 
00000cd1  EUSCIA0_InString               
00000887  EUSCIA0_InUDec                 
00000b85  EUSCIA0_InUHex                 
000007a1  EUSCIA0_Init                   
00000819  EUSCIA0_OutChar                
00000869  EUSCIA0_OutString              
0000090b  EUSCIA0_OutUDec                
00000a9d  EUSCIA0_OutUDec4               
00000ad5  EUSCIA0_OutUDec5               
00000b11  EUSCIA0_OutUFix1               
00000b39  EUSCIA0_OutUFix2               
00000c4d  EUSCIA0_OutUHex                
00000cb3  EUSCIA0_OutUHex2               
00000c91  EUSCIA0outnibble               
000034ab  EUSCIA1_IRQHandler             
000034ab  EUSCIA2_IRQHandler             
000034ab  EUSCIA3_IRQHandler             
000034ab  EUSCIB0_IRQHandler             
000034ab  EUSCIB1_IRQHandler             
000034ab  EUSCIB2_IRQHandler             
000034ab  EUSCIB3_IRQHandler             
000033ef  EnableInterrupts               
000033ff  EndCritical                    
000034ab  FLCTL_IRQHandler               
000034ab  FPU_IRQHandler                 
000032d5  HOSTclose                      
00002f3d  HOSTlseek                      
00003075  HOSTopen                       
00003131  HOSTread                       
00002fa5  HOSTrename                     
00003319  HOSTunlink                     
00003189  HOSTwrite                      
000034ab  HardFault_Handler              
200034e0  I1                             
200034e4  I2                             
200034e8  I3                             
20003af8  IFlags                         
200034ec  LPFSum                         
200034f0  LPFSum2                        
200034f4  LPFSum3                        
000014b7  LPF_Calc                       
00001569  LPF_Calc2                      
0000161b  LPF_Calc3                      
00001459  LPF_Init                       
0000150b  LPF_Init2                      
000015bd  LPF_Init3                      
000025b5  LaunchPad_Init                 
00002625  LaunchPad_Input                
0000263f  LaunchPad_LED                  
0000265d  LaunchPad_Output               
000034ab  MemManage_Handler              
200034c4  Messageb                       
200034cc  Messagec                       
200034f8  Messageindexb                  
200034fc  Messageindexc                  
00002185  Motor_Backward                 
000020e1  Motor_Forward                  
00002035  Motor_Init                     
0000214b  Motor_Left                     
00002111  Motor_Right                    
000020bd  Motor_Stop                     
000034ab  NMI_Handler                    
000034ab  PCM_IRQHandler                 
000034ab  PORT1_IRQHandler               
000034ab  PORT2_IRQHandler               
000034ab  PORT3_IRQHandler               
0000275b  PORT4_IRQHandler               
0000275b  PORT4_IRQHandler               
000034ab  PORT5_IRQHandler               
000034ab  PORT6_IRQHandler               
000034ab  PSS_IRQHandler                 
0000281d  PWM_Duty3                      
0000283d  PWM_Duty4                      
00002799  PWM_Init34                     
000034ab  PendSV_Handler                 
20003500  Port4Task                      
000018c1  Port5_Init                     
00001915  Port7_Init                     
0000194b  Port7_InitToInput              
00001935  Port7_Output_ChargeCap         
000018eb  Port9_Init                     
20003af4  Postwait                       
20003aec  Prewait                        
000034ab  RTC_C_IRQHandler               
000019a5  Reflectance_Center             
00001a57  Reflectance_End                
000018b1  Reflectance_Init               
000019c5  Reflectance_Position           
00001957  Reflectance_Read               
00001a31  Reflectance_Start              
0000349f  Reset_Handler                  
200033c0  RxFifo0                        
0000181b  RxFifo0_Get                    
000017c1  RxFifo0_Init                   
000017cd  RxFifo0_Put                    
00001859  RxFifo0_Size                   
UNDEFED   SHT$$INIT_ARRAY$$Base          
UNDEFED   SHT$$INIT_ARRAY$$Limit         
000034ab  SVC_Handler                    
00001c99  SensorRead_ISR                 
20003504  Size                           
20003508  Size2                          
2000350c  Size3                          
000033f5  StartCritical                  
000034ab  SysTick_Handler                
20003b54  SystemCoreClock                
0000112d  SystemCoreClockUpdate          
000013a1  SystemInit                     
000034ab  T32_INT1_IRQHandler            
000034ab  T32_INT2_IRQHandler            
000034ab  T32_INTC_IRQHandler            
000034ab  TA0_0_IRQHandler               
000034ab  TA0_N_IRQHandler               
00002c0f  TA1_0_IRQHandler               
00002c0f  TA1_0_IRQHandler               
000034ab  TA1_N_IRQHandler               
000034ab  TA2_0_IRQHandler               
000034ab  TA2_N_IRQHandler               
00002543  TA3_0_IRQHandler               
00002543  TA3_0_IRQHandler               
0000255d  TA3_N_IRQHandler               
0000255d  TA3_N_IRQHandler               
20003520  Tachometer_FirstLeftTime       
20003522  Tachometer_FirstRightTime      
000022b9  Tachometer_Get                 
00002271  Tachometer_Init                
20003b31  Tachometer_LeftDir             
20003b2c  Tachometer_LeftSteps           
20003b30  Tachometer_RightDir            
20003b28  Tachometer_RightSteps          
20003524  Tachometer_SecondLeftTime      
20003526  Tachometer_SecondRightTime     
00001d63  TimedPause                     
20003510  TimerA1Task                    
00002b9d  TimerA1_Init                   
00002bfb  TimerA1_Stop                   
000024bd  TimerA3Capture_Init            
20003442  TxFifo0                        
0000172d  TxFifo0_Get                    
000016a1  TxFifo0_Init                   
000016d3  TxFifo0_Put                    
0000176b  TxFifo0_Size                   
20003000  TxHistogram                    
0000012b  UART0_InChar                   
000005b5  UART0_InString                 
00000175  UART0_InUDec                   
00000469  UART0_InUHex                   
000000e5  UART0_Init                     
00000715  UART0_Initprintf               
0000013b  UART0_OutChar                  
00000157  UART0_OutString                
000001f9  UART0_OutUDec                  
00000365  UART0_OutUDec4                 
000003b9  UART0_OutUDec5                 
000003f5  UART0_OutUFix1                 
0000041d  UART0_OutUFix2                 
0000052d  UART0_OutUHex                  
00000599  UART0_OutUHex2                 
000034ab  UsageFault_Handler             
4000480c  WDTCTL_SYM                     
000034ab  WDT_A_IRQHandler               
00003407  WaitForInterrupt               
20003200  __CIOBUF_                      
20010000  __STACK_END                    
00000200  __STACK_SIZE                   
00000400  __SYSMEM_SIZE                  
00003578  __TI_CINIT_Base                
00003588  __TI_CINIT_Limit               
00003564  __TI_Handler_Table_Base        
00003570  __TI_Handler_Table_Limit       
00002df5  __TI_auto_init                 
00001f39  __TI_cleanup                   
20003b10  __TI_cleanup_ptr               
00002ce1  __TI_closefile                 
00002ed5  __TI_decompress_lzss           
00003491  __TI_decompress_none           
00002961  __TI_doflush                   
20003b14  __TI_dtors_ptr                 
20003b18  __TI_enable_exit_profile_output
20003b00  __TI_ft_end                    
ffffffff  __TI_pprof_out_hndl            
ffffffff  __TI_prof_data_size            
ffffffff  __TI_prof_data_start           
0000303f  __TI_readmsg                   
00000000  __TI_static_base__             
20003320  __TI_tmpnams                   
0000300d  __TI_writemsg                  
000034ad  __TI_zero_init                 
00002d79  __aeabi_memclr                 
00002d79  __aeabi_memclr4                
00002d79  __aeabi_memclr8                
00002c45  __aeabi_memcpy                 
00002c45  __aeabi_memcpy4                
00002c45  __aeabi_memcpy8                
00002d7b  __aeabi_memset                 
00002d7b  __aeabi_memset4                
00002d7b  __aeabi_memset8                
20003b0c  __aeabi_stderr                 
20003b04  __aeabi_stdin                  
20003b08  __aeabi_stdout                 
ffffffff  __binit__                      
ffffffff  __c_args__                     
00000d5b  __mpu_init                     
2000fe00  __stack                        
0000340d  _args_main                     
000031e1  _c_int00                       
20003a20  _device                        
20003930  _ftable                        
20003b34  _lock                          
00003463  _nop                           
0000345b  _register_lock                 
00003455  _register_unlock               
20003a98  _stream                        
20003530  _sys_memory                    
00002df3  _system_post_cinit             
000034b9  _system_pre_init               
20003b38  _unlock                        
00003239  abort                          
00002ae5  add_device                     
ffffffff  binit                          
20003528  bump_data                      
000010fd  calloc                         
000030d5  close                          
00003289  copy_in                        
00001bd5  delay                          
00003241  exit                           
00002d47  fclose                         
0000064f  ferror                         
000029ad  fflush                         
0000062f  fgetc                          
00002e65  finddevice                     
00001f8f  fopen                          
00000e47  free                           
00001f65  freopen                        
00002e8f  getdevice                      
00000000  interruptVectors               
00001d83  main                           
20003b50  main_func_sp                   
00000ddd  malloc                         
00001011  memalign                       
00002c45  memcpy                         
00002d81  memset                         
00000d5d  minit                          
20003514  nc                             
20003518  nl                             
2000351c  nr                             
00002a29  open                           
00000571  outnibble                      
200034d4  parmbuf                        
00000f07  realloc                        
00003395  remove                         
20003529  rf_center                      
2000352a  rf_data                        
00002885  setvbuf                        
0000343d  strchr                         
00003425  strcmp                         
00003469  strcpy                         
0000347d  strlen                         
0000335d  strncpy                        
000024b1  ta3dummy                       
0000222b  tachometerLeftInt              
000021e5  tachometerRightInt             
0000066d  uart_close                     
000006eb  uart_lseek                     
0000065d  uart_open                      
0000067f  uart_read                      
00000707  uart_rename                    
000006fb  uart_unlink                    
000006a9  uart_write                     
00003395  unlink                         
000033c1  write                          
20000000  x                              
20001000  x2                             
20002000  x3                             


GLOBAL SYMBOLS: SORTED BY Symbol Address 

address   name                           
-------   ----                           
00000000  __TI_static_base__             
00000000  interruptVectors               
000000e5  UART0_Init                     
0000012b  UART0_InChar                   
0000013b  UART0_OutChar                  
00000157  UART0_OutString                
00000175  UART0_InUDec                   
000001f9  UART0_OutUDec                  
00000200  __STACK_SIZE                   
00000365  UART0_OutUDec4                 
000003b9  UART0_OutUDec5                 
000003f5  UART0_OutUFix1                 
00000400  __SYSMEM_SIZE                  
0000041d  UART0_OutUFix2                 
00000469  UART0_InUHex                   
0000052d  UART0_OutUHex                  
00000571  outnibble                      
00000599  UART0_OutUHex2                 
000005b5  UART0_InString                 
0000062f  fgetc                          
0000064f  ferror                         
0000065d  uart_open                      
0000066d  uart_close                     
0000067f  uart_read                      
000006a9  uart_write                     
000006eb  uart_lseek                     
000006fb  uart_unlink                    
00000707  uart_rename                    
00000715  UART0_Initprintf               
000007a1  EUSCIA0_Init                   
00000807  EUSCIA0_InChar                 
00000819  EUSCIA0_OutChar                
00000833  EUSCIA0_IRQHandler             
00000833  EUSCIA0_IRQHandler             
00000869  EUSCIA0_OutString              
00000887  EUSCIA0_InUDec                 
0000090b  EUSCIA0_OutUDec                
00000a9d  EUSCIA0_OutUDec4               
00000ad5  EUSCIA0_OutUDec5               
00000b11  EUSCIA0_OutUFix1               
00000b39  EUSCIA0_OutUFix2               
00000b85  EUSCIA0_InUHex                 
00000c4d  EUSCIA0_OutUHex                
00000c91  EUSCIA0outnibble               
00000cb3  EUSCIA0_OutUHex2               
00000cd1  EUSCIA0_InString               
00000d5b  __mpu_init                     
00000d5d  minit                          
00000ddd  malloc                         
00000e47  free                           
00000f07  realloc                        
00001011  memalign                       
000010fd  calloc                         
0000112d  SystemCoreClockUpdate          
000013a1  SystemInit                     
00001459  LPF_Init                       
000014b7  LPF_Calc                       
0000150b  LPF_Init2                      
00001569  LPF_Calc2                      
000015bd  LPF_Init3                      
0000161b  LPF_Calc3                      
000016a1  TxFifo0_Init                   
000016d3  TxFifo0_Put                    
0000172d  TxFifo0_Get                    
0000176b  TxFifo0_Size                   
000017c1  RxFifo0_Init                   
000017cd  RxFifo0_Put                    
0000181b  RxFifo0_Get                    
00001859  RxFifo0_Size                   
000018b1  Reflectance_Init               
000018c1  Port5_Init                     
000018eb  Port9_Init                     
00001915  Port7_Init                     
00001935  Port7_Output_ChargeCap         
0000194b  Port7_InitToInput              
00001957  Reflectance_Read               
000019a5  Reflectance_Center             
000019c5  Reflectance_Position           
00001a31  Reflectance_Start              
00001a57  Reflectance_End                
00001ab9  Clock_Init48MHz                
00001bcf  Clock_GetFreq                  
00001bd5  delay                          
00001be3  Clock_Delay1us                 
00001c0d  Clock_Delay1ms                 
00001c99  SensorRead_ISR                 
00001ce9  Blink                          
00001d07  BumpHandler                    
00001d63  TimedPause                     
00001d83  main                           
00001f39  __TI_cleanup                   
00001f65  freopen                        
00001f8f  fopen                          
00002035  Motor_Init                     
000020bd  Motor_Stop                     
000020e1  Motor_Forward                  
00002111  Motor_Right                    
0000214b  Motor_Left                     
00002185  Motor_Backward                 
000021e5  tachometerRightInt             
0000222b  tachometerLeftInt              
00002271  Tachometer_Init                
000022b9  Tachometer_Get                 
0000234d  ADC0_InitSWTriggerCh12         
0000239d  ADC_In12                       
000023bd  ADC0_InitSWTriggerCh17_12_16   
0000242d  ADC_In17_12_16                 
000024b1  ta3dummy                       
000024bd  TimerA3Capture_Init            
00002543  TA3_0_IRQHandler               
00002543  TA3_0_IRQHandler               
0000255d  TA3_N_IRQHandler               
0000255d  TA3_N_IRQHandler               
000025b5  LaunchPad_Init                 
00002625  LaunchPad_Input                
0000263f  LaunchPad_LED                  
0000265d  LaunchPad_Output               
000026a9  BumpInt_Init                   
00002723  Bump_Read                      
0000275b  PORT4_IRQHandler               
0000275b  PORT4_IRQHandler               
00002799  PWM_Init34                     
0000281d  PWM_Duty3                      
0000283d  PWM_Duty4                      
00002885  setvbuf                        
00002961  __TI_doflush                   
000029ad  fflush                         
00002a29  open                           
00002ae5  add_device                     
00002b9d  TimerA1_Init                   
00002bfb  TimerA1_Stop                   
00002c0f  TA1_0_IRQHandler               
00002c0f  TA1_0_IRQHandler               
00002c45  __aeabi_memcpy                 
00002c45  __aeabi_memcpy4                
00002c45  __aeabi_memcpy8                
00002c45  memcpy                         
00002ce1  __TI_closefile                 
00002d47  fclose                         
00002d79  __aeabi_memclr                 
00002d79  __aeabi_memclr4                
00002d79  __aeabi_memclr8                
00002d7b  __aeabi_memset                 
00002d7b  __aeabi_memset4                
00002d7b  __aeabi_memset8                
00002d81  memset                         
00002df3  _system_post_cinit             
00002df5  __TI_auto_init                 
00002e65  finddevice                     
00002e8f  getdevice                      
00002ed5  __TI_decompress_lzss           
00002f3d  HOSTlseek                      
00002fa5  HOSTrename                     
0000300d  __TI_writemsg                  
0000303b  C$$IO$$                        
0000303f  __TI_readmsg                   
00003075  HOSTopen                       
000030d5  close                          
00003131  HOSTread                       
00003189  HOSTwrite                      
000031e1  _c_int00                       
00003235  C$$EXIT                        
00003239  abort                          
00003241  exit                           
00003289  copy_in                        
000032d5  HOSTclose                      
00003319  HOSTunlink                     
0000335d  strncpy                        
00003395  remove                         
00003395  unlink                         
000033c1  write                          
000033e9  DisableInterrupts              
000033ef  EnableInterrupts               
000033f5  StartCritical                  
000033ff  EndCritical                    
00003407  WaitForInterrupt               
0000340d  _args_main                     
00003425  strcmp                         
0000343d  strchr                         
00003455  _register_unlock               
0000345b  _register_lock                 
00003463  _nop                           
00003469  strcpy                         
0000347d  strlen                         
00003491  __TI_decompress_none           
0000349f  Reset_Handler                  
000034ab  ADC14_IRQHandler               
000034ab  AES256_IRQHandler              
000034ab  BusFault_Handler               
000034ab  COMP_E0_IRQHandler             
000034ab  COMP_E1_IRQHandler             
000034ab  CS_IRQHandler                  
000034ab  DMA_ERR_IRQHandler             
000034ab  DMA_INT0_IRQHandler            
000034ab  DMA_INT1_IRQHandler            
000034ab  DMA_INT2_IRQHandler            
000034ab  DMA_INT3_IRQHandler            
000034ab  DebugMon_Handler               
000034ab  Default_Handler                
000034ab  EUSCIA1_IRQHandler             
000034ab  EUSCIA2_IRQHandler             
000034ab  EUSCIA3_IRQHandler             
000034ab  EUSCIB0_IRQHandler             
000034ab  EUSCIB1_IRQHandler             
000034ab  EUSCIB2_IRQHandler             
000034ab  EUSCIB3_IRQHandler             
000034ab  FLCTL_IRQHandler               
000034ab  FPU_IRQHandler                 
000034ab  HardFault_Handler              
000034ab  MemManage_Handler              
000034ab  NMI_Handler                    
000034ab  PCM_IRQHandler                 
000034ab  PORT1_IRQHandler               
000034ab  PORT2_IRQHandler               
000034ab  PORT3_IRQHandler               
000034ab  PORT5_IRQHandler               
000034ab  PORT6_IRQHandler               
000034ab  PSS_IRQHandler                 
000034ab  PendSV_Handler                 
000034ab  RTC_C_IRQHandler               
000034ab  SVC_Handler                    
000034ab  SysTick_Handler                
000034ab  T32_INT1_IRQHandler            
000034ab  T32_INT2_IRQHandler            
000034ab  T32_INTC_IRQHandler            
000034ab  TA0_0_IRQHandler               
000034ab  TA0_N_IRQHandler               
000034ab  TA1_N_IRQHandler               
000034ab  TA2_0_IRQHandler               
000034ab  TA2_N_IRQHandler               
000034ab  UsageFault_Handler             
000034ab  WDT_A_IRQHandler               
000034ad  __TI_zero_init                 
000034b9  _system_pre_init               
00003564  __TI_Handler_Table_Base        
00003570  __TI_Handler_Table_Limit       
00003578  __TI_CINIT_Base                
00003588  __TI_CINIT_Limit               
20000000  x                              
20001000  x2                             
20002000  x3                             
20003000  TxHistogram                    
20003200  __CIOBUF_                      
20003320  __TI_tmpnams                   
200033c0  RxFifo0                        
20003442  TxFifo0                        
200034c4  Messageb                       
200034cc  Messagec                       
200034d4  parmbuf                        
200034dc  ADCflag                        
200034e0  I1                             
200034e4  I2                             
200034e8  I3                             
200034ec  LPFSum                         
200034f0  LPFSum2                        
200034f4  LPFSum3                        
200034f8  Messageindexb                  
200034fc  Messageindexc                  
20003500  Port4Task                      
20003504  Size                           
20003508  Size2                          
2000350c  Size3                          
20003510  TimerA1Task                    
20003514  nc                             
20003518  nl                             
2000351c  nr                             
20003520  Tachometer_FirstLeftTime       
20003522  Tachometer_FirstRightTime      
20003524  Tachometer_SecondLeftTime      
20003526  Tachometer_SecondRightTime     
20003528  bump_data                      
20003529  rf_center                      
2000352a  rf_data                        
20003530  _sys_memory                    
20003930  _ftable                        
20003a20  _device                        
20003a98  _stream                        
20003ae8  ClockFrequency                 
20003aec  Prewait                        
20003af0  CPMwait                        
20003af4  Postwait                       
20003af8  IFlags                         
20003afc  Crystalstable                  
20003b00  __TI_ft_end                    
20003b04  __aeabi_stdin                  
20003b08  __aeabi_stdout                 
20003b0c  __aeabi_stderr                 
20003b10  __TI_cleanup_ptr               
20003b14  __TI_dtors_ptr                 
20003b18  __TI_enable_exit_profile_output
20003b28  Tachometer_RightSteps          
20003b2c  Tachometer_LeftSteps           
20003b30  Tachometer_RightDir            
20003b31  Tachometer_LeftDir             
20003b34  _lock                          
20003b38  _unlock                        
20003b3c  CaptureTask0                   
20003b40  CaptureTask2                   
20003b50  main_func_sp                   
20003b54  SystemCoreClock                
2000fe00  __stack                        
20010000  __STACK_END                    
4000480c  WDTCTL_SYM                     
ffffffff  __TI_pprof_out_hndl            
ffffffff  __TI_prof_data_size            
ffffffff  __TI_prof_data_start           
ffffffff  __binit__                      
ffffffff  __c_args__                     
ffffffff  binit                          
UNDEFED   SHT$$INIT_ARRAY$$Base          
UNDEFED   SHT$$INIT_ARRAY$$Limit         

[311 symbols]
