******************************************************************************
                  TI ARM Linker PC v16.9.6                     
******************************************************************************
>> Linked Fri Mar 20 15:51:31 2026

OUTPUT FILE NAME:   <Lab1_C_Programming.out>
ENTRY POINT SYMBOL: "_c_int00"  address: 000008c5


MEMORY CONFIGURATION

         name            origin    length      used     unused   attr    fill
----------------------  --------  ---------  --------  --------  ----  --------
  MAIN                  00000000   00040000  00000a48  0003f5b8  R  X
  INFO                  00200000   00004000  00000000  00004000  R  X
  SRAM_CODE             01000000   00010000  00000234  0000fdcc  RW X
  SRAM_DATA             20000000   00010000  00000234  0000fdcc  RW  


SEGMENT ALLOCATION MAP

run origin  load origin   length   init length attrs members
----------  ----------- ---------- ----------- ----- -------
00000000    00000000    00000a48   00000a48    r-x
  00000000    00000000    000000e4   000000e4    r-- .intvecs
  000000e4    000000e4    00000924   00000924    r-x .text
  00000a08    00000a08    00000018   00000018    r-- .const
  00000a20    00000a20    00000028   00000028    r-- .cinit
20000000    20000000    00000034   00000000    rw-
  20000000    20000000    00000034   00000000    rw- .data
2000fe00    2000fe00    00000200   00000000    rw-
  2000fe00    2000fe00    00000200   00000000    rw- .stack


SECTION ALLOCATION MAP

 output                                  attributes/
section   page    origin      length       input sections
--------  ----  ----------  ----------   ----------------
.intvecs   0    00000000    000000e4     
                  00000000    000000e4     startup_msp432p401r_ccs.obj (.intvecs:retain)

.binit     0    00000000    00000000     

.text      0    000000e4    00000924     
                  000000e4    0000032c     system_msp432p401r.obj (.text)
                  00000410    000001e0     Clock.obj (.text)
                  000005f0    00000160     main.obj (.text)
                  00000750    0000009c     rtsv7M4_T_le_v4SPD16_eabi.lib : memcpy_t2.obj (.text)
                  000007ec    00000070                                   : autoinit.obj (.text)
                  0000085c    00000068                                   : copy_decompress_lzss.obj (.text:decompress:lzss)
                  000008c4    00000054                                   : boot.obj (.text)
                  00000918    00000054                                   : exit.obj (.text)
                  0000096c    0000004c                                   : cpy_tbl.obj (.text)
                  000009b8    00000018                                   : args_main.obj (.text)
                  000009d0    00000014                                   : _lock.obj (.text)
                  000009e4    0000000e                                   : copy_decompress_none.obj (.text:decompress:none)
                  000009f2    0000000e     startup_msp432p401r_ccs.obj (.text)
                  00000a00    00000004     rtsv7M4_T_le_v4SPD16_eabi.lib : pre_init.obj (.text)
                  00000a04    00000002                                   : mpu_init.obj (.text)
                  00000a06    00000002                                   : startup.obj (.text)

.const     0    00000a08    00000018     
                  00000a08    00000018     main.obj (.const:$P$T0$1)

.cinit     0    00000a20    00000028     
                  00000a20    00000017     (.cinit..data.load) [load image, compression = lzss]
                  00000a37    00000001     --HOLE-- [fill = 0]
                  00000a38    00000008     (__TI_handler_table)
                  00000a40    00000008     (__TI_cinit_table)

.init_array 
*          0    00000000    00000000     UNINITIALIZED

.data      0    20000000    00000034     UNINITIALIZED
                  20000000    00000018     Clock.obj (.data)
                  20000018    0000000c     rtsv7M4_T_le_v4SPD16_eabi.lib : exit.obj (.data:$O1$$)
                  20000024    00000008                                   : _lock.obj (.data:$O1$$)
                  2000002c    00000004                                   : stkdepth_vars.obj (.data)
                  20000030    00000004     system_msp432p401r.obj (.data)

.stack     0    2000fe00    00000200     UNINITIALIZED
                  2000fe00    00000200     --HOLE--

MODULE SUMMARY

       Module                        code   ro data   rw data
       ------                        ----   -------   -------
    .\
       system_msp432p401r.obj        812    0         8      
       Clock.obj                     480    0         48     
       main.obj                      352    24        0      
       startup_msp432p401r_ccs.obj   14     228       0      
    +--+-----------------------------+------+---------+---------+
       Total:                        1658   252       56     
                                                             
    C:\ti\ccsv7\tools\compiler\ti-cgt-arm_16.9.6.LTS\lib\rtsv7M4_T_le_v4SPD16_eabi.lib
       memcpy_t2.obj                 156    0         0      
       autoinit.obj                  112    0         0      
       exit.obj                      84     0         24     
       copy_decompress_lzss.obj      104    0         0      
       boot.obj                      84     0         0      
       cpy_tbl.obj                   76     0         0      
       _lock.obj                     20     0         16     
       args_main.obj                 24     0         0      
       copy_decompress_none.obj      14     0         0      
       stkdepth_vars.obj             0      0         8      
       pre_init.obj                  4      0         0      
       mpu_init.obj                  2      0         0      
       startup.obj                   2      0         0      
    +--+-----------------------------+------+---------+---------+
       Total:                        682    0         48     
                                                             
       Stack:                        0      0         1024   
       Linker Generated:             0      39        0      
    +--+-----------------------------+------+---------+---------+
       Grand Total:                  2340   291       1128   


LINKER GENERATED COPY TABLES

__TI_cinit_table @ 00000a40 records: 1, size/record: 8, table size: 8
	.data: load addr=00000a20, load size=00000017 bytes, run addr=20000000, run size=00000034 bytes, compression=lzss


LINKER GENERATED HANDLER TABLE

__TI_handler_table @ 00000a38 records: 2, size/record: 4, table size: 8
	index: 0, handler: __TI_decompress_lzss
	index: 1, handler: __TI_decompress_none


GLOBAL SYMBOLS: SORTED ALPHABETICALLY BY Name 

address   name                           
-------   ----                           
000009ff  ADC14_IRQHandler               
000009ff  AES256_IRQHandler              
000006a7  Bit_Manipulation               
000006e1  Bit_ShiftExtract               
000009ff  BusFault_Handler               
00000919  C$$EXIT                        
000009ff  COMP_E0_IRQHandler             
000009ff  COMP_E1_IRQHandler             
20000008  CPMwait                        
000009ff  CS_IRQHandler                  
20000000  ClockFrequency                 
00000565  Clock_Delay1ms                 
0000053b  Clock_Delay1us                 
00000527  Clock_GetFreq                  
00000411  Clock_Init48MHz                
20000014  Crystalstable                  
000009ff  DMA_ERR_IRQHandler             
000009ff  DMA_INT0_IRQHandler            
000009ff  DMA_INT1_IRQHandler            
000009ff  DMA_INT2_IRQHandler            
000009ff  DMA_INT3_IRQHandler            
000009ff  DebugMon_Handler               
000009ff  Default_Handler                
000009ff  EUSCIA0_IRQHandler             
000009ff  EUSCIA1_IRQHandler             
000009ff  EUSCIA2_IRQHandler             
000009ff  EUSCIA3_IRQHandler             
000009ff  EUSCIB0_IRQHandler             
000009ff  EUSCIB1_IRQHandler             
000009ff  EUSCIB2_IRQHandler             
000009ff  EUSCIB3_IRQHandler             
000009ff  FLCTL_IRQHandler               
000009ff  FPU_IRQHandler                 
000009ff  HardFault_Handler              
20000010  IFlags                         
000009ff  MemManage_Handler              
000009ff  NMI_Handler                    
000009ff  PCM_IRQHandler                 
000009ff  PORT1_IRQHandler               
000009ff  PORT2_IRQHandler               
000009ff  PORT3_IRQHandler               
000009ff  PORT4_IRQHandler               
000009ff  PORT5_IRQHandler               
000009ff  PORT6_IRQHandler               
000009ff  PSS_IRQHandler                 
000009ff  PendSV_Handler                 
000005f1  Port1_Init                     
0000060f  Port1_Input                    
00000637  Port1_Output                   
0000061b  Port2_Init                     
00000645  Port2_Output                   
2000000c  Postwait                       
20000004  Prewait                        
000009ff  RTC_C_IRQHandler               
000009f3  Reset_Handler                  
UNDEFED   SHT$$INIT_ARRAY$$Base          
UNDEFED   SHT$$INIT_ARRAY$$Limit         
000009ff  SVC_Handler                    
000009ff  SysTick_Handler                
20000030  SystemCoreClock                
000000e5  SystemCoreClockUpdate          
00000359  SystemInit                     
000009ff  T32_INT1_IRQHandler            
000009ff  T32_INT2_IRQHandler            
000009ff  T32_INTC_IRQHandler            
000009ff  TA0_0_IRQHandler               
000009ff  TA0_N_IRQHandler               
000009ff  TA1_0_IRQHandler               
000009ff  TA1_N_IRQHandler               
000009ff  TA2_0_IRQHandler               
000009ff  TA2_N_IRQHandler               
000009ff  TA3_0_IRQHandler               
000009ff  TA3_N_IRQHandler               
000009ff  UsageFault_Handler             
00000727  Volatile_KeyWord               
4000480c  WDTCTL_SYM                     
000009ff  WDT_A_IRQHandler               
20010000  __STACK_END                    
00000200  __STACK_SIZE                   
00000a40  __TI_CINIT_Base                
00000a48  __TI_CINIT_Limit               
00000a38  __TI_Handler_Table_Base        
00000a40  __TI_Handler_Table_Limit       
000007ed  __TI_auto_init                 
20000018  __TI_cleanup_ptr               
0000085d  __TI_decompress_lzss           
000009e5  __TI_decompress_none           
2000001c  __TI_dtors_ptr                 
20000020  __TI_enable_exit_profile_output
ffffffff  __TI_pprof_out_hndl            
ffffffff  __TI_prof_data_size            
ffffffff  __TI_prof_data_start           
00000000  __TI_static_base__             
00000751  __aeabi_memcpy                 
00000751  __aeabi_memcpy4                
00000751  __aeabi_memcpy8                
ffffffff  __binit__                      
ffffffff  __c_args__                     
00000a05  __mpu_init                     
2000fe00  __stack                        
000009b9  _args_main                     
000008c5  _c_int00                       
20000024  _lock                          
000009df  _nop                           
000009d7  _register_lock                 
000009d1  _register_unlock               
00000a07  _system_post_cinit             
00000a01  _system_pre_init               
20000028  _unlock                        
0000091d  abort                          
ffffffff  binit                          
0000096d  copy_in                        
0000052d  delay                          
00000925  exit                           
00000000  interruptVectors               
0000064d  main                           
2000002c  main_func_sp                   
00000751  memcpy                         


GLOBAL SYMBOLS: SORTED BY Symbol Address 

address   name                           
-------   ----                           
00000000  __TI_static_base__             
00000000  interruptVectors               
000000e5  SystemCoreClockUpdate          
00000200  __STACK_SIZE                   
00000359  SystemInit                     
00000411  Clock_Init48MHz                
00000527  Clock_GetFreq                  
0000052d  delay                          
0000053b  Clock_Delay1us                 
00000565  Clock_Delay1ms                 
000005f1  Port1_Init                     
0000060f  Port1_Input                    
0000061b  Port2_Init                     
00000637  Port1_Output                   
00000645  Port2_Output                   
0000064d  main                           
000006a7  Bit_Manipulation               
000006e1  Bit_ShiftExtract               
00000727  Volatile_KeyWord               
00000751  __aeabi_memcpy                 
00000751  __aeabi_memcpy4                
00000751  __aeabi_memcpy8                
00000751  memcpy                         
000007ed  __TI_auto_init                 
0000085d  __TI_decompress_lzss           
000008c5  _c_int00                       
00000919  C$$EXIT                        
0000091d  abort                          
00000925  exit                           
0000096d  copy_in                        
000009b9  _args_main                     
000009d1  _register_unlock               
000009d7  _register_lock                 
000009df  _nop                           
000009e5  __TI_decompress_none           
000009f3  Reset_Handler                  
000009ff  ADC14_IRQHandler               
000009ff  AES256_IRQHandler              
000009ff  BusFault_Handler               
000009ff  COMP_E0_IRQHandler             
000009ff  COMP_E1_IRQHandler             
000009ff  CS_IRQHandler                  
000009ff  DMA_ERR_IRQHandler             
000009ff  DMA_INT0_IRQHandler            
000009ff  DMA_INT1_IRQHandler            
000009ff  DMA_INT2_IRQHandler            
000009ff  DMA_INT3_IRQHandler            
000009ff  DebugMon_Handler               
000009ff  Default_Handler                
000009ff  EUSCIA0_IRQHandler             
000009ff  EUSCIA1_IRQHandler             
000009ff  EUSCIA2_IRQHandler             
000009ff  EUSCIA3_IRQHandler             
000009ff  EUSCIB0_IRQHandler             
000009ff  EUSCIB1_IRQHandler             
000009ff  EUSCIB2_IRQHandler             
000009ff  EUSCIB3_IRQHandler             
000009ff  FLCTL_IRQHandler               
000009ff  FPU_IRQHandler                 
000009ff  HardFault_Handler              
000009ff  MemManage_Handler              
000009ff  NMI_Handler                    
000009ff  PCM_IRQHandler                 
000009ff  PORT1_IRQHandler               
000009ff  PORT2_IRQHandler               
000009ff  PORT3_IRQHandler               
000009ff  PORT4_IRQHandler               
000009ff  PORT5_IRQHandler               
000009ff  PORT6_IRQHandler               
000009ff  PSS_IRQHandler                 
000009ff  PendSV_Handler                 
000009ff  RTC_C_IRQHandler               
000009ff  SVC_Handler                    
000009ff  SysTick_Handler                
000009ff  T32_INT1_IRQHandler            
000009ff  T32_INT2_IRQHandler            
000009ff  T32_INTC_IRQHandler            
000009ff  TA0_0_IRQHandler               
000009ff  TA0_N_IRQHandler               
000009ff  TA1_0_IRQHandler               
000009ff  TA1_N_IRQHandler               
000009ff  TA2_0_IRQHandler               
000009ff  TA2_N_IRQHandler               
000009ff  TA3_0_IRQHandler               
000009ff  TA3_N_IRQHandler               
000009ff  UsageFault_Handler             
000009ff  WDT_A_IRQHandler               
00000a01  _system_pre_init               
00000a05  __mpu_init                     
00000a07  _system_post_cinit             
00000a38  __TI_Handler_Table_Base        
00000a40  __TI_CINIT_Base                
00000a40  __TI_Handler_Table_Limit       
00000a48  __TI_CINIT_Limit               
20000000  ClockFrequency                 
20000004  Prewait                        
20000008  CPMwait                        
2000000c  Postwait                       
20000010  IFlags                         
20000014  Crystalstable                  
20000018  __TI_cleanup_ptr               
2000001c  __TI_dtors_ptr                 
20000020  __TI_enable_exit_profile_output
20000024  _lock                          
20000028  _unlock                        
2000002c  main_func_sp                   
20000030  SystemCoreClock                
2000fe00  __stack                        
20010000  __STACK_END                    
4000480c  WDTCTL_SYM                     
ffffffff  __TI_pprof_out_hndl            
ffffffff  __TI_prof_data_size            
ffffffff  __TI_prof_data_start           
ffffffff  __binit__                      
ffffffff  __c_args__                     
ffffffff  binit                          
UNDEFED   SHT$$INIT_ARRAY$$Base          
UNDEFED   SHT$$INIT_ARRAY$$Limit         

[118 symbols]
