<?xml version="1.0"?>
<link_info>
   <banner>TI ARM Linker PC v16.9.6.LTS</banner>
   <copyright>Copyright (c) 1996-2017 Texas Instruments Incorporated</copyright>
   <link_time>0x69ca12f0</link_time>
   <link_errors>0x0</link_errors>
   <output_file>Lab4_ADC_IRSensors.out</output_file>
   <entry_point>
      <name>_c_int00</name>
      <address>0x2595</address>
   </entry_point>
   <input_file_list>
      <input_file id="fl-2">
         <path>.\</path>
         <kind>object</kind>
         <file>ADC14.obj</file>
         <name>ADC14.obj</name>
      </input_file>
      <input_file id="fl-3">
         <path>.\</path>
         <kind>object</kind>
         <file>Clock.obj</file>
         <name>Clock.obj</name>
      </input_file>
      <input_file id="fl-4">
         <path>.\</path>
         <kind>object</kind>
         <file>CortexM.obj</file>
         <name>CortexM.obj</name>
      </input_file>
      <input_file id="fl-5">
         <path>.\</path>
         <kind>object</kind>
         <file>IRDistance.obj</file>
         <name>IRDistance.obj</name>
      </input_file>
      <input_file id="fl-6">
         <path>.\</path>
         <kind>object</kind>
         <file>LPF.obj</file>
         <name>LPF.obj</name>
      </input_file>
      <input_file id="fl-7">
         <path>.\</path>
         <kind>object</kind>
         <file>Lab4_ADCmain.obj</file>
         <name>Lab4_ADCmain.obj</name>
      </input_file>
      <input_file id="fl-8">
         <path>.\</path>
         <kind>object</kind>
         <file>LaunchPad.obj</file>
         <name>LaunchPad.obj</name>
      </input_file>
      <input_file id="fl-9">
         <path>.\</path>
         <kind>object</kind>
         <file>TimerA1.obj</file>
         <name>TimerA1.obj</name>
      </input_file>
      <input_file id="fl-a">
         <path>.\</path>
         <kind>object</kind>
         <file>UART0.obj</file>
         <name>UART0.obj</name>
      </input_file>
      <input_file id="fl-b">
         <path>.\</path>
         <kind>object</kind>
         <file>startup_msp432p401r_ccs.obj</file>
         <name>startup_msp432p401r_ccs.obj</name>
      </input_file>
      <input_file id="fl-c">
         <path>.\</path>
         <kind>object</kind>
         <file>system_msp432p401r.obj</file>
         <name>system_msp432p401r.obj</name>
      </input_file>
      <input_file id="fl-10">
         <kind>object</kind>
         <file>&lt;internal&gt;</file>
         <name>&lt;internal&gt;</name>
      </input_file>
      <input_file id="fl-c6">
         <path>C:\ti\ccsv7\tools\compiler\ti-cgt-arm_16.9.6.LTS\lib\</path>
         <kind>archive</kind>
         <file>rtsv7M4_T_le_v4SPD16_eabi.lib</file>
         <name>add_device.obj</name>
      </input_file>
      <input_file id="fl-c7">
         <path>C:\ti\ccsv7\tools\compiler\ti-cgt-arm_16.9.6.LTS\lib\</path>
         <kind>archive</kind>
         <file>rtsv7M4_T_le_v4SPD16_eabi.lib</file>
         <name>boot.obj</name>
      </input_file>
      <input_file id="fl-c8">
         <path>C:\ti\ccsv7\tools\compiler\ti-cgt-arm_16.9.6.LTS\lib\</path>
         <kind>archive</kind>
         <file>rtsv7M4_T_le_v4SPD16_eabi.lib</file>
         <name>copy_decompress_lzss.obj</name>
      </input_file>
      <input_file id="fl-c9">
         <path>C:\ti\ccsv7\tools\compiler\ti-cgt-arm_16.9.6.LTS\lib\</path>
         <kind>archive</kind>
         <file>rtsv7M4_T_le_v4SPD16_eabi.lib</file>
         <name>copy_decompress_none.obj</name>
      </input_file>
      <input_file id="fl-ca">
         <path>C:\ti\ccsv7\tools\compiler\ti-cgt-arm_16.9.6.LTS\lib\</path>
         <kind>archive</kind>
         <file>rtsv7M4_T_le_v4SPD16_eabi.lib</file>
         <name>copy_zero_init.obj</name>
      </input_file>
      <input_file id="fl-cb">
         <path>C:\ti\ccsv7\tools\compiler\ti-cgt-arm_16.9.6.LTS\lib\</path>
         <kind>archive</kind>
         <file>rtsv7M4_T_le_v4SPD16_eabi.lib</file>
         <name>defs.obj</name>
      </input_file>
      <input_file id="fl-cc">
         <path>C:\ti\ccsv7\tools\compiler\ti-cgt-arm_16.9.6.LTS\lib\</path>
         <kind>archive</kind>
         <file>rtsv7M4_T_le_v4SPD16_eabi.lib</file>
         <name>exit.obj</name>
      </input_file>
      <input_file id="fl-cd">
         <path>C:\ti\ccsv7\tools\compiler\ti-cgt-arm_16.9.6.LTS\lib\</path>
         <kind>archive</kind>
         <file>rtsv7M4_T_le_v4SPD16_eabi.lib</file>
         <name>fd_add_t2.obj</name>
      </input_file>
      <input_file id="fl-ce">
         <path>C:\ti\ccsv7\tools\compiler\ti-cgt-arm_16.9.6.LTS\lib\</path>
         <kind>archive</kind>
         <file>rtsv7M4_T_le_v4SPD16_eabi.lib</file>
         <name>fd_div_t2.obj</name>
      </input_file>
      <input_file id="fl-cf">
         <path>C:\ti\ccsv7\tools\compiler\ti-cgt-arm_16.9.6.LTS\lib\</path>
         <kind>archive</kind>
         <file>rtsv7M4_T_le_v4SPD16_eabi.lib</file>
         <name>fd_toi_t2.obj</name>
      </input_file>
      <input_file id="fl-d0">
         <path>C:\ti\ccsv7\tools\compiler\ti-cgt-arm_16.9.6.LTS\lib\</path>
         <kind>archive</kind>
         <file>rtsv7M4_T_le_v4SPD16_eabi.lib</file>
         <name>fopen.obj</name>
      </input_file>
      <input_file id="fl-d1">
         <path>C:\ti\ccsv7\tools\compiler\ti-cgt-arm_16.9.6.LTS\lib\</path>
         <kind>archive</kind>
         <file>rtsv7M4_T_le_v4SPD16_eabi.lib</file>
         <name>getdevice.obj</name>
      </input_file>
      <input_file id="fl-d2">
         <path>C:\ti\ccsv7\tools\compiler\ti-cgt-arm_16.9.6.LTS\lib\</path>
         <kind>archive</kind>
         <file>rtsv7M4_T_le_v4SPD16_eabi.lib</file>
         <name>i_tofd_t2.obj</name>
      </input_file>
      <input_file id="fl-d3">
         <path>C:\ti\ccsv7\tools\compiler\ti-cgt-arm_16.9.6.LTS\lib\</path>
         <kind>archive</kind>
         <file>rtsv7M4_T_le_v4SPD16_eabi.lib</file>
         <name>memcpy_t2.obj</name>
      </input_file>
      <input_file id="fl-d4">
         <path>C:\ti\ccsv7\tools\compiler\ti-cgt-arm_16.9.6.LTS\lib\</path>
         <kind>archive</kind>
         <file>rtsv7M4_T_le_v4SPD16_eabi.lib</file>
         <name>memset_t2.obj</name>
      </input_file>
      <input_file id="fl-d5">
         <path>C:\ti\ccsv7\tools\compiler\ti-cgt-arm_16.9.6.LTS\lib\</path>
         <kind>archive</kind>
         <file>rtsv7M4_T_le_v4SPD16_eabi.lib</file>
         <name>mpu_init.obj</name>
      </input_file>
      <input_file id="fl-d6">
         <path>C:\ti\ccsv7\tools\compiler\ti-cgt-arm_16.9.6.LTS\lib\</path>
         <kind>archive</kind>
         <file>rtsv7M4_T_le_v4SPD16_eabi.lib</file>
         <name>open.obj</name>
      </input_file>
      <input_file id="fl-d7">
         <path>C:\ti\ccsv7\tools\compiler\ti-cgt-arm_16.9.6.LTS\lib\</path>
         <kind>archive</kind>
         <file>rtsv7M4_T_le_v4SPD16_eabi.lib</file>
         <name>pre_init.obj</name>
      </input_file>
      <input_file id="fl-d8">
         <path>C:\ti\ccsv7\tools\compiler\ti-cgt-arm_16.9.6.LTS\lib\</path>
         <kind>archive</kind>
         <file>rtsv7M4_T_le_v4SPD16_eabi.lib</file>
         <name>setvbuf.obj</name>
      </input_file>
      <input_file id="fl-d9">
         <path>C:\ti\ccsv7\tools\compiler\ti-cgt-arm_16.9.6.LTS\lib\</path>
         <kind>archive</kind>
         <file>rtsv7M4_T_le_v4SPD16_eabi.lib</file>
         <name>stkdepth_vars.obj</name>
      </input_file>
      <input_file id="fl-da">
         <path>C:\ti\ccsv7\tools\compiler\ti-cgt-arm_16.9.6.LTS\lib\</path>
         <kind>archive</kind>
         <file>rtsv7M4_T_le_v4SPD16_eabi.lib</file>
         <name>strchr.obj</name>
      </input_file>
      <input_file id="fl-db">
         <path>C:\ti\ccsv7\tools\compiler\ti-cgt-arm_16.9.6.LTS\lib\</path>
         <kind>archive</kind>
         <file>rtsv7M4_T_le_v4SPD16_eabi.lib</file>
         <name>strcmp.obj</name>
      </input_file>
      <input_file id="fl-dc">
         <path>C:\ti\ccsv7\tools\compiler\ti-cgt-arm_16.9.6.LTS\lib\</path>
         <kind>archive</kind>
         <file>rtsv7M4_T_le_v4SPD16_eabi.lib</file>
         <name>strncpy.obj</name>
      </input_file>
      <input_file id="fl-dd">
         <path>C:\ti\ccsv7\tools\compiler\ti-cgt-arm_16.9.6.LTS\lib\</path>
         <kind>archive</kind>
         <file>rtsv7M4_T_le_v4SPD16_eabi.lib</file>
         <name>write.obj</name>
      </input_file>
      <input_file id="fl-de">
         <path>C:\ti\ccsv7\tools\compiler\ti-cgt-arm_16.9.6.LTS\lib\</path>
         <kind>archive</kind>
         <file>rtsv7M4_T_le_v4SPD16_eabi.lib</file>
         <name>_lock.obj</name>
      </input_file>
      <input_file id="fl-df">
         <path>C:\ti\ccsv7\tools\compiler\ti-cgt-arm_16.9.6.LTS\lib\</path>
         <kind>archive</kind>
         <file>rtsv7M4_T_le_v4SPD16_eabi.lib</file>
         <name>args_main.obj</name>
      </input_file>
      <input_file id="fl-e0">
         <path>C:\ti\ccsv7\tools\compiler\ti-cgt-arm_16.9.6.LTS\lib\</path>
         <kind>archive</kind>
         <file>rtsv7M4_T_le_v4SPD16_eabi.lib</file>
         <name>autoinit.obj</name>
      </input_file>
      <input_file id="fl-e1">
         <path>C:\ti\ccsv7\tools\compiler\ti-cgt-arm_16.9.6.LTS\lib\</path>
         <kind>archive</kind>
         <file>rtsv7M4_T_le_v4SPD16_eabi.lib</file>
         <name>cpy_tbl.obj</name>
      </input_file>
      <input_file id="fl-e2">
         <path>C:\ti\ccsv7\tools\compiler\ti-cgt-arm_16.9.6.LTS\lib\</path>
         <kind>archive</kind>
         <file>rtsv7M4_T_le_v4SPD16_eabi.lib</file>
         <name>fclose.obj</name>
      </input_file>
      <input_file id="fl-e3">
         <path>C:\ti\ccsv7\tools\compiler\ti-cgt-arm_16.9.6.LTS\lib\</path>
         <kind>archive</kind>
         <file>rtsv7M4_T_le_v4SPD16_eabi.lib</file>
         <name>fflush.obj</name>
      </input_file>
      <input_file id="fl-e4">
         <path>C:\ti\ccsv7\tools\compiler\ti-cgt-arm_16.9.6.LTS\lib\</path>
         <kind>archive</kind>
         <file>rtsv7M4_T_le_v4SPD16_eabi.lib</file>
         <name>hostclose.obj</name>
      </input_file>
      <input_file id="fl-e5">
         <path>C:\ti\ccsv7\tools\compiler\ti-cgt-arm_16.9.6.LTS\lib\</path>
         <kind>archive</kind>
         <file>rtsv7M4_T_le_v4SPD16_eabi.lib</file>
         <name>hostlseek.obj</name>
      </input_file>
      <input_file id="fl-e6">
         <path>C:\ti\ccsv7\tools\compiler\ti-cgt-arm_16.9.6.LTS\lib\</path>
         <kind>archive</kind>
         <file>rtsv7M4_T_le_v4SPD16_eabi.lib</file>
         <name>hostopen.obj</name>
      </input_file>
      <input_file id="fl-e7">
         <path>C:\ti\ccsv7\tools\compiler\ti-cgt-arm_16.9.6.LTS\lib\</path>
         <kind>archive</kind>
         <file>rtsv7M4_T_le_v4SPD16_eabi.lib</file>
         <name>hostread.obj</name>
      </input_file>
      <input_file id="fl-e8">
         <path>C:\ti\ccsv7\tools\compiler\ti-cgt-arm_16.9.6.LTS\lib\</path>
         <kind>archive</kind>
         <file>rtsv7M4_T_le_v4SPD16_eabi.lib</file>
         <name>hostrename.obj</name>
      </input_file>
      <input_file id="fl-e9">
         <path>C:\ti\ccsv7\tools\compiler\ti-cgt-arm_16.9.6.LTS\lib\</path>
         <kind>archive</kind>
         <file>rtsv7M4_T_le_v4SPD16_eabi.lib</file>
         <name>hostunlink.obj</name>
      </input_file>
      <input_file id="fl-ea">
         <path>C:\ti\ccsv7\tools\compiler\ti-cgt-arm_16.9.6.LTS\lib\</path>
         <kind>archive</kind>
         <file>rtsv7M4_T_le_v4SPD16_eabi.lib</file>
         <name>hostwrite.obj</name>
      </input_file>
      <input_file id="fl-eb">
         <path>C:\ti\ccsv7\tools\compiler\ti-cgt-arm_16.9.6.LTS\lib\</path>
         <kind>archive</kind>
         <file>rtsv7M4_T_le_v4SPD16_eabi.lib</file>
         <name>memory.obj</name>
      </input_file>
      <input_file id="fl-ec">
         <path>C:\ti\ccsv7\tools\compiler\ti-cgt-arm_16.9.6.LTS\lib\</path>
         <kind>archive</kind>
         <file>rtsv7M4_T_le_v4SPD16_eabi.lib</file>
         <name>remove.obj</name>
      </input_file>
      <input_file id="fl-ed">
         <path>C:\ti\ccsv7\tools\compiler\ti-cgt-arm_16.9.6.LTS\lib\</path>
         <kind>archive</kind>
         <file>rtsv7M4_T_le_v4SPD16_eabi.lib</file>
         <name>startup.obj</name>
      </input_file>
      <input_file id="fl-ee">
         <path>C:\ti\ccsv7\tools\compiler\ti-cgt-arm_16.9.6.LTS\lib\</path>
         <kind>archive</kind>
         <file>rtsv7M4_T_le_v4SPD16_eabi.lib</file>
         <name>strcpy.obj</name>
      </input_file>
      <input_file id="fl-ef">
         <path>C:\ti\ccsv7\tools\compiler\ti-cgt-arm_16.9.6.LTS\lib\</path>
         <kind>archive</kind>
         <file>rtsv7M4_T_le_v4SPD16_eabi.lib</file>
         <name>strlen.obj</name>
      </input_file>
      <input_file id="fl-f0">
         <path>C:\ti\ccsv7\tools\compiler\ti-cgt-arm_16.9.6.LTS\lib\</path>
         <kind>archive</kind>
         <file>rtsv7M4_T_le_v4SPD16_eabi.lib</file>
         <name>trgmsg.obj</name>
      </input_file>
      <input_file id="fl-f1">
         <path>C:\ti\ccsv7\tools\compiler\ti-cgt-arm_16.9.6.LTS\lib\</path>
         <kind>archive</kind>
         <file>rtsv7M4_T_le_v4SPD16_eabi.lib</file>
         <name>unlink.obj</name>
      </input_file>
      <input_file id="fl-f2">
         <path>C:\ti\ccsv7\tools\compiler\ti-cgt-arm_16.9.6.LTS\lib\</path>
         <kind>archive</kind>
         <file>rtsv7M4_T_le_v4SPD16_eabi.lib</file>
         <name>close.obj</name>
      </input_file>
   </input_file_list>
   <object_component_list>
      <object_component id="oc-2c">
         <name>.intvecs:retain</name>
         <load_address>0x0</load_address>
         <run_address>0x0</run_address>
         <size>0xe4</size>
         <input_file_ref idref="fl-b"/>
      </object_component>
      <object_component id="oc-105">
         <name>.text</name>
         <load_address>0xe4</load_address>
         <run_address>0xe4</run_address>
         <size>0x6bc</size>
         <input_file_ref idref="fl-a"/>
      </object_component>
      <object_component id="oc-1db">
         <name>.text</name>
         <load_address>0x7a0</load_address>
         <run_address>0x7a0</run_address>
         <size>0x3d0</size>
         <input_file_ref idref="fl-eb"/>
      </object_component>
      <object_component id="oc-c4">
         <name>.text</name>
         <load_address>0xb70</load_address>
         <run_address>0xb70</run_address>
         <size>0x32c</size>
         <input_file_ref idref="fl-c"/>
      </object_component>
      <object_component id="oc-f9">
         <name>.text</name>
         <load_address>0xe9c</load_address>
         <run_address>0xe9c</run_address>
         <size>0x248</size>
         <input_file_ref idref="fl-6"/>
      </object_component>
      <object_component id="oc-ff">
         <name>.text</name>
         <load_address>0x10e4</load_address>
         <run_address>0x10e4</run_address>
         <size>0x1e0</size>
         <input_file_ref idref="fl-3"/>
      </object_component>
      <object_component id="oc-177">
         <name>.text</name>
         <load_address>0x12c4</load_address>
         <run_address>0x12c4</run_address>
         <size>0x1c4</size>
         <input_file_ref idref="fl-d0"/>
      </object_component>
      <object_component id="oc-198">
         <name>.text</name>
         <load_address>0x1488</load_address>
         <run_address>0x1488</run_address>
         <size>0x1b6</size>
         <input_file_ref idref="fl-cd"/>
      </object_component>
      <object_component id="oc-56">
         <name>.text</name>
         <load_address>0x163e</load_address>
         <run_address>0x163e</run_address>
         <size>0x2</size>
         <input_file_ref idref="fl-d5"/>
      </object_component>
      <object_component id="oc-b1">
         <name>.text</name>
         <load_address>0x1640</load_address>
         <run_address>0x1640</run_address>
         <size>0x1b4</size>
         <input_file_ref idref="fl-7"/>
      </object_component>
      <object_component id="oc-f3">
         <name>.text</name>
         <load_address>0x17f4</load_address>
         <run_address>0x17f4</run_address>
         <size>0x164</size>
         <input_file_ref idref="fl-2"/>
      </object_component>
      <object_component id="oc-193">
         <name>.text</name>
         <load_address>0x1958</load_address>
         <run_address>0x1958</run_address>
         <size>0x136</size>
         <input_file_ref idref="fl-ce"/>
      </object_component>
      <object_component id="oc-a9">
         <name>.text</name>
         <load_address>0x1a8e</load_address>
         <run_address>0x1a8e</run_address>
         <size>0x2</size>
         <input_file_ref idref="fl-ed"/>
      </object_component>
      <object_component id="oc-10b">
         <name>.text</name>
         <load_address>0x1a90</load_address>
         <run_address>0x1a90</run_address>
         <size>0xf4</size>
         <input_file_ref idref="fl-8"/>
      </object_component>
      <object_component id="oc-17d">
         <name>.text</name>
         <load_address>0x1b84</load_address>
         <run_address>0x1b84</run_address>
         <size>0xdc</size>
         <input_file_ref idref="fl-d8"/>
      </object_component>
      <object_component id="oc-23f">
         <name>.text</name>
         <load_address>0x1c60</load_address>
         <run_address>0x1c60</run_address>
         <size>0xc8</size>
         <input_file_ref idref="fl-e3"/>
      </object_component>
      <object_component id="oc-1c9">
         <name>.text</name>
         <load_address>0x1d28</load_address>
         <run_address>0x1d28</run_address>
         <size>0xbc</size>
         <input_file_ref idref="fl-d6"/>
      </object_component>
      <object_component id="oc-171">
         <name>.text</name>
         <load_address>0x1de4</load_address>
         <run_address>0x1de4</run_address>
         <size>0xb8</size>
         <input_file_ref idref="fl-c6"/>
      </object_component>
      <object_component id="oc-117">
         <name>.text</name>
         <load_address>0x1e9c</load_address>
         <run_address>0x1e9c</run_address>
         <size>0xb4</size>
         <input_file_ref idref="fl-5"/>
      </object_component>
      <object_component id="oc-7e">
         <name>.text</name>
         <load_address>0x1f50</load_address>
         <run_address>0x1f50</run_address>
         <size>0xa8</size>
         <input_file_ref idref="fl-9"/>
      </object_component>
      <object_component id="oc-3e">
         <name>.text</name>
         <load_address>0x1ff8</load_address>
         <run_address>0x1ff8</run_address>
         <size>0x9c</size>
         <input_file_ref idref="fl-d3"/>
      </object_component>
      <object_component id="oc-1cf">
         <name>.text</name>
         <load_address>0x2094</load_address>
         <run_address>0x2094</run_address>
         <size>0x98</size>
         <input_file_ref idref="fl-e2"/>
      </object_component>
      <object_component id="oc-4a">
         <name>.text</name>
         <load_address>0x212c</load_address>
         <run_address>0x212c</run_address>
         <size>0x7a</size>
         <input_file_ref idref="fl-d4"/>
      </object_component>
      <object_component id="oc-62">
         <name>.text</name>
         <load_address>0x21a8</load_address>
         <run_address>0x21a8</run_address>
         <size>0x70</size>
         <input_file_ref idref="fl-e0"/>
      </object_component>
      <object_component id="oc-1b7">
         <name>.text</name>
         <load_address>0x2218</load_address>
         <run_address>0x2218</run_address>
         <size>0x70</size>
         <input_file_ref idref="fl-d1"/>
      </object_component>
      <object_component id="oc-14">
         <name>.text:decompress:lzss</name>
         <load_address>0x2288</load_address>
         <run_address>0x2288</run_address>
         <size>0x68</size>
         <input_file_ref idref="fl-c8"/>
      </object_component>
      <object_component id="oc-218">
         <name>.text</name>
         <load_address>0x22f0</load_address>
         <run_address>0x22f0</run_address>
         <size>0x68</size>
         <input_file_ref idref="fl-e5"/>
      </object_component>
      <object_component id="oc-224">
         <name>.text</name>
         <load_address>0x2358</load_address>
         <run_address>0x2358</run_address>
         <size>0x68</size>
         <input_file_ref idref="fl-e8"/>
      </object_component>
      <object_component id="oc-273">
         <name>.text</name>
         <load_address>0x23c0</load_address>
         <run_address>0x23c0</run_address>
         <size>0x68</size>
         <input_file_ref idref="fl-f0"/>
      </object_component>
      <object_component id="oc-200">
         <name>.text</name>
         <load_address>0x2428</load_address>
         <run_address>0x2428</run_address>
         <size>0x60</size>
         <input_file_ref idref="fl-e6"/>
      </object_component>
      <object_component id="oc-245">
         <name>.text</name>
         <load_address>0x2488</load_address>
         <run_address>0x2488</run_address>
         <size>0x5c</size>
         <input_file_ref idref="fl-f2"/>
      </object_component>
      <object_component id="oc-20c">
         <name>.text</name>
         <load_address>0x24e4</load_address>
         <run_address>0x24e4</run_address>
         <size>0x58</size>
         <input_file_ref idref="fl-e7"/>
      </object_component>
      <object_component id="oc-212">
         <name>.text</name>
         <load_address>0x253c</load_address>
         <run_address>0x253c</run_address>
         <size>0x58</size>
         <input_file_ref idref="fl-ea"/>
      </object_component>
      <object_component id="oc-26">
         <name>.text</name>
         <load_address>0x2594</load_address>
         <run_address>0x2594</run_address>
         <size>0x54</size>
         <input_file_ref idref="fl-c7"/>
      </object_component>
      <object_component id="oc-6e">
         <name>.text</name>
         <load_address>0x25e8</load_address>
         <run_address>0x25e8</run_address>
         <size>0x54</size>
         <input_file_ref idref="fl-cc"/>
      </object_component>
      <object_component id="oc-a3">
         <name>.text</name>
         <load_address>0x263c</load_address>
         <run_address>0x263c</run_address>
         <size>0x4c</size>
         <input_file_ref idref="fl-e1"/>
      </object_component>
      <object_component id="oc-19d">
         <name>.text</name>
         <load_address>0x2688</load_address>
         <run_address>0x2688</run_address>
         <size>0x48</size>
         <input_file_ref idref="fl-cf"/>
      </object_component>
      <object_component id="oc-206">
         <name>.text</name>
         <load_address>0x26d0</load_address>
         <run_address>0x26d0</run_address>
         <size>0x44</size>
         <input_file_ref idref="fl-e4"/>
      </object_component>
      <object_component id="oc-21e">
         <name>.text</name>
         <load_address>0x2714</load_address>
         <run_address>0x2714</run_address>
         <size>0x44</size>
         <input_file_ref idref="fl-e9"/>
      </object_component>
      <object_component id="oc-1bd">
         <name>.text</name>
         <load_address>0x2758</load_address>
         <run_address>0x2758</run_address>
         <size>0x36</size>
         <input_file_ref idref="fl-dc"/>
      </object_component>
      <object_component id="oc-18e">
         <name>.text</name>
         <load_address>0x278e</load_address>
         <run_address>0x278e</run_address>
         <size>0x2e</size>
         <input_file_ref idref="fl-d2"/>
      </object_component>
      <object_component id="oc-24b">
         <name>.text</name>
         <load_address>0x27bc</load_address>
         <run_address>0x27bc</run_address>
         <size>0x2c</size>
         <input_file_ref idref="fl-f1"/>
      </object_component>
      <object_component id="oc-29a">
         <name>.text</name>
         <load_address>0x27e8</load_address>
         <run_address>0x27e8</run_address>
         <size>0x28</size>
         <input_file_ref idref="fl-dd"/>
      </object_component>
      <object_component id="oc-111">
         <name>.text</name>
         <load_address>0x2810</load_address>
         <run_address>0x2810</run_address>
         <size>0x24</size>
         <input_file_ref idref="fl-4"/>
      </object_component>
      <object_component id="oc-68">
         <name>.text</name>
         <load_address>0x2834</load_address>
         <run_address>0x2834</run_address>
         <size>0x18</size>
         <input_file_ref idref="fl-df"/>
      </object_component>
      <object_component id="oc-1f0">
         <name>.text</name>
         <load_address>0x284c</load_address>
         <run_address>0x284c</run_address>
         <size>0x18</size>
         <input_file_ref idref="fl-db"/>
      </object_component>
      <object_component id="oc-1f6">
         <name>.text</name>
         <load_address>0x2864</load_address>
         <run_address>0x2864</run_address>
         <size>0x16</size>
         <input_file_ref idref="fl-da"/>
      </object_component>
      <object_component id="oc-130">
         <name>.text</name>
         <load_address>0x287c</load_address>
         <run_address>0x287c</run_address>
         <size>0x14</size>
         <input_file_ref idref="fl-de"/>
      </object_component>
      <object_component id="oc-287">
         <name>.text</name>
         <load_address>0x2890</load_address>
         <run_address>0x2890</run_address>
         <size>0x14</size>
         <input_file_ref idref="fl-ee"/>
      </object_component>
      <object_component id="oc-26d">
         <name>.text</name>
         <load_address>0x28a4</load_address>
         <run_address>0x28a4</run_address>
         <size>0x14</size>
         <input_file_ref idref="fl-ef"/>
      </object_component>
      <object_component id="oc-1a">
         <name>.text:decompress:none</name>
         <load_address>0x28b8</load_address>
         <run_address>0x28b8</run_address>
         <size>0xe</size>
         <input_file_ref idref="fl-c9"/>
      </object_component>
      <object_component id="oc-78">
         <name>.text</name>
         <load_address>0x28c6</load_address>
         <run_address>0x28c6</run_address>
         <size>0xe</size>
         <input_file_ref idref="fl-b"/>
      </object_component>
      <object_component id="oc-20">
         <name>.text:decompress:ZI</name>
         <load_address>0x28d4</load_address>
         <run_address>0x28d4</run_address>
         <size>0xc</size>
         <input_file_ref idref="fl-ca"/>
      </object_component>
      <object_component id="oc-5c">
         <name>.text</name>
         <load_address>0x28e0</load_address>
         <run_address>0x28e0</run_address>
         <size>0x4</size>
         <input_file_ref idref="fl-d7"/>
      </object_component>
      <object_component id="oc-2fb">
         <name>.cinit..data.load</name>
         <load_address>0x28e8</load_address>
         <run_address>0x28e8</run_address>
         <size>0x76</size>
      </object_component>
      <object_component id="oc-2f9">
         <name>__TI_handler_table</name>
         <load_address>0x2960</load_address>
         <run_address>0x2960</run_address>
         <size>0xc</size>
      </object_component>
      <object_component id="oc-2fc">
         <name>.cinit..bss.load</name>
         <load_address>0x2970</load_address>
         <run_address>0x2970</run_address>
         <size>0x8</size>
      </object_component>
      <object_component id="oc-2fa">
         <name>__TI_cinit_table</name>
         <load_address>0x2978</load_address>
         <run_address>0x2978</run_address>
         <size>0x10</size>
      </object_component>
      <object_component id="oc-2d6">
         <name>.binit</name>
         <load_address>0x0</load_address>
         <run_address>0x0</run_address>
         <size>0x0</size>
      </object_component>
      <object_component id="oc-169">
         <name>.data</name>
         <load_address>0x200037d0</load_address>
         <run_address>0x200037d0</run_address>
         <size>0x18</size>
         <input_file_ref idref="fl-3"/>
      </object_component>
      <object_component id="oc-13c">
         <name>.data</name>
         <load_address>0x20003828</load_address>
         <run_address>0x20003828</run_address>
         <size>0x4</size>
         <input_file_ref idref="fl-c"/>
      </object_component>
      <object_component id="oc-1c3">
         <name>.data</name>
         <load_address>0x20003818</load_address>
         <run_address>0x20003818</run_address>
         <size>0x4</size>
         <input_file_ref idref="fl-c6"/>
      </object_component>
      <object_component id="oc-183">
         <name>.data:_ftable</name>
         <load_address>0x20003618</load_address>
         <run_address>0x20003618</run_address>
         <size>0xf0</size>
         <input_file_ref idref="fl-cb"/>
      </object_component>
      <object_component id="oc-1d5">
         <name>.data</name>
         <load_address>0x200037e8</load_address>
         <run_address>0x200037e8</run_address>
         <size>0x10</size>
         <input_file_ref idref="fl-cb"/>
      </object_component>
      <object_component id="oc-b9">
         <name>.data:$O1$$</name>
         <load_address>0x200037f8</load_address>
         <run_address>0x200037f8</run_address>
         <size>0xc</size>
         <input_file_ref idref="fl-cc"/>
      </object_component>
      <object_component id="oc-1d8">
         <name>.data</name>
         <load_address>0x2000381c</load_address>
         <run_address>0x2000381c</run_address>
         <size>0x4</size>
         <input_file_ref idref="fl-d0"/>
      </object_component>
      <object_component id="oc-239">
         <name>.data</name>
         <load_address>0x20003820</load_address>
         <run_address>0x20003820</run_address>
         <size>0x4</size>
         <input_file_ref idref="fl-d6"/>
      </object_component>
      <object_component id="oc-74">
         <name>.data</name>
         <load_address>0x20003824</load_address>
         <run_address>0x20003824</run_address>
         <size>0x4</size>
         <input_file_ref idref="fl-d9"/>
      </object_component>
      <object_component id="oc-1c4">
         <name>.data:_device</name>
         <load_address>0x20003708</load_address>
         <run_address>0x20003708</run_address>
         <size>0x78</size>
         <input_file_ref idref="fl-dd"/>
      </object_component>
      <object_component id="oc-23a">
         <name>.data:_stream</name>
         <load_address>0x20003780</load_address>
         <run_address>0x20003780</run_address>
         <size>0x50</size>
         <input_file_ref idref="fl-dd"/>
      </object_component>
      <object_component id="oc-bc">
         <name>.data:$O1$$</name>
         <load_address>0x20003810</load_address>
         <run_address>0x20003810</run_address>
         <size>0x8</size>
         <input_file_ref idref="fl-de"/>
      </object_component>
      <object_component id="oc-25d">
         <name>.data:$O1$$</name>
         <load_address>0x20003804</load_address>
         <run_address>0x20003804</run_address>
         <size>0xc</size>
         <input_file_ref idref="fl-eb"/>
      </object_component>
      <object_component id="oc-2b0">
         <name>.bss:_CIOBUF_</name>
         <uninitialized>true</uninitialized>
         <run_address>0x20003000</run_address>
         <size>0x120</size>
         <input_file_ref idref="fl-f0"/>
      </object_component>
      <object_component id="oc-15a">
         <name>.common:Size</name>
         <uninitialized>true</uninitialized>
         <run_address>0x200031f0</run_address>
         <size>0x4</size>
      </object_component>
      <object_component id="oc-15f">
         <name>.common:x</name>
         <uninitialized>true</uninitialized>
         <run_address>0x20000000</run_address>
         <size>0x1000</size>
      </object_component>
      <object_component id="oc-15d">
         <name>.common:I1</name>
         <uninitialized>true</uninitialized>
         <run_address>0x200031d4</run_address>
         <size>0x4</size>
      </object_component>
      <object_component id="oc-15e">
         <name>.common:LPFSum</name>
         <uninitialized>true</uninitialized>
         <run_address>0x200031e0</run_address>
         <size>0x4</size>
      </object_component>
      <object_component id="oc-160">
         <name>.common:Size2</name>
         <uninitialized>true</uninitialized>
         <run_address>0x200031f4</run_address>
         <size>0x4</size>
      </object_component>
      <object_component id="oc-163">
         <name>.common:x2</name>
         <uninitialized>true</uninitialized>
         <run_address>0x20001000</run_address>
         <size>0x1000</size>
      </object_component>
      <object_component id="oc-161">
         <name>.common:I2</name>
         <uninitialized>true</uninitialized>
         <run_address>0x200031d8</run_address>
         <size>0x4</size>
      </object_component>
      <object_component id="oc-162">
         <name>.common:LPFSum2</name>
         <uninitialized>true</uninitialized>
         <run_address>0x200031e4</run_address>
         <size>0x4</size>
      </object_component>
      <object_component id="oc-164">
         <name>.common:Size3</name>
         <uninitialized>true</uninitialized>
         <run_address>0x200031f8</run_address>
         <size>0x4</size>
      </object_component>
      <object_component id="oc-167">
         <name>.common:x3</name>
         <uninitialized>true</uninitialized>
         <run_address>0x20002000</run_address>
         <size>0x1000</size>
      </object_component>
      <object_component id="oc-165">
         <name>.common:I3</name>
         <uninitialized>true</uninitialized>
         <run_address>0x200031dc</run_address>
         <size>0x4</size>
      </object_component>
      <object_component id="oc-166">
         <name>.common:LPFSum3</name>
         <uninitialized>true</uninitialized>
         <run_address>0x200031e8</run_address>
         <size>0x4</size>
      </object_component>
      <object_component id="oc-122">
         <name>.common:ADCflag</name>
         <uninitialized>true</uninitialized>
         <run_address>0x200031d0</run_address>
         <size>0x4</size>
      </object_component>
      <object_component id="oc-11d">
         <name>.common:nr</name>
         <uninitialized>true</uninitialized>
         <run_address>0x20003214</run_address>
         <size>0x4</size>
      </object_component>
      <object_component id="oc-120">
         <name>.common:nc</name>
         <uninitialized>true</uninitialized>
         <run_address>0x2000320c</run_address>
         <size>0x4</size>
      </object_component>
      <object_component id="oc-121">
         <name>.common:nl</name>
         <uninitialized>true</uninitialized>
         <run_address>0x20003210</run_address>
         <size>0x4</size>
      </object_component>
      <object_component id="oc-123">
         <name>.common:a</name>
         <uninitialized>true</uninitialized>
         <run_address>0x20003200</run_address>
         <size>0x4</size>
      </object_component>
      <object_component id="oc-124">
         <name>.common:b</name>
         <uninitialized>true</uninitialized>
         <run_address>0x20003204</run_address>
         <size>0x4</size>
      </object_component>
      <object_component id="oc-125">
         <name>.common:c</name>
         <uninitialized>true</uninitialized>
         <run_address>0x20003208</run_address>
         <size>0x4</size>
      </object_component>
      <object_component id="oc-cb">
         <name>.common:TimerA1Task</name>
         <uninitialized>true</uninitialized>
         <run_address>0x200031fc</run_address>
         <size>0x4</size>
      </object_component>
      <object_component id="oc-170">
         <name>.common:Messageindexb</name>
         <uninitialized>true</uninitialized>
         <run_address>0x200031ec</run_address>
         <size>0x4</size>
      </object_component>
      <object_component id="oc-16d">
         <name>.common:Messageb</name>
         <uninitialized>true</uninitialized>
         <run_address>0x200031c0</run_address>
         <size>0x8</size>
      </object_component>
      <object_component id="oc-251">
         <name>.common:__TI_tmpnams</name>
         <uninitialized>true</uninitialized>
         <run_address>0x20003120</run_address>
         <size>0xa0</size>
      </object_component>
      <object_component id="oc-279">
         <name>.common:parmbuf</name>
         <uninitialized>true</uninitialized>
         <run_address>0x200031c8</run_address>
         <size>0x8</size>
      </object_component>
      <object_component id="oc-30">
         <name>.sysmem</name>
         <uninitialized>true</uninitialized>
         <run_address>0x20003218</run_address>
         <size>0x8</size>
         <input_file_ref idref="fl-eb"/>
      </object_component>
      <object_component id="oc-2fe">
         <name>.sysmem</name>
         <uninitialized>true</uninitialized>
         <run_address>0x20003218</run_address>
         <size>0x0</size>
      </object_component>
      <object_component id="oc-2f">
         <name>.stack</name>
         <uninitialized>true</uninitialized>
         <run_address>0x2000fe00</run_address>
         <size>0x0</size>
         <input_file_ref idref="fl-c7"/>
      </object_component>
      <object_component id="oc-2fd">
         <name>.stack</name>
         <uninitialized>true</uninitialized>
         <run_address>0x2000fe00</run_address>
         <size>0x0</size>
      </object_component>
      <object_component id="oc-159">
         <name>.debug_info</name>
         <load_address>0x0</load_address>
         <run_address>0x0</run_address>
         <size>0x516</size>
         <input_file_ref idref="fl-2"/>
      </object_component>
      <object_component id="oc-f4">
         <name>.debug_info</name>
         <load_address>0x516</load_address>
         <run_address>0x516</run_address>
         <size>0x2db</size>
         <input_file_ref idref="fl-2"/>
      </object_component>
      <object_component id="oc-142">
         <name>.debug_info</name>
         <load_address>0x7f1</load_address>
         <run_address>0x7f1</run_address>
         <size>0x37e2</size>
         <input_file_ref idref="fl-2"/>
      </object_component>
      <object_component id="oc-147">
         <name>.debug_info</name>
         <load_address>0x3fd3</load_address>
         <run_address>0x3fd3</run_address>
         <size>0x1055</size>
         <input_file_ref idref="fl-2"/>
      </object_component>
      <object_component id="oc-39">
         <name>.debug_info</name>
         <load_address>0x5028</load_address>
         <run_address>0x5028</run_address>
         <size>0x84</size>
         <input_file_ref idref="fl-2"/>
      </object_component>
      <object_component id="oc-cf">
         <name>.debug_info</name>
         <load_address>0x50ac</load_address>
         <run_address>0x50ac</run_address>
         <size>0x18b</size>
         <input_file_ref idref="fl-2"/>
      </object_component>
      <object_component id="oc-16a">
         <name>.debug_info</name>
         <load_address>0x5237</load_address>
         <run_address>0x5237</run_address>
         <size>0x17e</size>
         <input_file_ref idref="fl-3"/>
      </object_component>
      <object_component id="oc-102">
         <name>.debug_info</name>
         <load_address>0x53b5</load_address>
         <run_address>0x53b5</run_address>
         <size>0x310</size>
         <input_file_ref idref="fl-3"/>
      </object_component>
      <object_component id="oc-112">
         <name>.debug_info</name>
         <load_address>0x56c5</load_address>
         <run_address>0x56c5</run_address>
         <size>0x2d1</size>
         <input_file_ref idref="fl-4"/>
      </object_component>
      <object_component id="oc-118">
         <name>.debug_info</name>
         <load_address>0x5996</load_address>
         <run_address>0x5996</run_address>
         <size>0x37e</size>
         <input_file_ref idref="fl-5"/>
      </object_component>
      <object_component id="oc-15b">
         <name>.debug_info</name>
         <load_address>0x5d14</load_address>
         <run_address>0x5d14</run_address>
         <size>0x68d</size>
         <input_file_ref idref="fl-6"/>
      </object_component>
      <object_component id="oc-fd">
         <name>.debug_info</name>
         <load_address>0x63a1</load_address>
         <run_address>0x63a1</run_address>
         <size>0x475</size>
         <input_file_ref idref="fl-6"/>
      </object_component>
      <object_component id="oc-11e">
         <name>.debug_info</name>
         <load_address>0x6816</load_address>
         <run_address>0x6816</run_address>
         <size>0x8e9</size>
         <input_file_ref idref="fl-7"/>
      </object_component>
      <object_component id="oc-b2">
         <name>.debug_info</name>
         <load_address>0x70ff</load_address>
         <run_address>0x70ff</run_address>
         <size>0x400</size>
         <input_file_ref idref="fl-7"/>
      </object_component>
      <object_component id="oc-10c">
         <name>.debug_info</name>
         <load_address>0x74ff</load_address>
         <run_address>0x74ff</run_address>
         <size>0x2c0</size>
         <input_file_ref idref="fl-8"/>
      </object_component>
      <object_component id="oc-cc">
         <name>.debug_info</name>
         <load_address>0x77bf</load_address>
         <run_address>0x77bf</run_address>
         <size>0x541</size>
         <input_file_ref idref="fl-9"/>
      </object_component>
      <object_component id="oc-81">
         <name>.debug_info</name>
         <load_address>0x7d00</load_address>
         <run_address>0x7d00</run_address>
         <size>0x246</size>
         <input_file_ref idref="fl-9"/>
      </object_component>
      <object_component id="oc-16e">
         <name>.debug_info</name>
         <load_address>0x7f46</load_address>
         <run_address>0x7f46</run_address>
         <size>0x754</size>
         <input_file_ref idref="fl-a"/>
      </object_component>
      <object_component id="oc-106">
         <name>.debug_info</name>
         <load_address>0x869a</load_address>
         <run_address>0x869a</run_address>
         <size>0x1542</size>
         <input_file_ref idref="fl-a"/>
      </object_component>
      <object_component id="oc-1b2">
         <name>.debug_info</name>
         <load_address>0x9bdc</load_address>
         <run_address>0x9bdc</run_address>
         <size>0xc8</size>
         <input_file_ref idref="fl-a"/>
      </object_component>
      <object_component id="oc-187">
         <name>.debug_info</name>
         <load_address>0x9ca4</load_address>
         <run_address>0x9ca4</run_address>
         <size>0x2c</size>
         <input_file_ref idref="fl-a"/>
      </object_component>
      <object_component id="oc-86">
         <name>.debug_info</name>
         <load_address>0x9cd0</load_address>
         <run_address>0x9cd0</run_address>
         <size>0x2a4</size>
         <input_file_ref idref="fl-b"/>
      </object_component>
      <object_component id="oc-2d">
         <name>.debug_info</name>
         <load_address>0x9f74</load_address>
         <run_address>0x9f74</run_address>
         <size>0xe2</size>
         <input_file_ref idref="fl-b"/>
      </object_component>
      <object_component id="oc-7c">
         <name>.debug_info</name>
         <load_address>0xa056</load_address>
         <run_address>0xa056</run_address>
         <size>0x1a9</size>
         <input_file_ref idref="fl-b"/>
      </object_component>
      <object_component id="oc-13d">
         <name>.debug_info</name>
         <load_address>0xa1ff</load_address>
         <run_address>0xa1ff</run_address>
         <size>0xdb</size>
         <input_file_ref idref="fl-c"/>
      </object_component>
      <object_component id="oc-c6">
         <name>.debug_info</name>
         <load_address>0xa2da</load_address>
         <run_address>0xa2da</run_address>
         <size>0x24d</size>
         <input_file_ref idref="fl-c"/>
      </object_component>
      <object_component id="oc-1c8">
         <name>.debug_info</name>
         <load_address>0xa527</load_address>
         <run_address>0xa527</run_address>
         <size>0x430</size>
         <input_file_ref idref="fl-c6"/>
      </object_component>
      <object_component id="oc-175">
         <name>.debug_info</name>
         <load_address>0xa957</load_address>
         <run_address>0xa957</run_address>
         <size>0x2d0</size>
         <input_file_ref idref="fl-c6"/>
      </object_component>
      <object_component id="oc-234">
         <name>.debug_info</name>
         <load_address>0xac27</load_address>
         <run_address>0xac27</run_address>
         <size>0xea</size>
         <input_file_ref idref="fl-c6"/>
      </object_component>
      <object_component id="oc-22f">
         <name>.debug_info</name>
         <load_address>0xad11</load_address>
         <run_address>0xad11</run_address>
         <size>0x2c</size>
         <input_file_ref idref="fl-c6"/>
      </object_component>
      <object_component id="oc-28">
         <name>.debug_info</name>
         <load_address>0xad3d</load_address>
         <run_address>0xad3d</run_address>
         <size>0x160</size>
         <input_file_ref idref="fl-c7"/>
      </object_component>
      <object_component id="oc-90">
         <name>.debug_info</name>
         <load_address>0xae9d</load_address>
         <run_address>0xae9d</run_address>
         <size>0x293</size>
         <input_file_ref idref="fl-c8"/>
      </object_component>
      <object_component id="oc-15">
         <name>.debug_info</name>
         <load_address>0xb130</load_address>
         <run_address>0xb130</run_address>
         <size>0x245</size>
         <input_file_ref idref="fl-c8"/>
      </object_component>
      <object_component id="oc-34">
         <name>.debug_info</name>
         <load_address>0xb375</load_address>
         <run_address>0xb375</run_address>
         <size>0x60</size>
         <input_file_ref idref="fl-c8"/>
      </object_component>
      <object_component id="oc-8b">
         <name>.debug_info</name>
         <load_address>0xb3d5</load_address>
         <run_address>0xb3d5</run_address>
         <size>0x46</size>
         <input_file_ref idref="fl-c8"/>
      </object_component>
      <object_component id="oc-49">
         <name>.debug_info</name>
         <load_address>0xb41b</load_address>
         <run_address>0xb41b</run_address>
         <size>0x2da</size>
         <input_file_ref idref="fl-c9"/>
      </object_component>
      <object_component id="oc-1e">
         <name>.debug_info</name>
         <load_address>0xb6f5</load_address>
         <run_address>0xb6f5</run_address>
         <size>0x1df</size>
         <input_file_ref idref="fl-c9"/>
      </object_component>
      <object_component id="oc-44">
         <name>.debug_info</name>
         <load_address>0xb8d4</load_address>
         <run_address>0xb8d4</run_address>
         <size>0x46</size>
         <input_file_ref idref="fl-c9"/>
      </object_component>
      <object_component id="oc-92">
         <name>.debug_info</name>
         <load_address>0xb91a</load_address>
         <run_address>0xb91a</run_address>
         <size>0x2c</size>
         <input_file_ref idref="fl-c9"/>
      </object_component>
      <object_component id="oc-55">
         <name>.debug_info</name>
         <load_address>0xb946</load_address>
         <run_address>0xb946</run_address>
         <size>0x2c9</size>
         <input_file_ref idref="fl-ca"/>
      </object_component>
      <object_component id="oc-21">
         <name>.debug_info</name>
         <load_address>0xbc0f</load_address>
         <run_address>0xbc0f</run_address>
         <size>0x1aa</size>
         <input_file_ref idref="fl-ca"/>
      </object_component>
      <object_component id="oc-50">
         <name>.debug_info</name>
         <load_address>0xbdb9</load_address>
         <run_address>0xbdb9</run_address>
         <size>0x46</size>
         <input_file_ref idref="fl-ca"/>
      </object_component>
      <object_component id="oc-9a">
         <name>.debug_info</name>
         <load_address>0xbdff</load_address>
         <run_address>0xbdff</run_address>
         <size>0x2c</size>
         <input_file_ref idref="fl-ca"/>
      </object_component>
      <object_component id="oc-1ea">
         <name>.debug_info</name>
         <load_address>0xbe2b</load_address>
         <run_address>0xbe2b</run_address>
         <size>0x139</size>
         <input_file_ref idref="fl-cb"/>
      </object_component>
      <object_component id="oc-184">
         <name>.debug_info</name>
         <load_address>0xbf64</load_address>
         <run_address>0xbf64</run_address>
         <size>0xf7</size>
         <input_file_ref idref="fl-cb"/>
      </object_component>
      <object_component id="oc-1d6">
         <name>.debug_info</name>
         <load_address>0xc05b</load_address>
         <run_address>0xc05b</run_address>
         <size>0x184</size>
         <input_file_ref idref="fl-cb"/>
      </object_component>
      <object_component id="oc-258">
         <name>.debug_info</name>
         <load_address>0xc1df</load_address>
         <run_address>0xc1df</run_address>
         <size>0xae</size>
         <input_file_ref idref="fl-cb"/>
      </object_component>
      <object_component id="oc-c0">
         <name>.debug_info</name>
         <load_address>0xc28d</load_address>
         <run_address>0xc28d</run_address>
         <size>0x3ce</size>
         <input_file_ref idref="fl-cc"/>
      </object_component>
      <object_component id="oc-ba">
         <name>.debug_info</name>
         <load_address>0xc65b</load_address>
         <run_address>0xc65b</run_address>
         <size>0x185</size>
         <input_file_ref idref="fl-cc"/>
      </object_component>
      <object_component id="oc-71">
         <name>.debug_info</name>
         <load_address>0xc7e0</load_address>
         <run_address>0xc7e0</run_address>
         <size>0x214</size>
         <input_file_ref idref="fl-cc"/>
      </object_component>
      <object_component id="oc-19b">
         <name>.debug_info</name>
         <load_address>0xc9f4</load_address>
         <run_address>0xc9f4</run_address>
         <size>0x144</size>
         <input_file_ref idref="fl-cd"/>
      </object_component>
      <object_component id="oc-194">
         <name>.debug_info</name>
         <load_address>0xcb38</load_address>
         <run_address>0xcb38</run_address>
         <size>0x132</size>
         <input_file_ref idref="fl-ce"/>
      </object_component>
      <object_component id="oc-19f">
         <name>.debug_info</name>
         <load_address>0xcc6a</load_address>
         <run_address>0xcc6a</run_address>
         <size>0x126</size>
         <input_file_ref idref="fl-cf"/>
      </object_component>
      <object_component id="oc-1da">
         <name>.debug_info</name>
         <load_address>0xcd90</load_address>
         <run_address>0xcd90</run_address>
         <size>0x3d6</size>
         <input_file_ref idref="fl-d0"/>
      </object_component>
      <object_component id="oc-178">
         <name>.debug_info</name>
         <load_address>0xd166</load_address>
         <run_address>0xd166</run_address>
         <size>0x455</size>
         <input_file_ref idref="fl-d0"/>
      </object_component>
      <object_component id="oc-d8">
         <name>.debug_info</name>
         <load_address>0xd5bb</load_address>
         <run_address>0xd5bb</run_address>
         <size>0x2c</size>
         <input_file_ref idref="fl-d0"/>
      </object_component>
      <object_component id="oc-1fd">
         <name>.debug_info</name>
         <load_address>0xd5e7</load_address>
         <run_address>0xd5e7</run_address>
         <size>0x417</size>
         <input_file_ref idref="fl-d1"/>
      </object_component>
      <object_component id="oc-1b8">
         <name>.debug_info</name>
         <load_address>0xd9fe</load_address>
         <run_address>0xd9fe</run_address>
         <size>0x282</size>
         <input_file_ref idref="fl-d1"/>
      </object_component>
      <object_component id="oc-18f">
         <name>.debug_info</name>
         <load_address>0xdc80</load_address>
         <run_address>0xdc80</run_address>
         <size>0x124</size>
         <input_file_ref idref="fl-d2"/>
      </object_component>
      <object_component id="oc-40">
         <name>.debug_info</name>
         <load_address>0xdda4</load_address>
         <run_address>0xdda4</run_address>
         <size>0x111</size>
         <input_file_ref idref="fl-d3"/>
      </object_component>
      <object_component id="oc-4c">
         <name>.debug_info</name>
         <load_address>0xdeb5</load_address>
         <run_address>0xdeb5</run_address>
         <size>0x13f</size>
         <input_file_ref idref="fl-d4"/>
      </object_component>
      <object_component id="oc-57">
         <name>.debug_info</name>
         <load_address>0xdff4</load_address>
         <run_address>0xdff4</run_address>
         <size>0x138</size>
         <input_file_ref idref="fl-d5"/>
      </object_component>
      <object_component id="oc-23e">
         <name>.debug_info</name>
         <load_address>0xe12c</load_address>
         <run_address>0xe12c</run_address>
         <size>0x3f7</size>
         <input_file_ref idref="fl-d6"/>
      </object_component>
      <object_component id="oc-1ca">
         <name>.debug_info</name>
         <load_address>0xe523</load_address>
         <run_address>0xe523</run_address>
         <size>0x23a</size>
         <input_file_ref idref="fl-d6"/>
      </object_component>
      <object_component id="oc-291">
         <name>.debug_info</name>
         <load_address>0xe75d</load_address>
         <run_address>0xe75d</run_address>
         <size>0x120</size>
         <input_file_ref idref="fl-d6"/>
      </object_component>
      <object_component id="oc-5f">
         <name>.debug_info</name>
         <load_address>0xe87d</load_address>
         <run_address>0xe87d</run_address>
         <size>0x148</size>
         <input_file_ref idref="fl-d7"/>
      </object_component>
      <object_component id="oc-1e2">
         <name>.debug_info</name>
         <load_address>0xe9c5</load_address>
         <run_address>0xe9c5</run_address>
         <size>0x35a</size>
         <input_file_ref idref="fl-d8"/>
      </object_component>
      <object_component id="oc-17e">
         <name>.debug_info</name>
         <load_address>0xed1f</load_address>
         <run_address>0xed1f</run_address>
         <size>0x200</size>
         <input_file_ref idref="fl-d8"/>
      </object_component>
      <object_component id="oc-1e3">
         <name>.debug_info</name>
         <load_address>0xef1f</load_address>
         <run_address>0xef1f</run_address>
         <size>0xbb</size>
         <input_file_ref idref="fl-d8"/>
      </object_component>
      <object_component id="oc-75">
         <name>.debug_info</name>
         <load_address>0xefda</load_address>
         <run_address>0xefda</run_address>
         <size>0x109</size>
         <input_file_ref idref="fl-d9"/>
      </object_component>
      <object_component id="oc-268">
         <name>.debug_info</name>
         <load_address>0xf0e3</load_address>
         <run_address>0xf0e3</run_address>
         <size>0x28f</size>
         <input_file_ref idref="fl-da"/>
      </object_component>
      <object_component id="oc-1f8">
         <name>.debug_info</name>
         <load_address>0xf372</load_address>
         <run_address>0xf372</run_address>
         <size>0x244</size>
         <input_file_ref idref="fl-da"/>
      </object_component>
      <object_component id="oc-266">
         <name>.debug_info</name>
         <load_address>0xf5b6</load_address>
         <run_address>0xf5b6</run_address>
         <size>0x27f</size>
         <input_file_ref idref="fl-db"/>
      </object_component>
      <object_component id="oc-1f4">
         <name>.debug_info</name>
         <load_address>0xf835</load_address>
         <run_address>0xf835</run_address>
         <size>0x258</size>
         <input_file_ref idref="fl-db"/>
      </object_component>
      <object_component id="oc-1ff">
         <name>.debug_info</name>
         <load_address>0xfa8d</load_address>
         <run_address>0xfa8d</run_address>
         <size>0x290</size>
         <input_file_ref idref="fl-dc"/>
      </object_component>
      <object_component id="oc-1be">
         <name>.debug_info</name>
         <load_address>0xfd1d</load_address>
         <run_address>0xfd1d</run_address>
         <size>0x259</size>
         <input_file_ref idref="fl-dc"/>
      </object_component>
      <object_component id="oc-22c">
         <name>.debug_info</name>
         <load_address>0xff76</load_address>
         <run_address>0xff76</run_address>
         <size>0x4c5</size>
         <input_file_ref idref="fl-dd"/>
      </object_component>
      <object_component id="oc-1c5">
         <name>.debug_info</name>
         <load_address>0x1043b</load_address>
         <run_address>0x1043b</run_address>
         <size>0xf8</size>
         <input_file_ref idref="fl-dd"/>
      </object_component>
      <object_component id="oc-23b">
         <name>.debug_info</name>
         <load_address>0x10533</load_address>
         <run_address>0x10533</run_address>
         <size>0xf8</size>
         <input_file_ref idref="fl-dd"/>
      </object_component>
      <object_component id="oc-29d">
         <name>.debug_info</name>
         <load_address>0x1062b</load_address>
         <run_address>0x1062b</run_address>
         <size>0x184</size>
         <input_file_ref idref="fl-dd"/>
      </object_component>
      <object_component id="oc-138">
         <name>.debug_info</name>
         <load_address>0x107af</load_address>
         <run_address>0x107af</run_address>
         <size>0x2be</size>
         <input_file_ref idref="fl-de"/>
      </object_component>
      <object_component id="oc-bd">
         <name>.debug_info</name>
         <load_address>0x10a6d</load_address>
         <run_address>0x10a6d</run_address>
         <size>0x113</size>
         <input_file_ref idref="fl-de"/>
      </object_component>
      <object_component id="oc-133">
         <name>.debug_info</name>
         <load_address>0x10b80</load_address>
         <run_address>0x10b80</run_address>
         <size>0x21f</size>
         <input_file_ref idref="fl-de"/>
      </object_component>
      <object_component id="oc-b8">
         <name>.debug_info</name>
         <load_address>0x10d9f</load_address>
         <run_address>0x10d9f</run_address>
         <size>0x300</size>
         <input_file_ref idref="fl-df"/>
      </object_component>
      <object_component id="oc-69">
         <name>.debug_info</name>
         <load_address>0x1109f</load_address>
         <run_address>0x1109f</run_address>
         <size>0x167</size>
         <input_file_ref idref="fl-df"/>
      </object_component>
      <object_component id="oc-129">
         <name>.debug_info</name>
         <load_address>0x11206</load_address>
         <run_address>0x11206</run_address>
         <size>0x5e</size>
         <input_file_ref idref="fl-df"/>
      </object_component>
      <object_component id="oc-b0">
         <name>.debug_info</name>
         <load_address>0x11264</load_address>
         <run_address>0x11264</run_address>
         <size>0x483</size>
         <input_file_ref idref="fl-e0"/>
      </object_component>
      <object_component id="oc-64">
         <name>.debug_info</name>
         <load_address>0x116e7</load_address>
         <run_address>0x116e7</run_address>
         <size>0x190</size>
         <input_file_ref idref="fl-e0"/>
      </object_component>
      <object_component id="oc-e9">
         <name>.debug_info</name>
         <load_address>0x11877</load_address>
         <run_address>0x11877</run_address>
         <size>0x39</size>
         <input_file_ref idref="fl-e0"/>
      </object_component>
      <object_component id="oc-153">
         <name>.debug_info</name>
         <load_address>0x118b0</load_address>
         <run_address>0x118b0</run_address>
         <size>0x39</size>
         <input_file_ref idref="fl-e0"/>
      </object_component>
      <object_component id="oc-ee">
         <name>.debug_info</name>
         <load_address>0x118e9</load_address>
         <run_address>0x118e9</run_address>
         <size>0xcd</size>
         <input_file_ref idref="fl-e0"/>
      </object_component>
      <object_component id="oc-e5">
         <name>.debug_info</name>
         <load_address>0x119b6</load_address>
         <run_address>0x119b6</run_address>
         <size>0x37a</size>
         <input_file_ref idref="fl-e1"/>
      </object_component>
      <object_component id="oc-a6">
         <name>.debug_info</name>
         <load_address>0x11d30</load_address>
         <run_address>0x11d30</run_address>
         <size>0x183</size>
         <input_file_ref idref="fl-e1"/>
      </object_component>
      <object_component id="oc-14e">
         <name>.debug_info</name>
         <load_address>0x11eb3</load_address>
         <run_address>0x11eb3</run_address>
         <size>0x2c</size>
         <input_file_ref idref="fl-e1"/>
      </object_component>
      <object_component id="oc-253">
         <name>.debug_info</name>
         <load_address>0x11edf</load_address>
         <run_address>0x11edf</run_address>
         <size>0x39a</size>
         <input_file_ref idref="fl-e2"/>
      </object_component>
      <object_component id="oc-1d1">
         <name>.debug_info</name>
         <load_address>0x12279</load_address>
         <run_address>0x12279</run_address>
         <size>0x298</size>
         <input_file_ref idref="fl-e2"/>
      </object_component>
      <object_component id="oc-2a1">
         <name>.debug_info</name>
         <load_address>0x12511</load_address>
         <run_address>0x12511</run_address>
         <size>0x33c</size>
         <input_file_ref idref="fl-e3"/>
      </object_component>
      <object_component id="oc-240">
         <name>.debug_info</name>
         <load_address>0x1284d</load_address>
         <run_address>0x1284d</run_address>
         <size>0x25a</size>
         <input_file_ref idref="fl-e3"/>
      </object_component>
      <object_component id="oc-27e">
         <name>.debug_info</name>
         <load_address>0x12aa7</load_address>
         <run_address>0x12aa7</run_address>
         <size>0x368</size>
         <input_file_ref idref="fl-e4"/>
      </object_component>
      <object_component id="oc-209">
         <name>.debug_info</name>
         <load_address>0x12e0f</load_address>
         <run_address>0x12e0f</run_address>
         <size>0x1b1</size>
         <input_file_ref idref="fl-e4"/>
      </object_component>
      <object_component id="oc-284">
         <name>.debug_info</name>
         <load_address>0x12fc0</load_address>
         <run_address>0x12fc0</run_address>
         <size>0x36d</size>
         <input_file_ref idref="fl-e5"/>
      </object_component>
      <object_component id="oc-219">
         <name>.debug_info</name>
         <load_address>0x1332d</load_address>
         <run_address>0x1332d</run_address>
         <size>0x205</size>
         <input_file_ref idref="fl-e5"/>
      </object_component>
      <object_component id="oc-27a">
         <name>.debug_info</name>
         <load_address>0x13532</load_address>
         <run_address>0x13532</run_address>
         <size>0x3cb</size>
         <input_file_ref idref="fl-e6"/>
      </object_component>
      <object_component id="oc-203">
         <name>.debug_info</name>
         <load_address>0x138fd</load_address>
         <run_address>0x138fd</run_address>
         <size>0x201</size>
         <input_file_ref idref="fl-e6"/>
      </object_component>
      <object_component id="oc-280">
         <name>.debug_info</name>
         <load_address>0x13afe</load_address>
         <run_address>0x13afe</run_address>
         <size>0x36c</size>
         <input_file_ref idref="fl-e7"/>
      </object_component>
      <object_component id="oc-20d">
         <name>.debug_info</name>
         <load_address>0x13e6a</load_address>
         <run_address>0x13e6a</run_address>
         <size>0x1f0</size>
         <input_file_ref idref="fl-e7"/>
      </object_component>
      <object_component id="oc-28e">
         <name>.debug_info</name>
         <load_address>0x1405a</load_address>
         <run_address>0x1405a</run_address>
         <size>0x3f3</size>
         <input_file_ref idref="fl-e8"/>
      </object_component>
      <object_component id="oc-225">
         <name>.debug_info</name>
         <load_address>0x1444d</load_address>
         <run_address>0x1444d</run_address>
         <size>0x22b</size>
         <input_file_ref idref="fl-e8"/>
      </object_component>
      <object_component id="oc-286">
         <name>.debug_info</name>
         <load_address>0x14678</load_address>
         <run_address>0x14678</run_address>
         <size>0x3be</size>
         <input_file_ref idref="fl-e9"/>
      </object_component>
      <object_component id="oc-21f">
         <name>.debug_info</name>
         <load_address>0x14a36</load_address>
         <run_address>0x14a36</run_address>
         <size>0x1bb</size>
         <input_file_ref idref="fl-e9"/>
      </object_component>
      <object_component id="oc-282">
         <name>.debug_info</name>
         <load_address>0x14bf1</load_address>
         <run_address>0x14bf1</run_address>
         <size>0x36d</size>
         <input_file_ref idref="fl-ea"/>
      </object_component>
      <object_component id="oc-213">
         <name>.debug_info</name>
         <load_address>0x14f5e</load_address>
         <run_address>0x14f5e</run_address>
         <size>0x1f5</size>
         <input_file_ref idref="fl-ea"/>
      </object_component>
      <object_component id="oc-89">
         <name>.debug_info</name>
         <load_address>0x15153</load_address>
         <run_address>0x15153</run_address>
         <size>0x3bc</size>
         <input_file_ref idref="fl-eb"/>
      </object_component>
      <object_component id="oc-31">
         <name>.debug_info</name>
         <load_address>0x1550f</load_address>
         <run_address>0x1550f</run_address>
         <size>0x101</size>
         <input_file_ref idref="fl-eb"/>
      </object_component>
      <object_component id="oc-25e">
         <name>.debug_info</name>
         <load_address>0x15610</load_address>
         <run_address>0x15610</run_address>
         <size>0x14c</size>
         <input_file_ref idref="fl-eb"/>
      </object_component>
      <object_component id="oc-1dd">
         <name>.debug_info</name>
         <load_address>0x1575c</load_address>
         <run_address>0x1575c</run_address>
         <size>0x885</size>
         <input_file_ref idref="fl-eb"/>
      </object_component>
      <object_component id="oc-dd">
         <name>.debug_info</name>
         <load_address>0x15fe1</load_address>
         <run_address>0x15fe1</run_address>
         <size>0x62</size>
         <input_file_ref idref="fl-eb"/>
      </object_component>
      <object_component id="oc-ab">
         <name>.debug_info</name>
         <load_address>0x16043</load_address>
         <run_address>0x16043</run_address>
         <size>0x145</size>
         <input_file_ref idref="fl-ed"/>
      </object_component>
      <object_component id="oc-2c2">
         <name>.debug_info</name>
         <load_address>0x16188</load_address>
         <run_address>0x16188</run_address>
         <size>0x28a</size>
         <input_file_ref idref="fl-ee"/>
      </object_component>
      <object_component id="oc-288">
         <name>.debug_info</name>
         <load_address>0x16412</load_address>
         <run_address>0x16412</run_address>
         <size>0x231</size>
         <input_file_ref idref="fl-ee"/>
      </object_component>
      <object_component id="oc-2af">
         <name>.debug_info</name>
         <load_address>0x16643</load_address>
         <run_address>0x16643</run_address>
         <size>0x284</size>
         <input_file_ref idref="fl-ef"/>
      </object_component>
      <object_component id="oc-26f">
         <name>.debug_info</name>
         <load_address>0x168c7</load_address>
         <run_address>0x168c7</run_address>
         <size>0x22a</size>
         <input_file_ref idref="fl-ef"/>
      </object_component>
      <object_component id="oc-2b4">
         <name>.debug_info</name>
         <load_address>0x16af1</load_address>
         <run_address>0x16af1</run_address>
         <size>0x2b0</size>
         <input_file_ref idref="fl-f0"/>
      </object_component>
      <object_component id="oc-2b1">
         <name>.debug_info</name>
         <load_address>0x16da1</load_address>
         <run_address>0x16da1</run_address>
         <size>0xfd</size>
         <input_file_ref idref="fl-f0"/>
      </object_component>
      <object_component id="oc-274">
         <name>.debug_info</name>
         <load_address>0x16e9e</load_address>
         <run_address>0x16e9e</run_address>
         <size>0x281</size>
         <input_file_ref idref="fl-f0"/>
      </object_component>
      <object_component id="oc-2a5">
         <name>.debug_info</name>
         <load_address>0x1711f</load_address>
         <run_address>0x1711f</run_address>
         <size>0x3c6</size>
         <input_file_ref idref="fl-f1"/>
      </object_component>
      <object_component id="oc-24e">
         <name>.debug_info</name>
         <load_address>0x174e5</load_address>
         <run_address>0x174e5</run_address>
         <size>0x19a</size>
         <input_file_ref idref="fl-f1"/>
      </object_component>
      <object_component id="oc-2a3">
         <name>.debug_info</name>
         <load_address>0x1767f</load_address>
         <run_address>0x1767f</run_address>
         <size>0x3c4</size>
         <input_file_ref idref="fl-f2"/>
      </object_component>
      <object_component id="oc-248">
         <name>.debug_info</name>
         <load_address>0x17a43</load_address>
         <run_address>0x17a43</run_address>
         <size>0x18a</size>
         <input_file_ref idref="fl-f2"/>
      </object_component>
      <object_component id="oc-2ff">
         <name>.debug_info</name>
         <load_address>0x17bcd</load_address>
         <run_address>0x17bcd</run_address>
         <size>0x91</size>
      </object_component>
      <object_component id="oc-1ab">
         <name>.debug_line</name>
         <load_address>0x0</load_address>
         <run_address>0x0</run_address>
         <size>0x20</size>
         <input_file_ref idref="fl-2"/>
      </object_component>
      <object_component id="oc-f7">
         <name>.debug_line</name>
         <load_address>0x20</load_address>
         <run_address>0x20</run_address>
         <size>0xc9</size>
         <input_file_ref idref="fl-2"/>
      </object_component>
      <object_component id="oc-145">
         <name>.debug_line</name>
         <load_address>0xe9</load_address>
         <run_address>0xe9</run_address>
         <size>0x52</size>
         <input_file_ref idref="fl-2"/>
      </object_component>
      <object_component id="oc-14a">
         <name>.debug_line</name>
         <load_address>0x13b</load_address>
         <run_address>0x13b</run_address>
         <size>0x55</size>
         <input_file_ref idref="fl-2"/>
      </object_component>
      <object_component id="oc-3c">
         <name>.debug_line</name>
         <load_address>0x190</load_address>
         <run_address>0x190</run_address>
         <size>0x20</size>
         <input_file_ref idref="fl-2"/>
      </object_component>
      <object_component id="oc-d2">
         <name>.debug_line</name>
         <load_address>0x1b0</load_address>
         <run_address>0x1b0</run_address>
         <size>0x65</size>
         <input_file_ref idref="fl-2"/>
      </object_component>
      <object_component id="oc-1af">
         <name>.debug_line</name>
         <load_address>0x215</load_address>
         <run_address>0x215</run_address>
         <size>0x39</size>
         <input_file_ref idref="fl-3"/>
      </object_component>
      <object_component id="oc-101">
         <name>.debug_line</name>
         <load_address>0x24e</load_address>
         <run_address>0x24e</run_address>
         <size>0x106</size>
         <input_file_ref idref="fl-3"/>
      </object_component>
      <object_component id="oc-116">
         <name>.debug_line</name>
         <load_address>0x354</load_address>
         <run_address>0x354</run_address>
         <size>0xbd</size>
         <input_file_ref idref="fl-4"/>
      </object_component>
      <object_component id="oc-11c">
         <name>.debug_line</name>
         <load_address>0x411</load_address>
         <run_address>0x411</run_address>
         <size>0x97</size>
         <input_file_ref idref="fl-5"/>
      </object_component>
      <object_component id="oc-1ad">
         <name>.debug_line</name>
         <load_address>0x4a8</load_address>
         <run_address>0x4a8</run_address>
         <size>0x37</size>
         <input_file_ref idref="fl-6"/>
      </object_component>
      <object_component id="oc-fc">
         <name>.debug_line</name>
         <load_address>0x4df</load_address>
         <run_address>0x4df</run_address>
         <size>0x144</size>
         <input_file_ref idref="fl-6"/>
      </object_component>
      <object_component id="oc-1a4">
         <name>.debug_line</name>
         <load_address>0x623</load_address>
         <run_address>0x623</run_address>
         <size>0xe8</size>
         <input_file_ref idref="fl-7"/>
      </object_component>
      <object_component id="oc-b5">
         <name>.debug_line</name>
         <load_address>0x70b</load_address>
         <run_address>0x70b</run_address>
         <size>0xa3</size>
         <input_file_ref idref="fl-7"/>
      </object_component>
      <object_component id="oc-110">
         <name>.debug_line</name>
         <load_address>0x7ae</load_address>
         <run_address>0x7ae</run_address>
         <size>0xaf</size>
         <input_file_ref idref="fl-8"/>
      </object_component>
      <object_component id="oc-141">
         <name>.debug_line</name>
         <load_address>0x85d</load_address>
         <run_address>0x85d</run_address>
         <size>0x3b</size>
         <input_file_ref idref="fl-9"/>
      </object_component>
      <object_component id="oc-83">
         <name>.debug_line</name>
         <load_address>0x898</load_address>
         <run_address>0x898</run_address>
         <size>0x92</size>
         <input_file_ref idref="fl-9"/>
      </object_component>
      <object_component id="oc-1b1">
         <name>.debug_line</name>
         <load_address>0x92a</load_address>
         <run_address>0x92a</run_address>
         <size>0xc0</size>
         <input_file_ref idref="fl-a"/>
      </object_component>
      <object_component id="oc-109">
         <name>.debug_line</name>
         <load_address>0x9ea</load_address>
         <run_address>0x9ea</run_address>
         <size>0x4b8</size>
         <input_file_ref idref="fl-a"/>
      </object_component>
      <object_component id="oc-1b5">
         <name>.debug_line</name>
         <load_address>0xea2</load_address>
         <run_address>0xea2</run_address>
         <size>0x64</size>
         <input_file_ref idref="fl-a"/>
      </object_component>
      <object_component id="oc-18a">
         <name>.debug_line</name>
         <load_address>0xf06</load_address>
         <run_address>0xf06</run_address>
         <size>0x63</size>
         <input_file_ref idref="fl-a"/>
      </object_component>
      <object_component id="oc-d5">
         <name>.debug_line</name>
         <load_address>0xf69</load_address>
         <run_address>0xf69</run_address>
         <size>0x40</size>
         <input_file_ref idref="fl-b"/>
      </object_component>
      <object_component id="oc-85">
         <name>.debug_line</name>
         <load_address>0xfa9</load_address>
         <run_address>0xfa9</run_address>
         <size>0x40</size>
         <input_file_ref idref="fl-b"/>
      </object_component>
      <object_component id="oc-7a">
         <name>.debug_line</name>
         <load_address>0xfe9</load_address>
         <run_address>0xfe9</run_address>
         <size>0x71</size>
         <input_file_ref idref="fl-b"/>
      </object_component>
      <object_component id="oc-1a9">
         <name>.debug_line</name>
         <load_address>0x105a</load_address>
         <run_address>0x105a</run_address>
         <size>0x3b</size>
         <input_file_ref idref="fl-c"/>
      </object_component>
      <object_component id="oc-c5">
         <name>.debug_line</name>
         <load_address>0x1095</load_address>
         <run_address>0x1095</run_address>
         <size>0x146</size>
         <input_file_ref idref="fl-c"/>
      </object_component>
      <object_component id="oc-22e">
         <name>.debug_line</name>
         <load_address>0x11db</load_address>
         <run_address>0x11db</run_address>
         <size>0xff</size>
         <input_file_ref idref="fl-c6"/>
      </object_component>
      <object_component id="oc-173">
         <name>.debug_line</name>
         <load_address>0x12da</load_address>
         <run_address>0x12da</run_address>
         <size>0xa0</size>
         <input_file_ref idref="fl-c6"/>
      </object_component>
      <object_component id="oc-237">
         <name>.debug_line</name>
         <load_address>0x137a</load_address>
         <run_address>0x137a</run_address>
         <size>0x2c</size>
         <input_file_ref idref="fl-c6"/>
      </object_component>
      <object_component id="oc-232">
         <name>.debug_line</name>
         <load_address>0x13a6</load_address>
         <run_address>0x13a6</run_address>
         <size>0x89</size>
         <input_file_ref idref="fl-c6"/>
      </object_component>
      <object_component id="oc-27">
         <name>.debug_line</name>
         <load_address>0x142f</load_address>
         <run_address>0x142f</run_address>
         <size>0x53</size>
         <input_file_ref idref="fl-c7"/>
      </object_component>
      <object_component id="oc-e3">
         <name>.debug_line</name>
         <load_address>0x1482</load_address>
         <run_address>0x1482</run_address>
         <size>0x20</size>
         <input_file_ref idref="fl-c8"/>
      </object_component>
      <object_component id="oc-19">
         <name>.debug_line</name>
         <load_address>0x14a2</load_address>
         <run_address>0x14a2</run_address>
         <size>0xa9</size>
         <input_file_ref idref="fl-c8"/>
      </object_component>
      <object_component id="oc-37">
         <name>.debug_line</name>
         <load_address>0x154b</load_address>
         <run_address>0x154b</run_address>
         <size>0x3a</size>
         <input_file_ref idref="fl-c8"/>
      </object_component>
      <object_component id="oc-8e">
         <name>.debug_line</name>
         <load_address>0x1585</load_address>
         <run_address>0x1585</run_address>
         <size>0x8a</size>
         <input_file_ref idref="fl-c8"/>
      </object_component>
      <object_component id="oc-98">
         <name>.debug_line</name>
         <load_address>0x160f</load_address>
         <run_address>0x160f</run_address>
         <size>0x8a</size>
         <input_file_ref idref="fl-c9"/>
      </object_component>
      <object_component id="oc-1b">
         <name>.debug_line</name>
         <load_address>0x1699</load_address>
         <run_address>0x1699</run_address>
         <size>0x55</size>
         <input_file_ref idref="fl-c9"/>
      </object_component>
      <object_component id="oc-47">
         <name>.debug_line</name>
         <load_address>0x16ee</load_address>
[...]
      </symbol>
      <symbol id="sm-27c">
         <name>SystemInit</name>
         <value>0xde5</value>
         <object_component_ref idref="oc-c4"/>
      </symbol>
      <symbol id="sm-27d">
         <name>SystemCoreClockUpdate</name>
         <value>0xb71</value>
         <object_component_ref idref="oc-c4"/>
      </symbol>
      <symbol id="sm-27e">
         <name>SystemCoreClock</name>
         <value>0x20003828</value>
         <object_component_ref idref="oc-13c"/>
      </symbol>
      <symbol id="sm-2a3">
         <name>add_device</name>
         <value>0x1de5</value>
         <object_component_ref idref="oc-171"/>
      </symbol>
      <symbol id="sm-2b4">
         <name>_c_int00</name>
         <value>0x2595</value>
         <object_component_ref idref="oc-26"/>
      </symbol>
      <symbol id="sm-2b5">
         <name>__stack</name>
         <value>0x2000fe00</value>
         <object_component_ref idref="oc-2f"/>
      </symbol>
      <symbol id="sm-2d3">
         <name>__TI_decompress_lzss</name>
         <value>0x2289</value>
         <object_component_ref idref="oc-14"/>
      </symbol>
      <symbol id="sm-2ea">
         <name>__TI_decompress_none</name>
         <value>0x28b9</value>
         <object_component_ref idref="oc-1a"/>
      </symbol>
      <symbol id="sm-301">
         <name>__TI_zero_init</name>
         <value>0x28d5</value>
         <object_component_ref idref="oc-20"/>
      </symbol>
      <symbol id="sm-31b">
         <name>__TI_tmpnams</name>
         <value>0x20003120</value>
      </symbol>
      <symbol id="sm-31c">
         <name>__aeabi_stdout</name>
         <value>0x200037f0</value>
         <object_component_ref idref="oc-1d5"/>
      </symbol>
      <symbol id="sm-31d">
         <name>__aeabi_stderr</name>
         <value>0x200037f4</value>
         <object_component_ref idref="oc-1d5"/>
      </symbol>
      <symbol id="sm-31e">
         <name>__aeabi_stdin</name>
         <value>0x200037ec</value>
         <object_component_ref idref="oc-1d5"/>
      </symbol>
      <symbol id="sm-31f">
         <name>_ftable</name>
         <value>0x20003618</value>
         <object_component_ref idref="oc-183"/>
      </symbol>
      <symbol id="sm-320">
         <name>__TI_ft_end</name>
         <value>0x200037e8</value>
         <object_component_ref idref="oc-1d5"/>
      </symbol>
      <symbol id="sm-341">
         <name>C$$EXIT</name>
         <value>0x25e9</value>
         <object_component_ref idref="oc-6e"/>
      </symbol>
      <symbol id="sm-342">
         <name>abort</name>
         <value>0x25ed</value>
         <object_component_ref idref="oc-6e"/>
      </symbol>
      <symbol id="sm-343">
         <name>exit</name>
         <value>0x25f5</value>
         <object_component_ref idref="oc-6e"/>
      </symbol>
      <symbol id="sm-344">
         <name>__TI_dtors_ptr</name>
         <value>0x200037fc</value>
         <object_component_ref idref="oc-b9"/>
      </symbol>
      <symbol id="sm-345">
         <name>__TI_cleanup_ptr</name>
         <value>0x200037f8</value>
         <object_component_ref idref="oc-b9"/>
      </symbol>
      <symbol id="sm-346">
         <name>__TI_enable_exit_profile_output</name>
         <value>0x20003800</value>
         <object_component_ref idref="oc-b9"/>
      </symbol>
      <symbol id="sm-35d">
         <name>__aeabi_dsub</name>
         <value>0x1489</value>
         <object_component_ref idref="oc-198"/>
      </symbol>
      <symbol id="sm-35e">
         <name>__aeabi_dadd</name>
         <value>0x1493</value>
         <object_component_ref idref="oc-198"/>
      </symbol>
      <symbol id="sm-372">
         <name>__aeabi_ddiv</name>
         <value>0x1959</value>
         <object_component_ref idref="oc-193"/>
      </symbol>
      <symbol id="sm-37c">
         <name>__aeabi_d2iz</name>
         <value>0x2689</value>
         <object_component_ref idref="oc-19d"/>
      </symbol>
      <symbol id="sm-3b3">
         <name>__TI_cleanup</name>
         <value>0x138d</value>
         <object_component_ref idref="oc-177"/>
      </symbol>
      <symbol id="sm-3b4">
         <name>freopen</name>
         <value>0x13b9</value>
         <object_component_ref idref="oc-177"/>
      </symbol>
      <symbol id="sm-3b5">
         <name>fopen</name>
         <value>0x13e3</value>
         <object_component_ref idref="oc-177"/>
      </symbol>
      <symbol id="sm-3ca">
         <name>finddevice</name>
         <value>0x2219</value>
         <object_component_ref idref="oc-1b7"/>
      </symbol>
      <symbol id="sm-3cb">
         <name>getdevice</name>
         <value>0x2243</value>
         <object_component_ref idref="oc-1b7"/>
      </symbol>
      <symbol id="sm-3d5">
         <name>__aeabi_i2d</name>
         <value>0x278f</value>
         <object_component_ref idref="oc-18e"/>
      </symbol>
      <symbol id="sm-3f0">
         <name>memcpy</name>
         <value>0x1ff9</value>
         <object_component_ref idref="oc-3e"/>
      </symbol>
      <symbol id="sm-3f1">
         <name>__aeabi_memcpy</name>
         <value>0x1ff9</value>
         <object_component_ref idref="oc-3e"/>
      </symbol>
      <symbol id="sm-3f2">
         <name>__aeabi_memcpy8</name>
         <value>0x1ff9</value>
         <object_component_ref idref="oc-3e"/>
      </symbol>
      <symbol id="sm-3f3">
         <name>__aeabi_memcpy4</name>
         <value>0x1ff9</value>
         <object_component_ref idref="oc-3e"/>
      </symbol>
      <symbol id="sm-402">
         <name>__aeabi_memset</name>
         <value>0x212f</value>
         <object_component_ref idref="oc-4a"/>
      </symbol>
      <symbol id="sm-403">
         <name>memset</name>
         <value>0x2135</value>
         <object_component_ref idref="oc-4a"/>
      </symbol>
      <symbol id="sm-404">
         <name>__aeabi_memset8</name>
         <value>0x212f</value>
         <object_component_ref idref="oc-4a"/>
      </symbol>
      <symbol id="sm-405">
         <name>__aeabi_memset4</name>
         <value>0x212f</value>
         <object_component_ref idref="oc-4a"/>
      </symbol>
      <symbol id="sm-406">
         <name>__aeabi_memclr8</name>
         <value>0x212d</value>
         <object_component_ref idref="oc-4a"/>
      </symbol>
      <symbol id="sm-407">
         <name>__aeabi_memclr4</name>
         <value>0x212d</value>
         <object_component_ref idref="oc-4a"/>
      </symbol>
      <symbol id="sm-408">
         <name>__aeabi_memclr</name>
         <value>0x212d</value>
         <object_component_ref idref="oc-4a"/>
      </symbol>
      <symbol id="sm-412">
         <name>__mpu_init</name>
         <value>0x163f</value>
         <object_component_ref idref="oc-56"/>
      </symbol>
      <symbol id="sm-434">
         <name>open</name>
         <value>0x1d29</value>
         <object_component_ref idref="oc-1c9"/>
      </symbol>
      <symbol id="sm-43e">
         <name>_system_pre_init</name>
         <value>0x28e1</value>
         <object_component_ref idref="oc-5c"/>
      </symbol>
      <symbol id="sm-45f">
         <name>setvbuf</name>
         <value>0x1b85</value>
         <object_component_ref idref="oc-17d"/>
      </symbol>
      <symbol id="sm-467">
         <name>main_func_sp</name>
         <value>0x20003824</value>
         <object_component_ref idref="oc-74"/>
      </symbol>
      <symbol id="sm-477">
         <name>strchr</name>
         <value>0x2865</value>
         <object_component_ref idref="oc-1f6"/>
      </symbol>
      <symbol id="sm-486">
         <name>strcmp</name>
         <value>0x284d</value>
         <object_component_ref idref="oc-1f0"/>
      </symbol>
      <symbol id="sm-496">
         <name>strncpy</name>
         <value>0x2759</value>
         <object_component_ref idref="oc-1bd"/>
      </symbol>
      <symbol id="sm-4b2">
         <name>_stream</name>
         <value>0x20003780</value>
         <object_component_ref idref="oc-23a"/>
      </symbol>
      <symbol id="sm-4b3">
         <name>_device</name>
         <value>0x20003708</value>
         <object_component_ref idref="oc-1c4"/>
      </symbol>
      <symbol id="sm-4b4">
         <name>write</name>
         <value>0x27e9</value>
         <object_component_ref idref="oc-29a"/>
      </symbol>
      <symbol id="sm-4cd">
         <name>_nop</name>
         <value>0x288b</value>
         <object_component_ref idref="oc-130"/>
      </symbol>
      <symbol id="sm-4ce">
         <name>_lock</name>
         <value>0x20003810</value>
         <object_component_ref idref="oc-bc"/>
      </symbol>
      <symbol id="sm-4cf">
         <name>_unlock</name>
         <value>0x20003814</value>
         <object_component_ref idref="oc-bc"/>
      </symbol>
      <symbol id="sm-4d0">
         <name>_register_lock</name>
         <value>0x2883</value>
         <object_component_ref idref="oc-130"/>
      </symbol>
      <symbol id="sm-4d1">
         <name>_register_unlock</name>
         <value>0x287d</value>
         <object_component_ref idref="oc-130"/>
      </symbol>
      <symbol id="sm-4e5">
         <name>_args_main</name>
         <value>0x2835</value>
         <object_component_ref idref="oc-68"/>
      </symbol>
      <symbol id="sm-50f">
         <name>__TI_auto_init</name>
         <value>0x21a9</value>
         <object_component_ref idref="oc-62"/>
      </symbol>
      <symbol id="sm-529">
         <name>copy_in</name>
         <value>0x263d</value>
         <object_component_ref idref="oc-a3"/>
      </symbol>
      <symbol id="sm-53f">
         <name>__TI_closefile</name>
         <value>0x2095</value>
         <object_component_ref idref="oc-1cf"/>
      </symbol>
      <symbol id="sm-540">
         <name>fclose</name>
         <value>0x20fb</value>
         <object_component_ref idref="oc-1cf"/>
      </symbol>
      <symbol id="sm-55a">
         <name>__TI_doflush</name>
         <value>0x1c61</value>
         <object_component_ref idref="oc-23f"/>
      </symbol>
      <symbol id="sm-55b">
         <name>fflush</name>
         <value>0x1cad</value>
         <object_component_ref idref="oc-23f"/>
      </symbol>
      <symbol id="sm-56c">
         <name>HOSTclose</name>
         <value>0x26d1</value>
         <object_component_ref idref="oc-206"/>
      </symbol>
      <symbol id="sm-57d">
         <name>HOSTlseek</name>
         <value>0x22f1</value>
         <object_component_ref idref="oc-218"/>
      </symbol>
      <symbol id="sm-58f">
         <name>parmbuf</name>
         <value>0x200031c8</value>
      </symbol>
      <symbol id="sm-590">
         <name>HOSTopen</name>
         <value>0x2429</value>
         <object_component_ref idref="oc-200"/>
      </symbol>
      <symbol id="sm-5a1">
         <name>HOSTread</name>
         <value>0x24e5</value>
         <object_component_ref idref="oc-20c"/>
      </symbol>
      <symbol id="sm-5b2">
         <name>HOSTrename</name>
         <value>0x2359</value>
         <object_component_ref idref="oc-224"/>
      </symbol>
      <symbol id="sm-5c3">
         <name>HOSTunlink</name>
         <value>0x2715</value>
         <object_component_ref idref="oc-21e"/>
      </symbol>
      <symbol id="sm-5d4">
         <name>HOSTwrite</name>
         <value>0x253d</value>
         <object_component_ref idref="oc-212"/>
      </symbol>
      <symbol id="sm-646">
         <name>_sys_memory</name>
         <value>0x20003218</value>
         <object_component_ref idref="oc-30"/>
      </symbol>
      <symbol id="sm-647">
         <name>free</name>
         <value>0x88b</value>
         <object_component_ref idref="oc-1db"/>
      </symbol>
      <symbol id="sm-648">
         <name>realloc</name>
         <value>0x94b</value>
         <object_component_ref idref="oc-1db"/>
      </symbol>
      <symbol id="sm-649">
         <name>memalign</name>
         <value>0xa55</value>
         <object_component_ref idref="oc-1db"/>
      </symbol>
      <symbol id="sm-64a">
         <name>calloc</name>
         <value>0xb41</value>
         <object_component_ref idref="oc-1db"/>
      </symbol>
      <symbol id="sm-64b">
         <name>malloc</name>
         <value>0x821</value>
         <object_component_ref idref="oc-1db"/>
      </symbol>
      <symbol id="sm-64c">
         <name>minit</name>
         <value>0x7a1</value>
         <object_component_ref idref="oc-1db"/>
      </symbol>
      <symbol id="sm-657">
         <name>_system_post_cinit</name>
         <value>0x1a8f</value>
         <object_component_ref idref="oc-a9"/>
      </symbol>
      <symbol id="sm-665">
         <name>strcpy</name>
         <value>0x2891</value>
         <object_component_ref idref="oc-287"/>
      </symbol>
      <symbol id="sm-673">
         <name>strlen</name>
         <value>0x28a5</value>
         <object_component_ref idref="oc-26d"/>
      </symbol>
      <symbol id="sm-68e">
         <name>__TI_readmsg</name>
         <value>0x23f3</value>
         <object_component_ref idref="oc-273"/>
      </symbol>
      <symbol id="sm-68f">
         <name>C$$IO$$</name>
         <value>0x23ef</value>
         <object_component_ref idref="oc-273"/>
      </symbol>
      <symbol id="sm-690">
         <name>__CIOBUF_</name>
         <value>0x20003000</value>
         <object_component_ref idref="oc-2b0"/>
      </symbol>
      <symbol id="sm-691">
         <name>__TI_writemsg</name>
         <value>0x23c1</value>
         <object_component_ref idref="oc-273"/>
      </symbol>
      <symbol id="sm-6a1">
         <name>unlink</name>
         <value>0x27bd</value>
         <object_component_ref idref="oc-24b"/>
      </symbol>
      <symbol id="sm-6b5">
         <name>close</name>
         <value>0x2489</value>
         <object_component_ref idref="oc-245"/>
      </symbol>
      <symbol id="sm-6b6">
         <name>__TI_static_base__</name>
         <value>0x0</value>
      </symbol>
      <symbol id="sm-6b9">
         <name>SHT$$INIT_ARRAY$$Limit</name>
         <value>0x0</value>
      </symbol>
      <symbol id="sm-6ba">
         <name>SHT$$INIT_ARRAY$$Base</name>
         <value>0x0</value>
      </symbol>
      <symbol id="sm-6bb">
         <name>NMI_Handler</name>
         <value>0x28d3</value>
      </symbol>
      <symbol id="sm-6bc">
         <name>HardFault_Handler</name>
         <value>0x28d3</value>
      </symbol>
      <symbol id="sm-6bd">
         <name>MemManage_Handler</name>
         <value>0x28d3</value>
      </symbol>
      <symbol id="sm-6be">
         <name>BusFault_Handler</name>
         <value>0x28d3</value>
      </symbol>
      <symbol id="sm-6bf">
         <name>UsageFault_Handler</name>
         <value>0x28d3</value>
      </symbol>
      <symbol id="sm-6c0">
         <name>SVC_Handler</name>
         <value>0x28d3</value>
      </symbol>
      <symbol id="sm-6c1">
         <name>DebugMon_Handler</name>
         <value>0x28d3</value>
      </symbol>
      <symbol id="sm-6c2">
         <name>PendSV_Handler</name>
         <value>0x28d3</value>
      </symbol>
      <symbol id="sm-6c3">
         <name>SysTick_Handler</name>
         <value>0x28d3</value>
      </symbol>
      <symbol id="sm-6c4">
         <name>PSS_IRQHandler</name>
         <value>0x28d3</value>
      </symbol>
      <symbol id="sm-6c5">
         <name>CS_IRQHandler</name>
         <value>0x28d3</value>
      </symbol>
      <symbol id="sm-6c6">
         <name>PCM_IRQHandler</name>
         <value>0x28d3</value>
      </symbol>
      <symbol id="sm-6c7">
         <name>WDT_A_IRQHandler</name>
         <value>0x28d3</value>
      </symbol>
      <symbol id="sm-6c8">
         <name>FPU_IRQHandler</name>
         <value>0x28d3</value>
      </symbol>
      <symbol id="sm-6c9">
         <name>FLCTL_IRQHandler</name>
         <value>0x28d3</value>
      </symbol>
      <symbol id="sm-6ca">
         <name>COMP_E0_IRQHandler</name>
         <value>0x28d3</value>
      </symbol>
      <symbol id="sm-6cb">
         <name>COMP_E1_IRQHandler</name>
         <value>0x28d3</value>
      </symbol>
      <symbol id="sm-6cc">
         <name>TA0_0_IRQHandler</name>
         <value>0x28d3</value>
      </symbol>
      <symbol id="sm-6cd">
         <name>TA0_N_IRQHandler</name>
         <value>0x28d3</value>
      </symbol>
      <symbol id="sm-6ce">
         <name>TA1_0_IRQHandler</name>
         <value>0x1fc3</value>
      </symbol>
      <symbol id="sm-6cf">
         <name>TA1_N_IRQHandler</name>
         <value>0x28d3</value>
      </symbol>
      <symbol id="sm-6d0">
         <name>TA2_0_IRQHandler</name>
         <value>0x28d3</value>
      </symbol>
      <symbol id="sm-6d1">
         <name>TA2_N_IRQHandler</name>
         <value>0x28d3</value>
      </symbol>
      <symbol id="sm-6d2">
         <name>TA3_0_IRQHandler</name>
         <value>0x28d3</value>
      </symbol>
      <symbol id="sm-6d3">
         <name>TA3_N_IRQHandler</name>
         <value>0x28d3</value>
      </symbol>
      <symbol id="sm-6d4">
         <name>EUSCIA0_IRQHandler</name>
         <value>0x28d3</value>
      </symbol>
      <symbol id="sm-6d5">
         <name>EUSCIA1_IRQHandler</name>
         <value>0x28d3</value>
      </symbol>
      <symbol id="sm-6d6">
         <name>EUSCIA2_IRQHandler</name>
         <value>0x28d3</value>
      </symbol>
      <symbol id="sm-6d7">
         <name>EUSCIA3_IRQHandler</name>
         <value>0x28d3</value>
      </symbol>
      <symbol id="sm-6d8">
         <name>EUSCIB0_IRQHandler</name>
         <value>0x28d3</value>
      </symbol>
      <symbol id="sm-6d9">
         <name>EUSCIB1_IRQHandler</name>
         <value>0x28d3</value>
      </symbol>
      <symbol id="sm-6da">
         <name>EUSCIB2_IRQHandler</name>
         <value>0x28d3</value>
      </symbol>
      <symbol id="sm-6db">
         <name>EUSCIB3_IRQHandler</name>
         <value>0x28d3</value>
      </symbol>
      <symbol id="sm-6dc">
         <name>ADC14_IRQHandler</name>
         <value>0x28d3</value>
      </symbol>
      <symbol id="sm-6dd">
         <name>T32_INT1_IRQHandler</name>
         <value>0x28d3</value>
      </symbol>
      <symbol id="sm-6de">
         <name>T32_INT2_IRQHandler</name>
         <value>0x28d3</value>
      </symbol>
      <symbol id="sm-6df">
         <name>T32_INTC_IRQHandler</name>
         <value>0x28d3</value>
      </symbol>
      <symbol id="sm-6e0">
         <name>AES256_IRQHandler</name>
         <value>0x28d3</value>
      </symbol>
      <symbol id="sm-6e1">
         <name>RTC_C_IRQHandler</name>
         <value>0x28d3</value>
      </symbol>
      <symbol id="sm-6e2">
         <name>DMA_ERR_IRQHandler</name>
         <value>0x28d3</value>
      </symbol>
      <symbol id="sm-6e3">
         <name>DMA_INT3_IRQHandler</name>
         <value>0x28d3</value>
      </symbol>
      <symbol id="sm-6e4">
         <name>DMA_INT2_IRQHandler</name>
         <value>0x28d3</value>
      </symbol>
      <symbol id="sm-6e5">
         <name>DMA_INT1_IRQHandler</name>
         <value>0x28d3</value>
      </symbol>
      <symbol id="sm-6e6">
         <name>DMA_INT0_IRQHandler</name>
         <value>0x28d3</value>
      </symbol>
      <symbol id="sm-6e7">
         <name>PORT1_IRQHandler</name>
         <value>0x28d3</value>
      </symbol>
      <symbol id="sm-6e8">
         <name>PORT2_IRQHandler</name>
         <value>0x28d3</value>
      </symbol>
      <symbol id="sm-6e9">
         <name>PORT3_IRQHandler</name>
         <value>0x28d3</value>
      </symbol>
      <symbol id="sm-6ea">
         <name>PORT4_IRQHandler</name>
         <value>0x28d3</value>
      </symbol>
      <symbol id="sm-6eb">
         <name>PORT5_IRQHandler</name>
         <value>0x28d3</value>
      </symbol>
      <symbol id="sm-6ec">
         <name>PORT6_IRQHandler</name>
         <value>0x28d3</value>
      </symbol>
      <symbol id="sm-6ed">
         <name>remove</name>
         <value>0x27bd</value>
      </symbol>
   </symbol_table>
   <title>Link successful</title>
</link_info>
