******************************************************************************
                  TI ARM Linker PC v16.9.6                     
******************************************************************************
>> Linked Mon Mar 30 14:06:40 2026

OUTPUT FILE NAME:   <Lab4_ADC_IRSensors.out>
ENTRY POINT SYMBOL: "_c_int00"  address: 00002595


MEMORY CONFIGURATION

         name            origin    length      used     unused   attr    fill
----------------------  --------  ---------  --------  --------  ----  --------
  MAIN                  00000000   00040000  00002984  0003d67c  R  X
  INFO                  00200000   00004000  00000000  00004000  R  X
  SRAM_CODE             01000000   00010000  00003a2c  0000c5d4  RW X
  SRAM_DATA             20000000   00010000  00003a2c  0000c5d4  RW  


SEGMENT ALLOCATION MAP

run origin  load origin   length   init length attrs members
----------  ----------- ---------- ----------- ----- -------
00000000    00000000    00002988   00002988    r-x
  00000000    00000000    000000e4   000000e4    r-- .intvecs
  000000e4    000000e4    00002800   00002800    r-x .text
  000028e8    000028e8    000000a0   000000a0    r-- .cinit
20000000    20000000    0000382c   00000000    rw-
  20000000    20000000    00003218   00000000    rw- .bss
  20003218    20003218    00000400   00000000    rw- .sysmem
  20003618    20003618    00000214   00000000    rw- .data
2000fe00    2000fe00    00000200   00000000    rw-
  2000fe00    2000fe00    00000200   00000000    rw- .stack


SECTION ALLOCATION MAP

 output                                  attributes/
section   page    origin      length       input sections
--------  ----  ----------  ----------   ----------------
.intvecs   0    00000000    000000e4     
                  00000000    000000e4     startup_msp432p401r_ccs.obj (.intvecs:retain)

.binit     0    00000000    00000000     

.text      0    000000e4    00002800     
                  000000e4    000006bc     UART0.obj (.text)
                  000007a0    000003d0     rtsv7M4_T_le_v4SPD16_eabi.lib : memory.obj (.text)
                  00000b70    0000032c     system_msp432p401r.obj (.text)
                  00000e9c    00000248     LPF.obj (.text)
                  000010e4    000001e0     Clock.obj (.text)
                  000012c4    000001c4     rtsv7M4_T_le_v4SPD16_eabi.lib : fopen.obj (.text)
                  00001488    000001b6                                   : fd_add_t2.obj (.text)
                  0000163e    00000002                                   : mpu_init.obj (.text)
                  00001640    000001b4     Lab4_ADCmain.obj (.text)
                  000017f4    00000164     ADC14.obj (.text)
                  00001958    00000136     rtsv7M4_T_le_v4SPD16_eabi.lib : fd_div_t2.obj (.text)
                  00001a8e    00000002                                   : startup.obj (.text)
                  00001a90    000000f4     LaunchPad.obj (.text)
                  00001b84    000000dc     rtsv7M4_T_le_v4SPD16_eabi.lib : setvbuf.obj (.text)
                  00001c60    000000c8                                   : fflush.obj (.text)
                  00001d28    000000bc                                   : open.obj (.text)
                  00001de4    000000b8                                   : add_device.obj (.text)
                  00001e9c    000000b4     IRDistance.obj (.text)
                  00001f50    000000a8     TimerA1.obj (.text)
                  00001ff8    0000009c     rtsv7M4_T_le_v4SPD16_eabi.lib : memcpy_t2.obj (.text)
                  00002094    00000098                                   : fclose.obj (.text)
                  0000212c    0000007a                                   : memset_t2.obj (.text)
                  000021a6    00000002     --HOLE-- [fill = 0]
                  000021a8    00000070                                   : autoinit.obj (.text)
                  00002218    00000070                                   : getdevice.obj (.text)
                  00002288    00000068                                   : copy_decompress_lzss.obj (.text:decompress:lzss)
                  000022f0    00000068                                   : hostlseek.obj (.text)
                  00002358    00000068                                   : hostrename.obj (.text)
                  000023c0    00000068                                   : trgmsg.obj (.text)
                  00002428    00000060                                   : hostopen.obj (.text)
                  00002488    0000005c                                   : close.obj (.text)
                  000024e4    00000058                                   : hostread.obj (.text)
                  0000253c    00000058                                   : hostwrite.obj (.text)
                  00002594    00000054                                   : boot.obj (.text)
                  000025e8    00000054                                   : exit.obj (.text)
                  0000263c    0000004c                                   : cpy_tbl.obj (.text)
                  00002688    00000048                                   : fd_toi_t2.obj (.text)
                  000026d0    00000044                                   : hostclose.obj (.text)
                  00002714    00000044                                   : hostunlink.obj (.text)
                  00002758    00000036                                   : strncpy.obj (.text)
                  0000278e    0000002e                                   : i_tofd_t2.obj (.text)
                  000027bc    0000002c                                   : unlink.obj (.text)
                  000027e8    00000028                                   : write.obj (.text)
                  00002810    00000024     CortexM.obj (.text)
                  00002834    00000018     rtsv7M4_T_le_v4SPD16_eabi.lib : args_main.obj (.text)
                  0000284c    00000018                                   : strcmp.obj (.text)
                  00002864    00000016                                   : strchr.obj (.text)
                  0000287a    00000002     --HOLE-- [fill = 0]
                  0000287c    00000014                                   : _lock.obj (.text)
                  00002890    00000014                                   : strcpy.obj (.text)
                  000028a4    00000014                                   : strlen.obj (.text)
                  000028b8    0000000e                                   : copy_decompress_none.obj (.text:decompress:none)
                  000028c6    0000000e     startup_msp432p401r_ccs.obj (.text)
                  000028d4    0000000c     rtsv7M4_T_le_v4SPD16_eabi.lib : copy_zero_init.obj (.text:decompress:ZI)
                  000028e0    00000004                                   : pre_init.obj (.text)

.cinit     0    000028e8    000000a0     
                  000028e8    00000076     (.cinit..data.load) [load image, compression = lzss]
                  0000295e    00000002     --HOLE-- [fill = 0]
                  00002960    0000000c     (__TI_handler_table)
                  0000296c    00000004     --HOLE-- [fill = 0]
                  00002970    00000008     (.cinit..bss.load) [load image, compression = zero_init]
                  00002978    00000010     (__TI_cinit_table)

.init_array 
*          0    00000000    00000000     UNINITIALIZED

.bss       0    20000000    00003218     UNINITIALIZED
                  20000000    00001000     (.common:x)
                  20001000    00001000     (.common:x2)
                  20002000    00001000     (.common:x3)
                  20003000    00000120     rtsv7M4_T_le_v4SPD16_eabi.lib : trgmsg.obj (.bss:_CIOBUF_)
                  20003120    000000a0     (.common:__TI_tmpnams)
                  200031c0    00000008     (.common:Messageb)
                  200031c8    00000008     (.common:parmbuf)
                  200031d0    00000004     (.common:ADCflag)
                  200031d4    00000004     (.common:I1)
                  200031d8    00000004     (.common:I2)
                  200031dc    00000004     (.common:I3)
                  200031e0    00000004     (.common:LPFSum)
                  200031e4    00000004     (.common:LPFSum2)
                  200031e8    00000004     (.common:LPFSum3)
                  200031ec    00000004     (.common:Messageindexb)
                  200031f0    00000004     (.common:Size)
                  200031f4    00000004     (.common:Size2)
                  200031f8    00000004     (.common:Size3)
                  200031fc    00000004     (.common:TimerA1Task)
                  20003200    00000004     (.common:a)
                  20003204    00000004     (.common:b)
                  20003208    00000004     (.common:c)
                  2000320c    00000004     (.common:nc)
                  20003210    00000004     (.common:nl)
                  20003214    00000004     (.common:nr)

.sysmem    0    20003218    00000400     UNINITIALIZED
                  20003218    00000008     rtsv7M4_T_le_v4SPD16_eabi.lib : memory.obj (.sysmem)
                  20003220    000003f8     --HOLE--

.data      0    20003618    00000214     UNINITIALIZED
                  20003618    000000f0     rtsv7M4_T_le_v4SPD16_eabi.lib : defs.obj (.data:_ftable)
                  20003708    00000078                                   : write.obj (.data:_device)
                  20003780    00000050                                   : write.obj (.data:_stream)
                  200037d0    00000018     Clock.obj (.data)
                  200037e8    00000010     rtsv7M4_T_le_v4SPD16_eabi.lib : defs.obj (.data)
                  200037f8    0000000c                                   : exit.obj (.data:$O1$$)
                  20003804    0000000c                                   : memory.obj (.data:$O1$$)
                  20003810    00000008                                   : _lock.obj (.data:$O1$$)
                  20003818    00000004                                   : add_device.obj (.data)
                  2000381c    00000004                                   : fopen.obj (.data)
                  20003820    00000004                                   : open.obj (.data)
                  20003824    00000004                                   : stkdepth_vars.obj (.data)
                  20003828    00000004     system_msp432p401r.obj (.data)

.stack     0    2000fe00    00000200     UNINITIALIZED
                  2000fe00    00000200     --HOLE--

MODULE SUMMARY

       Module                        code    ro data   rw data
       ------                        ----    -------   -------
    .\
       LPF.obj                       584     0         24648  
       UART0.obj                     1724    0         24     
       system_msp432p401r.obj        812     0         8      
       Clock.obj                     480     0         48     
       Lab4_ADCmain.obj              436     0         56     
       ADC14.obj                     356     0         0      
       LaunchPad.obj                 244     0         0      
       startup_msp432p401r_ccs.obj   14      228       0      
       IRDistance.obj                180     0         0      
       TimerA1.obj                   168     0         8      
       CortexM.obj                   36      0         0      
    +--+-----------------------------+-------+---------+---------+
       Total:                        5034    228       24792  
                                                              
    C:\ti\ccsv7\tools\compiler\ti-cgt-arm_16.9.6.LTS\lib\rtsv7M4_T_le_v4SPD16_eabi.lib
       memory.obj                    976     0         24     
       defs.obj                      0       0         832    
       trgmsg.obj                    104     0         576    
       fopen.obj                     452     0         8      
       write.obj                     40      0         400    
       fd_add_t2.obj                 438     0         0      
       fd_div_t2.obj                 310     0         0      
       setvbuf.obj                   220     0         0      
       fflush.obj                    200     0         0      
       open.obj                      188     0         8      
       add_device.obj                184     0         8      
       memcpy_t2.obj                 156     0         0      
       fclose.obj                    152     0         0      
       memset_t2.obj                 122     0         0      
       autoinit.obj                  112     0         0      
       getdevice.obj                 112     0         0      
       hostopen.obj                  96      0         16     
       exit.obj                      84      0         24     
       copy_decompress_lzss.obj      104     0         0      
       hostlseek.obj                 104     0         0      
       hostrename.obj                104     0         0      
       close.obj                     92      0         0      
       hostread.obj                  88      0         0      
       hostwrite.obj                 88      0         0      
       boot.obj                      84      0         0      
       cpy_tbl.obj                   76      0         0      
       fd_toi_t2.obj                 72      0         0      
       hostclose.obj                 68      0         0      
       hostunlink.obj                68      0         0      
       strncpy.obj                   54      0         0      
       i_tofd_t2.obj                 46      0         0      
       unlink.obj                    44      0         0      
       _lock.obj                     20      0         16     
       args_main.obj                 24      0         0      
       strcmp.obj                    24      0         0      
       strchr.obj                    22      0         0      
       strcpy.obj                    20      0         0      
       strlen.obj                    20      0         0      
       copy_decompress_none.obj      14      0         0      
       copy_zero_init.obj            12      0         0      
       stkdepth_vars.obj             0       0         8      
       pre_init.obj                  4       0         0      
       mpu_init.obj                  2       0         0      
       startup.obj                   2       0         0      
    +--+-----------------------------+-------+---------+---------+
       Total:                        5202    0         1920   
                                                              
       Heap:                         0       0         2048   
       Stack:                        0       0         1024   
       Linker Generated:             0       154       0      
    +--+-----------------------------+-------+---------+---------+
       Grand Total:                  10236   382       29784  


LINKER GENERATED COPY TABLES

__TI_cinit_table @ 00002978 records: 2, size/record: 8, table size: 16
	.data: load addr=000028e8, load size=00000076 bytes, run addr=20003618, run size=00000214 bytes, compression=lzss
	.bss: load addr=00002970, load size=00000008 bytes, run addr=20000000, run size=00003218 bytes, compression=zero_init


LINKER GENERATED HANDLER TABLE

__TI_handler_table @ 00002960 records: 3, size/record: 4, table size: 12
	index: 0, handler: __TI_decompress_lzss
	index: 1, handler: __TI_decompress_none
	index: 2, handler: __TI_zero_init


GLOBAL SYMBOLS: SORTED ALPHABETICALLY BY Name 

address   name                           
-------   ----                           
000017f5  ADC0_InitSWTriggerCh12         
00001865  ADC0_InitSWTriggerCh17_12_16   
000028d3  ADC14_IRQHandler               
00001845  ADC_In12                       
000018d5  ADC_In17_12_16                 
200031d0  ADCflag                        
000028d3  AES256_IRQHandler              
000028d3  BusFault_Handler               
000025e9  C$$EXIT                        
000023ef  C$$IO$$                        
000028d3  COMP_E0_IRQHandler             
000028d3  COMP_E1_IRQHandler             
200037d8  CPMwait                        
000028d3  CS_IRQHandler                  
00001ec9  CenterConvert                  
200037d0  ClockFrequency                 
00001239  Clock_Delay1ms                 
0000120f  Clock_Delay1us                 
000011fb  Clock_GetFreq                  
000010e5  Clock_Init48MHz                
200037e4  Crystalstable                  
000028d3  DMA_ERR_IRQHandler             
000028d3  DMA_INT0_IRQHandler            
000028d3  DMA_INT1_IRQHandler            
000028d3  DMA_INT2_IRQHandler            
000028d3  DMA_INT3_IRQHandler            
000028d3  DebugMon_Handler               
000028d3  Default_Handler                
00002811  DisableInterrupts              
000028d3  EUSCIA0_IRQHandler             
000028d3  EUSCIA1_IRQHandler             
000028d3  EUSCIA2_IRQHandler             
000028d3  EUSCIA3_IRQHandler             
000028d3  EUSCIB0_IRQHandler             
000028d3  EUSCIB1_IRQHandler             
000028d3  EUSCIB2_IRQHandler             
000028d3  EUSCIB3_IRQHandler             
00002817  EnableInterrupts               
00002827  EndCritical                    
000028d3  FLCTL_IRQHandler               
000028d3  FPU_IRQHandler                 
000026d1  HOSTclose                      
000022f1  HOSTlseek                      
00002429  HOSTopen                       
000024e5  HOSTread                       
00002359  HOSTrename                     
00002715  HOSTunlink                     
0000253d  HOSTwrite                      
000028d3  HardFault_Handler              
200031d4  I1                             
200031d8  I2                             
200031dc  I3                             
200037e0  IFlags                         
200031e0  LPFSum                         
200031e4  LPFSum2                        
200031e8  LPFSum3                        
00000efb  LPF_Calc                       
00000fad  LPF_Calc2                      
0000105f  LPF_Calc3                      
00000e9d  LPF_Init                       
00000f4f  LPF_Init2                      
00001001  LPF_Init3                      
00001a91  LaunchPad_Init                 
00001b01  LaunchPad_Input                
00001b1b  LaunchPad_LED                  
00001b39  LaunchPad_Output               
00001e9d  LeftConvert                    
000028d3  MemManage_Handler              
200031c0  Messageb                       
200031ec  Messageindexb                  
000028d3  NMI_Handler                    
000028d3  PCM_IRQHandler                 
000028d3  PORT1_IRQHandler               
000028d3  PORT2_IRQHandler               
000028d3  PORT3_IRQHandler               
000028d3  PORT4_IRQHandler               
000028d3  PORT5_IRQHandler               
000028d3  PORT6_IRQHandler               
000028d3  PSS_IRQHandler                 
000028d3  PendSV_Handler                 
200037dc  Postwait                       
200037d4  Prewait                        
000028d3  RTC_C_IRQHandler               
000028c7  Reset_Handler                  
00001ef5  RightConvert                   
UNDEFED   SHT$$INIT_ARRAY$$Base          
UNDEFED   SHT$$INIT_ARRAY$$Limit         
000028d3  SVC_Handler                    
00001641  SensorRead_ISR                 
200031f0  Size                           
200031f4  Size2                          
200031f8  Size3                          
0000281d  StartCritical                  
000028d3  SysTick_Handler                
20003828  SystemCoreClock                
00000b71  SystemCoreClockUpdate          
00000de5  SystemInit                     
000028d3  T32_INT1_IRQHandler            
000028d3  T32_INT2_IRQHandler            
000028d3  T32_INTC_IRQHandler            
000028d3  TA0_0_IRQHandler               
000028d3  TA0_N_IRQHandler               
00001fc3  TA1_0_IRQHandler               
00001fc3  TA1_0_IRQHandler               
000028d3  TA1_N_IRQHandler               
000028d3  TA2_0_IRQHandler               
000028d3  TA2_N_IRQHandler               
000028d3  TA3_0_IRQHandler               
000028d3  TA3_N_IRQHandler               
200031fc  TimerA1Task                    
00001f51  TimerA1_Init                   
00001faf  TimerA1_Stop                   
0000012b  UART0_InChar                   
000005b5  UART0_InString                 
00000175  UART0_InUDec                   
00000469  UART0_InUHex                   
000000e5  UART0_Init                     
00000715  UART0_Initprintf               
0000013b  UART0_OutChar                  
00000157  UART0_OutString                
000001f9  UART0_OutUDec                  
00000365  UART0_OutUDec4                 
000003b9  UART0_OutUDec5                 
000003f5  UART0_OutUFix1                 
0000041d  UART0_OutUFix2                 
0000052d  UART0_OutUHex                  
00000599  UART0_OutUHex2                 
000028d3  UsageFault_Handler             
4000480c  WDTCTL_SYM                     
000028d3  WDT_A_IRQHandler               
0000282f  WaitForInterrupt               
20003000  __CIOBUF_                      
20010000  __STACK_END                    
00000200  __STACK_SIZE                   
00000400  __SYSMEM_SIZE                  
00002978  __TI_CINIT_Base                
00002988  __TI_CINIT_Limit               
00002960  __TI_Handler_Table_Base        
0000296c  __TI_Handler_Table_Limit       
000021a9  __TI_auto_init                 
0000138d  __TI_cleanup                   
200037f8  __TI_cleanup_ptr               
00002095  __TI_closefile                 
00002289  __TI_decompress_lzss           
000028b9  __TI_decompress_none           
00001c61  __TI_doflush                   
200037fc  __TI_dtors_ptr                 
20003800  __TI_enable_exit_profile_output
200037e8  __TI_ft_end                    
ffffffff  __TI_pprof_out_hndl            
ffffffff  __TI_prof_data_size            
ffffffff  __TI_prof_data_start           
000023f3  __TI_readmsg                   
00000000  __TI_static_base__             
20003120  __TI_tmpnams                   
000023c1  __TI_writemsg                  
000028d5  __TI_zero_init                 
00002689  __aeabi_d2iz                   
00001493  __aeabi_dadd                   
00001959  __aeabi_ddiv                   
00001489  __aeabi_dsub                   
0000278f  __aeabi_i2d                    
0000212d  __aeabi_memclr                 
0000212d  __aeabi_memclr4                
0000212d  __aeabi_memclr8                
00001ff9  __aeabi_memcpy                 
00001ff9  __aeabi_memcpy4                
00001ff9  __aeabi_memcpy8                
0000212f  __aeabi_memset                 
0000212f  __aeabi_memset4                
0000212f  __aeabi_memset8                
200037f4  __aeabi_stderr                 
200037ec  __aeabi_stdin                  
200037f0  __aeabi_stdout                 
ffffffff  __binit__                      
ffffffff  __c_args__                     
0000163f  __mpu_init                     
2000fe00  __stack                        
00002835  _args_main                     
00002595  _c_int00                       
20003708  _device                        
20003618  _ftable                        
20003810  _lock                          
0000288b  _nop                           
00002883  _register_lock                 
0000287d  _register_unlock               
20003780  _stream                        
20003218  _sys_memory                    
00001a8f  _system_post_cinit             
000028e1  _system_pre_init               
20003814  _unlock                        
20003200  a                              
000025ed  abort                          
00001de5  add_device                     
20003204  b                              
ffffffff  binit                          
20003208  c                              
00000b41  calloc                         
00002489  close                          
0000263d  copy_in                        
00001201  delay                          
000025f5  exit                           
000020fb  fclose                         
0000064f  ferror                         
00001cad  fflush                         
0000062f  fgetc                          
00002219  finddevice                     
000013e3  fopen                          
0000088b  free                           
000013b9  freopen                        
00002243  getdevice                      
00000000  interruptVectors               
00001691  main                           
20003824  main_func_sp                   
00000821  malloc                         
00000a55  memalign                       
00001ff9  memcpy                         
00002135  memset                         
000007a1  minit                          
2000320c  nc                             
20003210  nl                             
20003214  nr                             
00001d29  open                           
00000571  outnibble                      
200031c8  parmbuf                        
0000094b  realloc                        
000027bd  remove                         
00001b85  setvbuf                        
00002865  strchr                         
0000284d  strcmp                         
00002891  strcpy                         
000028a5  strlen                         
00002759  strncpy                        
0000066d  uart_close                     
000006eb  uart_lseek                     
0000065d  uart_open                      
0000067f  uart_read                      
00000707  uart_rename                    
000006fb  uart_unlink                    
000006a9  uart_write                     
000027bd  unlink                         
000027e9  write                          
20000000  x                              
20001000  x2                             
20002000  x3                             


GLOBAL SYMBOLS: SORTED BY Symbol Address 

address   name                           
-------   ----                           
00000000  __TI_static_base__             
00000000  interruptVectors               
000000e5  UART0_Init                     
0000012b  UART0_InChar                   
0000013b  UART0_OutChar                  
00000157  UART0_OutString                
00000175  UART0_InUDec                   
000001f9  UART0_OutUDec                  
00000200  __STACK_SIZE                   
00000365  UART0_OutUDec4                 
000003b9  UART0_OutUDec5                 
000003f5  UART0_OutUFix1                 
00000400  __SYSMEM_SIZE                  
0000041d  UART0_OutUFix2                 
00000469  UART0_InUHex                   
0000052d  UART0_OutUHex                  
00000571  outnibble                      
00000599  UART0_OutUHex2                 
000005b5  UART0_InString                 
0000062f  fgetc                          
0000064f  ferror                         
0000065d  uart_open                      
0000066d  uart_close                     
0000067f  uart_read                      
000006a9  uart_write                     
000006eb  uart_lseek                     
000006fb  uart_unlink                    
00000707  uart_rename                    
00000715  UART0_Initprintf               
000007a1  minit                          
00000821  malloc                         
0000088b  free                           
0000094b  realloc                        
00000a55  memalign                       
00000b41  calloc                         
00000b71  SystemCoreClockUpdate          
00000de5  SystemInit                     
00000e9d  LPF_Init                       
00000efb  LPF_Calc                       
00000f4f  LPF_Init2                      
00000fad  LPF_Calc2                      
00001001  LPF_Init3                      
0000105f  LPF_Calc3                      
000010e5  Clock_Init48MHz                
000011fb  Clock_GetFreq                  
00001201  delay                          
0000120f  Clock_Delay1us                 
00001239  Clock_Delay1ms                 
0000138d  __TI_cleanup                   
000013b9  freopen                        
000013e3  fopen                          
00001489  __aeabi_dsub                   
00001493  __aeabi_dadd                   
0000163f  __mpu_init                     
00001641  SensorRead_ISR                 
00001691  main                           
000017f5  ADC0_InitSWTriggerCh12         
00001845  ADC_In12                       
00001865  ADC0_InitSWTriggerCh17_12_16   
000018d5  ADC_In17_12_16                 
00001959  __aeabi_ddiv                   
00001a8f  _system_post_cinit             
00001a91  LaunchPad_Init                 
00001b01  LaunchPad_Input                
00001b1b  LaunchPad_LED                  
00001b39  LaunchPad_Output               
00001b85  setvbuf                        
00001c61  __TI_doflush                   
00001cad  fflush                         
00001d29  open                           
00001de5  add_device                     
00001e9d  LeftConvert                    
00001ec9  CenterConvert                  
00001ef5  RightConvert                   
00001f51  TimerA1_Init                   
00001faf  TimerA1_Stop                   
00001fc3  TA1_0_IRQHandler               
00001fc3  TA1_0_IRQHandler               
00001ff9  __aeabi_memcpy                 
00001ff9  __aeabi_memcpy4                
00001ff9  __aeabi_memcpy8                
00001ff9  memcpy                         
00002095  __TI_closefile                 
000020fb  fclose                         
0000212d  __aeabi_memclr                 
0000212d  __aeabi_memclr4                
0000212d  __aeabi_memclr8                
0000212f  __aeabi_memset                 
0000212f  __aeabi_memset4                
0000212f  __aeabi_memset8                
00002135  memset                         
000021a9  __TI_auto_init                 
00002219  finddevice                     
00002243  getdevice                      
00002289  __TI_decompress_lzss           
000022f1  HOSTlseek                      
00002359  HOSTrename                     
000023c1  __TI_writemsg                  
000023ef  C$$IO$$                        
000023f3  __TI_readmsg                   
00002429  HOSTopen                       
00002489  close                          
000024e5  HOSTread                       
0000253d  HOSTwrite                      
00002595  _c_int00                       
000025e9  C$$EXIT                        
000025ed  abort                          
000025f5  exit                           
0000263d  copy_in                        
00002689  __aeabi_d2iz                   
000026d1  HOSTclose                      
00002715  HOSTunlink                     
00002759  strncpy                        
0000278f  __aeabi_i2d                    
000027bd  remove                         
000027bd  unlink                         
000027e9  write                          
00002811  DisableInterrupts              
00002817  EnableInterrupts               
0000281d  StartCritical                  
00002827  EndCritical                    
0000282f  WaitForInterrupt               
00002835  _args_main                     
0000284d  strcmp                         
00002865  strchr                         
0000287d  _register_unlock               
00002883  _register_lock                 
0000288b  _nop                           
00002891  strcpy                         
000028a5  strlen                         
000028b9  __TI_decompress_none           
000028c7  Reset_Handler                  
000028d3  ADC14_IRQHandler               
000028d3  AES256_IRQHandler              
000028d3  BusFault_Handler               
000028d3  COMP_E0_IRQHandler             
000028d3  COMP_E1_IRQHandler             
000028d3  CS_IRQHandler                  
000028d3  DMA_ERR_IRQHandler             
000028d3  DMA_INT0_IRQHandler            
000028d3  DMA_INT1_IRQHandler            
000028d3  DMA_INT2_IRQHandler            
000028d3  DMA_INT3_IRQHandler            
000028d3  DebugMon_Handler               
000028d3  Default_Handler                
000028d3  EUSCIA0_IRQHandler             
000028d3  EUSCIA1_IRQHandler             
000028d3  EUSCIA2_IRQHandler             
000028d3  EUSCIA3_IRQHandler             
000028d3  EUSCIB0_IRQHandler             
000028d3  EUSCIB1_IRQHandler             
000028d3  EUSCIB2_IRQHandler             
000028d3  EUSCIB3_IRQHandler             
000028d3  FLCTL_IRQHandler               
000028d3  FPU_IRQHandler                 
000028d3  HardFault_Handler              
000028d3  MemManage_Handler              
000028d3  NMI_Handler                    
000028d3  PCM_IRQHandler                 
000028d3  PORT1_IRQHandler               
000028d3  PORT2_IRQHandler               
000028d3  PORT3_IRQHandler               
000028d3  PORT4_IRQHandler               
000028d3  PORT5_IRQHandler               
000028d3  PORT6_IRQHandler               
000028d3  PSS_IRQHandler                 
000028d3  PendSV_Handler                 
000028d3  RTC_C_IRQHandler               
000028d3  SVC_Handler                    
000028d3  SysTick_Handler                
000028d3  T32_INT1_IRQHandler            
000028d3  T32_INT2_IRQHandler            
000028d3  T32_INTC_IRQHandler            
000028d3  TA0_0_IRQHandler               
000028d3  TA0_N_IRQHandler               
000028d3  TA1_N_IRQHandler               
000028d3  TA2_0_IRQHandler               
000028d3  TA2_N_IRQHandler               
000028d3  TA3_0_IRQHandler               
000028d3  TA3_N_IRQHandler               
000028d3  UsageFault_Handler             
000028d3  WDT_A_IRQHandler               
000028d5  __TI_zero_init                 
000028e1  _system_pre_init               
00002960  __TI_Handler_Table_Base        
0000296c  __TI_Handler_Table_Limit       
00002978  __TI_CINIT_Base                
00002988  __TI_CINIT_Limit               
20000000  x                              
20001000  x2                             
20002000  x3                             
20003000  __CIOBUF_                      
20003120  __TI_tmpnams                   
200031c0  Messageb                       
200031c8  parmbuf                        
200031d0  ADCflag                        
200031d4  I1                             
200031d8  I2                             
200031dc  I3                             
200031e0  LPFSum                         
200031e4  LPFSum2                        
200031e8  LPFSum3                        
200031ec  Messageindexb                  
200031f0  Size                           
200031f4  Size2                          
200031f8  Size3                          
200031fc  TimerA1Task                    
20003200  a                              
20003204  b                              
20003208  c                              
2000320c  nc                             
20003210  nl                             
20003214  nr                             
20003218  _sys_memory                    
20003618  _ftable                        
20003708  _device                        
20003780  _stream                        
200037d0  ClockFrequency                 
200037d4  Prewait                        
200037d8  CPMwait                        
200037dc  Postwait                       
200037e0  IFlags                         
200037e4  Crystalstable                  
200037e8  __TI_ft_end                    
200037ec  __aeabi_stdin                  
200037f0  __aeabi_stdout                 
200037f4  __aeabi_stderr                 
200037f8  __TI_cleanup_ptr               
200037fc  __TI_dtors_ptr                 
20003800  __TI_enable_exit_profile_output
20003810  _lock                          
20003814  _unlock                        
20003824  main_func_sp                   
20003828  SystemCoreClock                
2000fe00  __stack                        
20010000  __STACK_END                    
4000480c  WDTCTL_SYM                     
ffffffff  __TI_pprof_out_hndl            
ffffffff  __TI_prof_data_size            
ffffffff  __TI_prof_data_start           
ffffffff  __binit__                      
ffffffff  __c_args__                     
ffffffff  binit                          
UNDEFED   SHT$$INIT_ARRAY$$Base          
UNDEFED   SHT$$INIT_ARRAY$$Limit         

[245 symbols]
